[0.079s] Invoking command in '/home/mpr/info_indus/ros2_ws/src/ecat_ros2_workshop/build/scara_nodes': CMAKE_PREFIX_PATH=${CMAKE_PREFIX_PATH}:/opt/ros/jazzy DEBUGINFOD_URLS=https://debuginfod.ubuntu.com /usr/bin/cmake --build /home/mpr/info_indus/ros2_ws/src/ecat_ros2_workshop/build/scara_nodes -- -j4 -l4
[0.245s] Invoked command in '/home/mpr/info_indus/ros2_ws/src/ecat_ros2_workshop/build/scara_nodes' returned '0': CMAKE_PREFIX_PATH=${CMAKE_PREFIX_PATH}:/opt/ros/jazzy DEBUGINFOD_URLS=https://debuginfod.ubuntu.com /usr/bin/cmake --build /home/mpr/info_indus/ros2_ws/src/ecat_ros2_workshop/build/scara_nodes -- -j4 -l4
[0.249s] Invoking command in '/home/mpr/info_indus/ros2_ws/src/ecat_ros2_workshop/build/scara_nodes': CMAKE_PREFIX_PATH=${CMAKE_PREFIX_PATH}:/opt/ros/jazzy DEBUGINFOD_URLS=https://debuginfod.ubuntu.com /usr/bin/cmake --install /home/mpr/info_indus/ros2_ws/src/ecat_ros2_workshop/build/scara_nodes
[0.299s] -- Install configuration: "Release"
[0.300s] -- Execute custom install script
[0.300s] -- Up-to-date symlink: /home/mpr/info_indus/ros2_ws/src/ecat_ros2_workshop/install/scara_nodes/lib/scara_nodes/trajectory_publisher.py
[0.300s] -- Up-to-date symlink: /home/mpr/info_indus/ros2_ws/src/ecat_ros2_workshop/install/scara_nodes/share/ament_index/resource_index/package_run_dependencies/scara_nodes
[0.301s] -- Up-to-date symlink: /home/mpr/info_indus/ros2_ws/src/ecat_ros2_workshop/install/scara_nodes/share/ament_index/resource_index/parent_prefix_path/scara_nodes
[0.301s] -- Up-to-date symlink: /home/mpr/info_indus/ros2_ws/src/ecat_ros2_workshop/install/scara_nodes/share/scara_nodes/environment/ament_prefix_path.sh
[0.301s] -- Up-to-date symlink: /home/mpr/info_indus/ros2_ws/src/ecat_ros2_workshop/install/scara_nodes/share/scara_nodes/environment/ament_prefix_path.dsv
[0.301s] -- Up-to-date symlink: /home/mpr/info_indus/ros2_ws/src/ecat_ros2_workshop/install/scara_nodes/share/scara_nodes/environment/path.sh
[0.302s] -- Up-to-date symlink: /home/mpr/info_indus/ros2_ws/src/ecat_ros2_workshop/install/scara_nodes/share/scara_nodes/environment/path.dsv
[0.302s] -- Up-to-date symlink: /home/mpr/info_indus/ros2_ws/src/ecat_ros2_workshop/install/scara_nodes/share/scara_nodes/local_setup.bash
[0.302s] -- Up-to-date symlink: /home/mpr/info_indus/ros2_ws/src/ecat_ros2_workshop/install/scara_nodes/share/scara_nodes/local_setup.sh
[0.302s] -- Up-to-date symlink: /home/mpr/info_indus/ros2_ws/src/ecat_ros2_workshop/install/scara_nodes/share/scara_nodes/local_setup.zsh
[0.303s] -- Up-to-date symlink: /home/mpr/info_indus/ros2_ws/src/ecat_ros2_workshop/install/scara_nodes/share/scara_nodes/local_setup.dsv
[0.304s] -- Symlinking: /home/mpr/info_indus/ros2_ws/src/ecat_ros2_workshop/install/scara_nodes/share/scara_nodes/package.dsv
[0.341s] -- Up-to-date symlink: /home/mpr/info_indus/ros2_ws/src/ecat_ros2_workshop/install/scara_nodes/share/ament_index/resource_index/packages/scara_nodes
[0.341s] -- Up-to-date symlink: /home/mpr/info_indus/ros2_ws/src/ecat_ros2_workshop/install/scara_nodes/share/scara_nodes/cmake/scara_nodesConfig.cmake
[0.341s] -- Up-to-date symlink: /home/mpr/info_indus/ros2_ws/src/ecat_ros2_workshop/install/scara_nodes/share/scara_nodes/cmake/scara_nodesConfig-version.cmake
[0.342s] -- Up-to-date symlink: /home/mpr/info_indus/ros2_ws/src/ecat_ros2_workshop/install/scara_nodes/share/scara_nodes/package.xml
[0.352s] Invoked command in '/home/mpr/info_indus/ros2_ws/src/ecat_ros2_workshop/build/scara_nodes' returned '0': CMAKE_PREFIX_PATH=${CMAKE_PREFIX_PATH}:/opt/ros/jazzy DEBUGINFOD_URLS=https://debuginfod.ubuntu.com /usr/bin/cmake --install /home/mpr/info_indus/ros2_ws/src/ecat_ros2_workshop/build/scara_nodes
