[0.046s] Invoking command in '/home/mpr/info_indus/ros2_ws/src/ecat_ros2_workshop/build/scara_nodes': CMAKE_PREFIX_PATH=${CMAKE_PREFIX_PATH}:/opt/ros/jazzy DEBUGINFOD_URLS=https://debuginfod.ubuntu.com /usr/bin/cmake /home/mpr/info_indus/ros2_ws/src/ecat_ros2_workshop/scara_nodes -DCMAKE_BUILD_TYPE=Release -DAMENT_CMAKE_SYMLINK_INSTALL=1 -DCMAKE_INSTALL_PREFIX=/home/mpr/info_indus/ros2_ws/src/ecat_ros2_workshop/install/scara_nodes
[0.301s] -- The C compiler identification is GNU 13.3.0
[0.531s] -- The CXX compiler identification is GNU 13.3.0
[0.609s] -- Detecting C compiler ABI info
[0.934s] -- Detecting C compiler ABI info - done
[0.956s] -- Check for working C compiler: /usr/bin/cc - skipped
[0.958s] -- Detecting C compile features
[0.960s] -- Detecting C compile features - done
[1.004s] -- Detecting CXX compiler ABI info
[1.348s] -- Detecting CXX compiler ABI info - done
[1.375s] -- Check for working CXX compiler: /usr/bin/c++ - skipped
[1.378s] -- Detecting CXX compile features
[1.379s] -- Detecting CXX compile features - done
[1.388s] -- Found ament_cmake: 2.5.4 (/opt/ros/jazzy/share/ament_cmake/cmake)
[1.882s] -- Found Python3: /usr/bin/python3 (found version "3.12.3") found components: Interpreter 
[2.121s] -- Override CMake install command with custom implementation using symlinks instead of copying resources
[2.245s] -- Found rclpy: 7.1.6 (/opt/ros/jazzy/share/rclpy/cmake)
[2.249s] -- Found trajectory_msgs: 5.3.6 (/opt/ros/jazzy/share/trajectory_msgs/cmake)
[2.339s] -- Found rosidl_generator_c: 4.6.6 (/opt/ros/jazzy/share/rosidl_generator_c/cmake)
[2.375s] -- Found rosidl_generator_cpp: 4.6.6 (/opt/ros/jazzy/share/rosidl_generator_cpp/cmake)
[2.415s] -- Using all available rosidl_typesupport_c: rosidl_typesupport_fastrtps_c;rosidl_typesupport_introspection_c
[2.469s] -- Using all available rosidl_typesupport_cpp: rosidl_typesupport_fastrtps_cpp;rosidl_typesupport_introspection_cpp
[2.733s] -- Found ament_lint_auto: 0.17.3 (/opt/ros/jazzy/share/ament_lint_auto/cmake)
[3.206s] -- Added test 'flake8' to check Python code syntax and style conventions
[3.207s] -- Configured 'flake8' exclude dirs and/or files: 
[3.208s] -- Added test 'lint_cmake' to check CMake code style
[3.209s] -- Added test 'pep257' to check Python code against some of the docstring style conventions in PEP 257
[3.212s] -- Added test 'xmllint' to check XML markup files
[3.223s] -- Configuring done (3.1s)
[3.226s] -- Generating done (0.0s)
[3.231s] -- Build files have been written to: /home/mpr/info_indus/ros2_ws/src/ecat_ros2_workshop/build/scara_nodes
[3.275s] Invoked command in '/home/mpr/info_indus/ros2_ws/src/ecat_ros2_workshop/build/scara_nodes' returned '0': CMAKE_PREFIX_PATH=${CMAKE_PREFIX_PATH}:/opt/ros/jazzy DEBUGINFOD_URLS=https://debuginfod.ubuntu.com /usr/bin/cmake /home/mpr/info_indus/ros2_ws/src/ecat_ros2_workshop/scara_nodes -DCMAKE_BUILD_TYPE=Release -DAMENT_CMAKE_SYMLINK_INSTALL=1 -DCMAKE_INSTALL_PREFIX=/home/mpr/info_indus/ros2_ws/src/ecat_ros2_workshop/install/scara_nodes
[3.278s] Invoking command in '/home/mpr/info_indus/ros2_ws/src/ecat_ros2_workshop/build/scara_nodes': CMAKE_PREFIX_PATH=${CMAKE_PREFIX_PATH}:/opt/ros/jazzy DEBUGINFOD_URLS=https://debuginfod.ubuntu.com /usr/bin/cmake --build /home/mpr/info_indus/ros2_ws/src/ecat_ros2_workshop/build/scara_nodes -- -j4 -l4
[3.397s] Invoked command in '/home/mpr/info_indus/ros2_ws/src/ecat_ros2_workshop/build/scara_nodes' returned '0': CMAKE_PREFIX_PATH=${CMAKE_PREFIX_PATH}:/opt/ros/jazzy DEBUGINFOD_URLS=https://debuginfod.ubuntu.com /usr/bin/cmake --build /home/mpr/info_indus/ros2_ws/src/ecat_ros2_workshop/build/scara_nodes -- -j4 -l4
[3.399s] Invoking command in '/home/mpr/info_indus/ros2_ws/src/ecat_ros2_workshop/build/scara_nodes': CMAKE_PREFIX_PATH=${CMAKE_PREFIX_PATH}:/opt/ros/jazzy DEBUGINFOD_URLS=https://debuginfod.ubuntu.com /usr/bin/cmake --install /home/mpr/info_indus/ros2_ws/src/ecat_ros2_workshop/build/scara_nodes
[3.422s] -- Install configuration: "Release"
[3.422s] -- Execute custom install script
[3.422s] -- Symlinking: /home/mpr/info_indus/ros2_ws/src/ecat_ros2_workshop/install/scara_nodes/lib/scara_nodes/trajectory_publisher.py
[3.446s] -- Symlinking: /home/mpr/info_indus/ros2_ws/src/ecat_ros2_workshop/install/scara_nodes/share/ament_index/resource_index/package_run_dependencies/scara_nodes
[3.476s] -- Symlinking: /home/mpr/info_indus/ros2_ws/src/ecat_ros2_workshop/install/scara_nodes/share/ament_index/resource_index/parent_prefix_path/scara_nodes
[3.506s] -- Symlinking: /home/mpr/info_indus/ros2_ws/src/ecat_ros2_workshop/install/scara_nodes/share/scara_nodes/environment/ament_prefix_path.sh
[3.528s] -- Symlinking: /home/mpr/info_indus/ros2_ws/src/ecat_ros2_workshop/install/scara_nodes/share/scara_nodes/environment/ament_prefix_path.dsv
[3.566s] -- Symlinking: /home/mpr/info_indus/ros2_ws/src/ecat_ros2_workshop/install/scara_nodes/share/scara_nodes/environment/path.sh
[3.596s] -- Symlinking: /home/mpr/info_indus/ros2_ws/src/ecat_ros2_workshop/install/scara_nodes/share/scara_nodes/environment/path.dsv
[3.617s] -- Symlinking: /home/mpr/info_indus/ros2_ws/src/ecat_ros2_workshop/install/scara_nodes/share/scara_nodes/local_setup.bash
[3.655s] -- Symlinking: /home/mpr/info_indus/ros2_ws/src/ecat_ros2_workshop/install/scara_nodes/share/scara_nodes/local_setup.sh
[3.686s] -- Symlinking: /home/mpr/info_indus/ros2_ws/src/ecat_ros2_workshop/install/scara_nodes/share/scara_nodes/local_setup.zsh
[3.712s] -- Symlinking: /home/mpr/info_indus/ros2_ws/src/ecat_ros2_workshop/install/scara_nodes/share/scara_nodes/local_setup.dsv
[3.758s] -- Symlinking: /home/mpr/info_indus/ros2_ws/src/ecat_ros2_workshop/install/scara_nodes/share/scara_nodes/package.dsv
[3.790s] -- Symlinking: /home/mpr/info_indus/ros2_ws/src/ecat_ros2_workshop/install/scara_nodes/share/ament_index/resource_index/packages/scara_nodes
[3.820s] -- Symlinking: /home/mpr/info_indus/ros2_ws/src/ecat_ros2_workshop/install/scara_nodes/share/scara_nodes/cmake/scara_nodesConfig.cmake
[3.869s] -- Symlinking: /home/mpr/info_indus/ros2_ws/src/ecat_ros2_workshop/install/scara_nodes/share/scara_nodes/cmake/scara_nodesConfig-version.cmake
[3.901s] -- Symlinking: /home/mpr/info_indus/ros2_ws/src/ecat_ros2_workshop/install/scara_nodes/share/scara_nodes/package.xml
[3.933s] Invoked command in '/home/mpr/info_indus/ros2_ws/src/ecat_ros2_workshop/build/scara_nodes' returned '0': CMAKE_PREFIX_PATH=${CMAKE_PREFIX_PATH}:/opt/ros/jazzy DEBUGINFOD_URLS=https://debuginfod.ubuntu.com /usr/bin/cmake --install /home/mpr/info_indus/ros2_ws/src/ecat_ros2_workshop/build/scara_nodes
