[0.149s] DEBUG:colcon:Command line arguments: ['/usr/bin/colcon', 'build', '--cmake-args', '-DCMAKE_BUILD_TYPE=Release', '--symlink-install']
[0.149s] DEBUG:colcon:Parsed command line arguments: Namespace(log_base=None, log_level=None, verb_name='build', build_base='build', install_base='install', merge_install=False, symlink_install=True, test_result_base=None, continue_on_error=False, executor='parallel', parallel_workers=4, event_handlers=None, ignore_user_meta=False, metas=['./colcon.meta'], base_paths=['.'], packages_ignore=None, packages_ignore_regex=None, paths=None, packages_up_to=None, packages_up_to_regex=None, packages_above=None, packages_above_and_dependencies=None, packages_above_depth=None, packages_select_by_dep=None, packages_skip_by_dep=None, packages_skip_up_to=None, packages_select_build_failed=False, packages_skip_build_finished=False, packages_select_test_failures=False, packages_skip_test_passed=False, packages_select=None, packages_skip=None, packages_select_regex=None, packages_skip_regex=None, packages_start=None, packages_end=None, allow_overriding=[], cmake_args=['-DCMAKE_BUILD_TYPE=Release'], cmake_target=None, cmake_target_skip_unavailable=False, cmake_clean_cache=False, cmake_clean_first=False, cmake_force_configure=False, ament_cmake_args=None, catkin_cmake_args=None, catkin_skip_building_tests=False, mixin_files=None, mixin=None, verb_parser=<colcon_mixin.mixin.mixin_argument.MixinArgumentDecorator object at 0xffff7df547d0>, verb_extension=<colcon_core.verb.build.BuildVerb object at 0xffff7e0d8620>, main=<bound method BuildVerb.main of <colcon_core.verb.build.BuildVerb object at 0xffff7e0d8620>>, mixin_verb=('build',))
[0.204s] Level 1:colcon.colcon_core.package_discovery:discover_packages(colcon_meta) check parameters
[0.204s] Level 1:colcon.colcon_core.package_discovery:discover_packages(recursive) check parameters
[0.204s] Level 1:colcon.colcon_core.package_discovery:discover_packages(ignore) check parameters
[0.204s] Level 1:colcon.colcon_core.package_discovery:discover_packages(path) check parameters
[0.204s] Level 1:colcon.colcon_core.package_discovery:discover_packages(colcon_meta) discover
[0.204s] Level 1:colcon.colcon_core.package_discovery:discover_packages(recursive) discover
[0.205s] INFO:colcon.colcon_core.package_discovery:Crawling recursively for packages in '/home/mpr/info_indus/ros2_ws/src/ecat_ros2_workshop'
[0.205s] Level 1:colcon.colcon_core.package_identification:_identify(.) by extensions ['ignore', 'ignore_ament_install']
[0.205s] Level 1:colcon.colcon_core.package_identification:_identify(.) by extension 'ignore'
[0.205s] Level 1:colcon.colcon_core.package_identification:_identify(.) by extension 'ignore_ament_install'
[0.205s] Level 1:colcon.colcon_core.package_identification:_identify(.) by extensions ['colcon_pkg']
[0.205s] Level 1:colcon.colcon_core.package_identification:_identify(.) by extension 'colcon_pkg'
[0.205s] Level 1:colcon.colcon_core.package_identification:_identify(.) by extensions ['colcon_meta']
[0.205s] Level 1:colcon.colcon_core.package_identification:_identify(.) by extension 'colcon_meta'
[0.205s] Level 1:colcon.colcon_core.package_identification:_identify(.) by extensions ['ros']
[0.205s] Level 1:colcon.colcon_core.package_identification:_identify(.) by extension 'ros'
[0.241s] Level 1:colcon.colcon_core.package_identification:_identify(.) by extensions ['cmake', 'python']
[0.241s] Level 1:colcon.colcon_core.package_identification:_identify(.) by extension 'cmake'
[0.241s] Level 1:colcon.colcon_core.package_identification:_identify(.) by extension 'python'
[0.241s] Level 1:colcon.colcon_core.package_identification:_identify(.) by extensions ['python_setup_py']
[0.241s] Level 1:colcon.colcon_core.package_identification:_identify(.) by extension 'python_setup_py'
[0.242s] Level 1:colcon.colcon_core.package_identification:_identify(build) by extensions ['ignore', 'ignore_ament_install']
[0.242s] Level 1:colcon.colcon_core.package_identification:_identify(build) by extension 'ignore'
[0.242s] Level 1:colcon.colcon_core.package_identification:_identify(build) ignored
[0.242s] Level 1:colcon.colcon_core.package_identification:_identify(docs) by extensions ['ignore', 'ignore_ament_install']
[0.242s] Level 1:colcon.colcon_core.package_identification:_identify(docs) by extension 'ignore'
[0.242s] Level 1:colcon.colcon_core.package_identification:_identify(docs) by extension 'ignore_ament_install'
[0.242s] Level 1:colcon.colcon_core.package_identification:_identify(docs) by extensions ['colcon_pkg']
[0.242s] Level 1:colcon.colcon_core.package_identification:_identify(docs) by extension 'colcon_pkg'
[0.242s] Level 1:colcon.colcon_core.package_identification:_identify(docs) by extensions ['colcon_meta']
[0.242s] Level 1:colcon.colcon_core.package_identification:_identify(docs) by extension 'colcon_meta'
[0.242s] Level 1:colcon.colcon_core.package_identification:_identify(docs) by extensions ['ros']
[0.242s] Level 1:colcon.colcon_core.package_identification:_identify(docs) by extension 'ros'
[0.242s] Level 1:colcon.colcon_core.package_identification:_identify(docs) by extensions ['cmake', 'python']
[0.243s] Level 1:colcon.colcon_core.package_identification:_identify(docs) by extension 'cmake'
[0.243s] Level 1:colcon.colcon_core.package_identification:_identify(docs) by extension 'python'
[0.243s] Level 1:colcon.colcon_core.package_identification:_identify(docs) by extensions ['python_setup_py']
[0.243s] Level 1:colcon.colcon_core.package_identification:_identify(docs) by extension 'python_setup_py'
[0.243s] Level 1:colcon.colcon_core.package_identification:_identify(docs/about) by extensions ['ignore', 'ignore_ament_install']
[0.243s] Level 1:colcon.colcon_core.package_identification:_identify(docs/about) by extension 'ignore'
[0.243s] Level 1:colcon.colcon_core.package_identification:_identify(docs/about) by extension 'ignore_ament_install'
[0.243s] Level 1:colcon.colcon_core.package_identification:_identify(docs/about) by extensions ['colcon_pkg']
[0.243s] Level 1:colcon.colcon_core.package_identification:_identify(docs/about) by extension 'colcon_pkg'
[0.243s] Level 1:colcon.colcon_core.package_identification:_identify(docs/about) by extensions ['colcon_meta']
[0.243s] Level 1:colcon.colcon_core.package_identification:_identify(docs/about) by extension 'colcon_meta'
[0.243s] Level 1:colcon.colcon_core.package_identification:_identify(docs/about) by extensions ['ros']
[0.243s] Level 1:colcon.colcon_core.package_identification:_identify(docs/about) by extension 'ros'
[0.243s] Level 1:colcon.colcon_core.package_identification:_identify(docs/about) by extensions ['cmake', 'python']
[0.243s] Level 1:colcon.colcon_core.package_identification:_identify(docs/about) by extension 'cmake'
[0.243s] Level 1:colcon.colcon_core.package_identification:_identify(docs/about) by extension 'python'
[0.243s] Level 1:colcon.colcon_core.package_identification:_identify(docs/about) by extensions ['python_setup_py']
[0.243s] Level 1:colcon.colcon_core.package_identification:_identify(docs/about) by extension 'python_setup_py'
[0.243s] Level 1:colcon.colcon_core.package_identification:_identify(docs/getting-started) by extensions ['ignore', 'ignore_ament_install']
[0.244s] Level 1:colcon.colcon_core.package_identification:_identify(docs/getting-started) by extension 'ignore'
[0.244s] Level 1:colcon.colcon_core.package_identification:_identify(docs/getting-started) by extension 'ignore_ament_install'
[0.244s] Level 1:colcon.colcon_core.package_identification:_identify(docs/getting-started) by extensions ['colcon_pkg']
[0.244s] Level 1:colcon.colcon_core.package_identification:_identify(docs/getting-started) by extension 'colcon_pkg'
[0.244s] Level 1:colcon.colcon_core.package_identification:_identify(docs/getting-started) by extensions ['colcon_meta']
[0.244s] Level 1:colcon.colcon_core.package_identification:_identify(docs/getting-started) by extension 'colcon_meta'
[0.244s] Level 1:colcon.colcon_core.package_identification:_identify(docs/getting-started) by extensions ['ros']
[0.244s] Level 1:colcon.colcon_core.package_identification:_identify(docs/getting-started) by extension 'ros'
[0.244s] Level 1:colcon.colcon_core.package_identification:_identify(docs/getting-started) by extensions ['cmake', 'python']
[0.244s] Level 1:colcon.colcon_core.package_identification:_identify(docs/getting-started) by extension 'cmake'
[0.244s] Level 1:colcon.colcon_core.package_identification:_identify(docs/getting-started) by extension 'python'
[0.244s] Level 1:colcon.colcon_core.package_identification:_identify(docs/getting-started) by extensions ['python_setup_py']
[0.244s] Level 1:colcon.colcon_core.package_identification:_identify(docs/getting-started) by extension 'python_setup_py'
[0.244s] Level 1:colcon.colcon_core.package_identification:_identify(docs/images) by extensions ['ignore', 'ignore_ament_install']
[0.244s] Level 1:colcon.colcon_core.package_identification:_identify(docs/images) by extension 'ignore'
[0.244s] Level 1:colcon.colcon_core.package_identification:_identify(docs/images) by extension 'ignore_ament_install'
[0.244s] Level 1:colcon.colcon_core.package_identification:_identify(docs/images) by extensions ['colcon_pkg']
[0.244s] Level 1:colcon.colcon_core.package_identification:_identify(docs/images) by extension 'colcon_pkg'
[0.244s] Level 1:colcon.colcon_core.package_identification:_identify(docs/images) by extensions ['colcon_meta']
[0.244s] Level 1:colcon.colcon_core.package_identification:_identify(docs/images) by extension 'colcon_meta'
[0.245s] Level 1:colcon.colcon_core.package_identification:_identify(docs/images) by extensions ['ros']
[0.245s] Level 1:colcon.colcon_core.package_identification:_identify(docs/images) by extension 'ros'
[0.245s] Level 1:colcon.colcon_core.package_identification:_identify(docs/images) by extensions ['cmake', 'python']
[0.245s] Level 1:colcon.colcon_core.package_identification:_identify(docs/images) by extension 'cmake'
[0.245s] Level 1:colcon.colcon_core.package_identification:_identify(docs/images) by extension 'python'
[0.245s] Level 1:colcon.colcon_core.package_identification:_identify(docs/images) by extensions ['python_setup_py']
[0.245s] Level 1:colcon.colcon_core.package_identification:_identify(docs/images) by extension 'python_setup_py'
[0.245s] Level 1:colcon.colcon_core.package_identification:_identify(docs/tutorials) by extensions ['ignore', 'ignore_ament_install']
[0.245s] Level 1:colcon.colcon_core.package_identification:_identify(docs/tutorials) by extension 'ignore'
[0.245s] Level 1:colcon.colcon_core.package_identification:_identify(docs/tutorials) by extension 'ignore_ament_install'
[0.245s] Level 1:colcon.colcon_core.package_identification:_identify(docs/tutorials) by extensions ['colcon_pkg']
[0.245s] Level 1:colcon.colcon_core.package_identification:_identify(docs/tutorials) by extension 'colcon_pkg'
[0.245s] Level 1:colcon.colcon_core.package_identification:_identify(docs/tutorials) by extensions ['colcon_meta']
[0.245s] Level 1:colcon.colcon_core.package_identification:_identify(docs/tutorials) by extension 'colcon_meta'
[0.245s] Level 1:colcon.colcon_core.package_identification:_identify(docs/tutorials) by extensions ['ros']
[0.245s] Level 1:colcon.colcon_core.package_identification:_identify(docs/tutorials) by extension 'ros'
[0.245s] Level 1:colcon.colcon_core.package_identification:_identify(docs/tutorials) by extensions ['cmake', 'python']
[0.245s] Level 1:colcon.colcon_core.package_identification:_identify(docs/tutorials) by extension 'cmake'
[0.245s] Level 1:colcon.colcon_core.package_identification:_identify(docs/tutorials) by extension 'python'
[0.245s] Level 1:colcon.colcon_core.package_identification:_identify(docs/tutorials) by extensions ['python_setup_py']
[0.245s] Level 1:colcon.colcon_core.package_identification:_identify(docs/tutorials) by extension 'python_setup_py'
[0.246s] Level 1:colcon.colcon_core.package_identification:_identify(install) by extensions ['ignore', 'ignore_ament_install']
[0.246s] Level 1:colcon.colcon_core.package_identification:_identify(install) by extension 'ignore'
[0.246s] Level 1:colcon.colcon_core.package_identification:_identify(install) ignored
[0.246s] Level 1:colcon.colcon_core.package_identification:_identify(log) by extensions ['ignore', 'ignore_ament_install']
[0.246s] Level 1:colcon.colcon_core.package_identification:_identify(log) by extension 'ignore'
[0.246s] Level 1:colcon.colcon_core.package_identification:_identify(log) ignored
[0.246s] Level 1:colcon.colcon_core.package_identification:_identify(resources) by extensions ['ignore', 'ignore_ament_install']
[0.246s] Level 1:colcon.colcon_core.package_identification:_identify(resources) by extension 'ignore'
[0.246s] Level 1:colcon.colcon_core.package_identification:_identify(resources) by extension 'ignore_ament_install'
[0.246s] Level 1:colcon.colcon_core.package_identification:_identify(resources) by extensions ['colcon_pkg']
[0.246s] Level 1:colcon.colcon_core.package_identification:_identify(resources) by extension 'colcon_pkg'
[0.246s] Level 1:colcon.colcon_core.package_identification:_identify(resources) by extensions ['colcon_meta']
[0.246s] Level 1:colcon.colcon_core.package_identification:_identify(resources) by extension 'colcon_meta'
[0.246s] Level 1:colcon.colcon_core.package_identification:_identify(resources) by extensions ['ros']
[0.246s] Level 1:colcon.colcon_core.package_identification:_identify(resources) by extension 'ros'
[0.247s] Level 1:colcon.colcon_core.package_identification:_identify(resources) by extensions ['cmake', 'python']
[0.247s] Level 1:colcon.colcon_core.package_identification:_identify(resources) by extension 'cmake'
[0.247s] Level 1:colcon.colcon_core.package_identification:_identify(resources) by extension 'python'
[0.247s] Level 1:colcon.colcon_core.package_identification:_identify(resources) by extensions ['python_setup_py']
[0.247s] Level 1:colcon.colcon_core.package_identification:_identify(resources) by extension 'python_setup_py'
[0.247s] Level 1:colcon.colcon_core.package_identification:_identify(scara_bringup) by extensions ['ignore', 'ignore_ament_install']
[0.247s] Level 1:colcon.colcon_core.package_identification:_identify(scara_bringup) by extension 'ignore'
[0.247s] Level 1:colcon.colcon_core.package_identification:_identify(scara_bringup) by extension 'ignore_ament_install'
[0.247s] Level 1:colcon.colcon_core.package_identification:_identify(scara_bringup) by extensions ['colcon_pkg']
[0.247s] Level 1:colcon.colcon_core.package_identification:_identify(scara_bringup) by extension 'colcon_pkg'
[0.247s] Level 1:colcon.colcon_core.package_identification:_identify(scara_bringup) by extensions ['colcon_meta']
[0.247s] Level 1:colcon.colcon_core.package_identification:_identify(scara_bringup) by extension 'colcon_meta'
[0.247s] Level 1:colcon.colcon_core.package_identification:_identify(scara_bringup) by extensions ['ros']
[0.247s] Level 1:colcon.colcon_core.package_identification:_identify(scara_bringup) by extension 'ros'
[0.253s] DEBUG:colcon.colcon_core.package_identification:Package 'scara_bringup' with type 'ros.ament_cmake' and name 'scara_bringup'
[0.253s] Level 1:colcon.colcon_core.package_identification:_identify(scara_controllers) by extensions ['ignore', 'ignore_ament_install']
[0.253s] Level 1:colcon.colcon_core.package_identification:_identify(scara_controllers) by extension 'ignore'
[0.253s] Level 1:colcon.colcon_core.package_identification:_identify(scara_controllers) by extension 'ignore_ament_install'
[0.253s] Level 1:colcon.colcon_core.package_identification:_identify(scara_controllers) by extensions ['colcon_pkg']
[0.253s] Level 1:colcon.colcon_core.package_identification:_identify(scara_controllers) by extension 'colcon_pkg'
[0.253s] Level 1:colcon.colcon_core.package_identification:_identify(scara_controllers) by extensions ['colcon_meta']
[0.253s] Level 1:colcon.colcon_core.package_identification:_identify(scara_controllers) by extension 'colcon_meta'
[0.253s] Level 1:colcon.colcon_core.package_identification:_identify(scara_controllers) by extensions ['ros']
[0.253s] Level 1:colcon.colcon_core.package_identification:_identify(scara_controllers) by extension 'ros'
[0.253s] Level 1:colcon.colcon_core.package_identification:_identify(scara_controllers) by extensions ['cmake', 'python']
[0.253s] Level 1:colcon.colcon_core.package_identification:_identify(scara_controllers) by extension 'cmake'
[0.253s] Level 1:colcon.colcon_core.package_identification:_identify(scara_controllers) by extension 'python'
[0.253s] Level 1:colcon.colcon_core.package_identification:_identify(scara_controllers) by extensions ['python_setup_py']
[0.253s] Level 1:colcon.colcon_core.package_identification:_identify(scara_controllers) by extension 'python_setup_py'
[0.254s] Level 1:colcon.colcon_core.package_identification:_identify(scara_controllers/scara_joint_velocity_controller) by extensions ['ignore', 'ignore_ament_install']
[0.254s] Level 1:colcon.colcon_core.package_identification:_identify(scara_controllers/scara_joint_velocity_controller) by extension 'ignore'
[0.254s] Level 1:colcon.colcon_core.package_identification:_identify(scara_controllers/scara_joint_velocity_controller) by extension 'ignore_ament_install'
[0.254s] Level 1:colcon.colcon_core.package_identification:_identify(scara_controllers/scara_joint_velocity_controller) by extensions ['colcon_pkg']
[0.254s] Level 1:colcon.colcon_core.package_identification:_identify(scara_controllers/scara_joint_velocity_controller) by extension 'colcon_pkg'
[0.254s] Level 1:colcon.colcon_core.package_identification:_identify(scara_controllers/scara_joint_velocity_controller) by extensions ['colcon_meta']
[0.254s] Level 1:colcon.colcon_core.package_identification:_identify(scara_controllers/scara_joint_velocity_controller) by extension 'colcon_meta'
[0.254s] Level 1:colcon.colcon_core.package_identification:_identify(scara_controllers/scara_joint_velocity_controller) by extensions ['ros']
[0.254s] Level 1:colcon.colcon_core.package_identification:_identify(scara_controllers/scara_joint_velocity_controller) by extension 'ros'
[0.255s] DEBUG:colcon.colcon_core.package_identification:Package 'scara_controllers/scara_joint_velocity_controller' with type 'ros.ament_cmake' and name 'scara_joint_velocity_controller'
[0.255s] Level 1:colcon.colcon_core.package_identification:_identify(scara_description) by extensions ['ignore', 'ignore_ament_install']
[0.255s] Level 1:colcon.colcon_core.package_identification:_identify(scara_description) by extension 'ignore'
[0.255s] Level 1:colcon.colcon_core.package_identification:_identify(scara_description) by extension 'ignore_ament_install'
[0.255s] Level 1:colcon.colcon_core.package_identification:_identify(scara_description) by extensions ['colcon_pkg']
[0.255s] Level 1:colcon.colcon_core.package_identification:_identify(scara_description) by extension 'colcon_pkg'
[0.255s] Level 1:colcon.colcon_core.package_identification:_identify(scara_description) by extensions ['colcon_meta']
[0.255s] Level 1:colcon.colcon_core.package_identification:_identify(scara_description) by extension 'colcon_meta'
[0.255s] Level 1:colcon.colcon_core.package_identification:_identify(scara_description) by extensions ['ros']
[0.255s] Level 1:colcon.colcon_core.package_identification:_identify(scara_description) by extension 'ros'
[0.256s] DEBUG:colcon.colcon_core.package_identification:Package 'scara_description' with type 'ros.ament_cmake' and name 'scara_description'
[0.256s] Level 1:colcon.colcon_core.package_identification:_identify(scara_hardware) by extensions ['ignore', 'ignore_ament_install']
[0.256s] Level 1:colcon.colcon_core.package_identification:_identify(scara_hardware) by extension 'ignore'
[0.256s] Level 1:colcon.colcon_core.package_identification:_identify(scara_hardware) by extension 'ignore_ament_install'
[0.256s] Level 1:colcon.colcon_core.package_identification:_identify(scara_hardware) by extensions ['colcon_pkg']
[0.256s] Level 1:colcon.colcon_core.package_identification:_identify(scara_hardware) by extension 'colcon_pkg'
[0.256s] Level 1:colcon.colcon_core.package_identification:_identify(scara_hardware) by extensions ['colcon_meta']
[0.256s] Level 1:colcon.colcon_core.package_identification:_identify(scara_hardware) by extension 'colcon_meta'
[0.256s] Level 1:colcon.colcon_core.package_identification:_identify(scara_hardware) by extensions ['ros']
[0.256s] Level 1:colcon.colcon_core.package_identification:_identify(scara_hardware) by extension 'ros'
[0.258s] DEBUG:colcon.colcon_core.package_identification:Package 'scara_hardware' with type 'ros.ament_cmake' and name 'scara_hardware'
[0.258s] Level 1:colcon.colcon_core.package_identification:_identify(scara_nodes) by extensions ['ignore', 'ignore_ament_install']
[0.258s] Level 1:colcon.colcon_core.package_identification:_identify(scara_nodes) by extension 'ignore'
[0.258s] Level 1:colcon.colcon_core.package_identification:_identify(scara_nodes) by extension 'ignore_ament_install'
[0.258s] Level 1:colcon.colcon_core.package_identification:_identify(scara_nodes) by extensions ['colcon_pkg']
[0.258s] Level 1:colcon.colcon_core.package_identification:_identify(scara_nodes) by extension 'colcon_pkg'
[0.258s] Level 1:colcon.colcon_core.package_identification:_identify(scara_nodes) by extensions ['colcon_meta']
[0.258s] Level 1:colcon.colcon_core.package_identification:_identify(scara_nodes) by extension 'colcon_meta'
[0.258s] Level 1:colcon.colcon_core.package_identification:_identify(scara_nodes) by extensions ['ros']
[0.258s] Level 1:colcon.colcon_core.package_identification:_identify(scara_nodes) by extension 'ros'
[0.259s] DEBUG:colcon.colcon_core.package_identification:Package 'scara_nodes' with type 'ros.ament_cmake' and name 'scara_nodes'
[0.259s] Level 1:colcon.colcon_core.package_discovery:discover_packages(recursive) using defaults
[0.259s] Level 1:colcon.colcon_core.package_discovery:discover_packages(ignore) discover
[0.259s] Level 1:colcon.colcon_core.package_discovery:discover_packages(ignore) using defaults
[0.259s] Level 1:colcon.colcon_core.package_discovery:discover_packages(path) discover
[0.259s] Level 1:colcon.colcon_core.package_discovery:discover_packages(path) using defaults
[0.283s] Level 1:colcon.colcon_core.package_discovery:discover_packages(prefix_path) check parameters
[0.283s] Level 1:colcon.colcon_core.package_discovery:discover_packages(prefix_path) discover
[0.285s] DEBUG:colcon.colcon_installed_package_information.package_discovery:Found 5 installed packages in /home/mpr/info_indus/ros2_ws/src/ecat_ros2_workshop/install
[0.288s] DEBUG:colcon.colcon_installed_package_information.package_discovery:Found 368 installed packages in /opt/ros/jazzy
[0.289s] Level 1:colcon.colcon_core.package_discovery:discover_packages(prefix_path) using defaults
[0.361s] Level 5:colcon.colcon_core.verb:set package 'scara_bringup' build argument 'cmake_args' from command line to '['-DCMAKE_BUILD_TYPE=Release']'
[0.361s] Level 5:colcon.colcon_core.verb:set package 'scara_bringup' build argument 'cmake_target' from command line to 'None'
[0.361s] Level 5:colcon.colcon_core.verb:set package 'scara_bringup' build argument 'cmake_target_skip_unavailable' from command line to 'False'
[0.361s] Level 5:colcon.colcon_core.verb:set package 'scara_bringup' build argument 'cmake_clean_cache' from command line to 'False'
[0.361s] Level 5:colcon.colcon_core.verb:set package 'scara_bringup' build argument 'cmake_clean_first' from command line to 'False'
[0.361s] Level 5:colcon.colcon_core.verb:set package 'scara_bringup' build argument 'cmake_force_configure' from command line to 'False'
[0.361s] Level 5:colcon.colcon_core.verb:set package 'scara_bringup' build argument 'ament_cmake_args' from command line to 'None'
[0.361s] Level 5:colcon.colcon_core.verb:set package 'scara_bringup' build argument 'catkin_cmake_args' from command line to 'None'
[0.361s] Level 5:colcon.colcon_core.verb:set package 'scara_bringup' build argument 'catkin_skip_building_tests' from command line to 'False'
[0.361s] DEBUG:colcon.colcon_core.verb:Building package 'scara_bringup' with the following arguments: {'ament_cmake_args': None, 'build_base': '/home/mpr/info_indus/ros2_ws/src/ecat_ros2_workshop/build/scara_bringup', 'catkin_cmake_args': None, 'catkin_skip_building_tests': False, 'cmake_args': ['-DCMAKE_BUILD_TYPE=Release'], 'cmake_clean_cache': False, 'cmake_clean_first': False, 'cmake_force_configure': False, 'cmake_target': None, 'cmake_target_skip_unavailable': False, 'install_base': '/home/mpr/info_indus/ros2_ws/src/ecat_ros2_workshop/install/scara_bringup', 'merge_install': False, 'path': '/home/mpr/info_indus/ros2_ws/src/ecat_ros2_workshop/scara_bringup', 'symlink_install': True, 'test_result_base': None}
[0.362s] Level 5:colcon.colcon_core.verb:set package 'scara_description' build argument 'cmake_args' from command line to '['-DCMAKE_BUILD_TYPE=Release']'
[0.362s] Level 5:colcon.colcon_core.verb:set package 'scara_description' build argument 'cmake_target' from command line to 'None'
[0.362s] Level 5:colcon.colcon_core.verb:set package 'scara_description' build argument 'cmake_target_skip_unavailable' from command line to 'False'
[0.362s] Level 5:colcon.colcon_core.verb:set package 'scara_description' build argument 'cmake_clean_cache' from command line to 'False'
[0.362s] Level 5:colcon.colcon_core.verb:set package 'scara_description' build argument 'cmake_clean_first' from command line to 'False'
[0.362s] Level 5:colcon.colcon_core.verb:set package 'scara_description' build argument 'cmake_force_configure' from command line to 'False'
[0.362s] Level 5:colcon.colcon_core.verb:set package 'scara_description' build argument 'ament_cmake_args' from command line to 'None'
[0.362s] Level 5:colcon.colcon_core.verb:set package 'scara_description' build argument 'catkin_cmake_args' from command line to 'None'
[0.362s] Level 5:colcon.colcon_core.verb:set package 'scara_description' build argument 'catkin_skip_building_tests' from command line to 'False'
[0.362s] DEBUG:colcon.colcon_core.verb:Building package 'scara_description' with the following arguments: {'ament_cmake_args': None, 'build_base': '/home/mpr/info_indus/ros2_ws/src/ecat_ros2_workshop/build/scara_description', 'catkin_cmake_args': None, 'catkin_skip_building_tests': False, 'cmake_args': ['-DCMAKE_BUILD_TYPE=Release'], 'cmake_clean_cache': False, 'cmake_clean_first': False, 'cmake_force_configure': False, 'cmake_target': None, 'cmake_target_skip_unavailable': False, 'install_base': '/home/mpr/info_indus/ros2_ws/src/ecat_ros2_workshop/install/scara_description', 'merge_install': False, 'path': '/home/mpr/info_indus/ros2_ws/src/ecat_ros2_workshop/scara_description', 'symlink_install': True, 'test_result_base': None}
[0.362s] Level 5:colcon.colcon_core.verb:set package 'scara_joint_velocity_controller' build argument 'cmake_args' from command line to '['-DCMAKE_BUILD_TYPE=Release']'
[0.362s] Level 5:colcon.colcon_core.verb:set package 'scara_joint_velocity_controller' build argument 'cmake_target' from command line to 'None'
[0.362s] Level 5:colcon.colcon_core.verb:set package 'scara_joint_velocity_controller' build argument 'cmake_target_skip_unavailable' from command line to 'False'
[0.362s] Level 5:colcon.colcon_core.verb:set package 'scara_joint_velocity_controller' build argument 'cmake_clean_cache' from command line to 'False'
[0.362s] Level 5:colcon.colcon_core.verb:set package 'scara_joint_velocity_controller' build argument 'cmake_clean_first' from command line to 'False'
[0.362s] Level 5:colcon.colcon_core.verb:set package 'scara_joint_velocity_controller' build argument 'cmake_force_configure' from command line to 'False'
[0.362s] Level 5:colcon.colcon_core.verb:set package 'scara_joint_velocity_controller' build argument 'ament_cmake_args' from command line to 'None'
[0.362s] Level 5:colcon.colcon_core.verb:set package 'scara_joint_velocity_controller' build argument 'catkin_cmake_args' from command line to 'None'
[0.362s] Level 5:colcon.colcon_core.verb:set package 'scara_joint_velocity_controller' build argument 'catkin_skip_building_tests' from command line to 'False'
[0.362s] DEBUG:colcon.colcon_core.verb:Building package 'scara_joint_velocity_controller' with the following arguments: {'ament_cmake_args': None, 'build_base': '/home/mpr/info_indus/ros2_ws/src/ecat_ros2_workshop/build/scara_joint_velocity_controller', 'catkin_cmake_args': None, 'catkin_skip_building_tests': False, 'cmake_args': ['-DCMAKE_BUILD_TYPE=Release'], 'cmake_clean_cache': False, 'cmake_clean_first': False, 'cmake_force_configure': False, 'cmake_target': None, 'cmake_target_skip_unavailable': False, 'install_base': '/home/mpr/info_indus/ros2_ws/src/ecat_ros2_workshop/install/scara_joint_velocity_controller', 'merge_install': False, 'path': '/home/mpr/info_indus/ros2_ws/src/ecat_ros2_workshop/scara_controllers/scara_joint_velocity_controller', 'symlink_install': True, 'test_result_base': None}
[0.363s] Level 5:colcon.colcon_core.verb:set package 'scara_nodes' build argument 'cmake_args' from command line to '['-DCMAKE_BUILD_TYPE=Release']'
[0.363s] Level 5:colcon.colcon_core.verb:set package 'scara_nodes' build argument 'cmake_target' from command line to 'None'
[0.363s] Level 5:colcon.colcon_core.verb:set package 'scara_nodes' build argument 'cmake_target_skip_unavailable' from command line to 'False'
[0.363s] Level 5:colcon.colcon_core.verb:set package 'scara_nodes' build argument 'cmake_clean_cache' from command line to 'False'
[0.363s] Level 5:colcon.colcon_core.verb:set package 'scara_nodes' build argument 'cmake_clean_first' from command line to 'False'
[0.363s] Level 5:colcon.colcon_core.verb:set package 'scara_nodes' build argument 'cmake_force_configure' from command line to 'False'
[0.363s] Level 5:colcon.colcon_core.verb:set package 'scara_nodes' build argument 'ament_cmake_args' from command line to 'None'
[0.363s] Level 5:colcon.colcon_core.verb:set package 'scara_nodes' build argument 'catkin_cmake_args' from command line to 'None'
[0.363s] Level 5:colcon.colcon_core.verb:set package 'scara_nodes' build argument 'catkin_skip_building_tests' from command line to 'False'
[0.363s] DEBUG:colcon.colcon_core.verb:Building package 'scara_nodes' with the following arguments: {'ament_cmake_args': None, 'build_base': '/home/mpr/info_indus/ros2_ws/src/ecat_ros2_workshop/build/scara_nodes', 'catkin_cmake_args': None, 'catkin_skip_building_tests': False, 'cmake_args': ['-DCMAKE_BUILD_TYPE=Release'], 'cmake_clean_cache': False, 'cmake_clean_first': False, 'cmake_force_configure': False, 'cmake_target': None, 'cmake_target_skip_unavailable': False, 'install_base': '/home/mpr/info_indus/ros2_ws/src/ecat_ros2_workshop/install/scara_nodes', 'merge_install': False, 'path': '/home/mpr/info_indus/ros2_ws/src/ecat_ros2_workshop/scara_nodes', 'symlink_install': True, 'test_result_base': None}
[0.363s] Level 5:colcon.colcon_core.verb:set package 'scara_hardware' build argument 'cmake_args' from command line to '['-DCMAKE_BUILD_TYPE=Release']'
[0.363s] Level 5:colcon.colcon_core.verb:set package 'scara_hardware' build argument 'cmake_target' from command line to 'None'
[0.363s] Level 5:colcon.colcon_core.verb:set package 'scara_hardware' build argument 'cmake_target_skip_unavailable' from command line to 'False'
[0.363s] Level 5:colcon.colcon_core.verb:set package 'scara_hardware' build argument 'cmake_clean_cache' from command line to 'False'
[0.363s] Level 5:colcon.colcon_core.verb:set package 'scara_hardware' build argument 'cmake_clean_first' from command line to 'False'
[0.363s] Level 5:colcon.colcon_core.verb:set package 'scara_hardware' build argument 'cmake_force_configure' from command line to 'False'
[0.363s] Level 5:colcon.colcon_core.verb:set package 'scara_hardware' build argument 'ament_cmake_args' from command line to 'None'
[0.363s] Level 5:colcon.colcon_core.verb:set package 'scara_hardware' build argument 'catkin_cmake_args' from command line to 'None'
[0.363s] Level 5:colcon.colcon_core.verb:set package 'scara_hardware' build argument 'catkin_skip_building_tests' from command line to 'False'
[0.363s] DEBUG:colcon.colcon_core.verb:Building package 'scara_hardware' with the following arguments: {'ament_cmake_args': None, 'build_base': '/home/mpr/info_indus/ros2_ws/src/ecat_ros2_workshop/build/scara_hardware', 'catkin_cmake_args': None, 'catkin_skip_building_tests': False, 'cmake_args': ['-DCMAKE_BUILD_TYPE=Release'], 'cmake_clean_cache': False, 'cmake_clean_first': False, 'cmake_force_configure': False, 'cmake_target': None, 'cmake_target_skip_unavailable': False, 'install_base': '/home/mpr/info_indus/ros2_ws/src/ecat_ros2_workshop/install/scara_hardware', 'merge_install': False, 'path': '/home/mpr/info_indus/ros2_ws/src/ecat_ros2_workshop/scara_hardware', 'symlink_install': True, 'test_result_base': None}
[0.364s] INFO:colcon.colcon_core.executor:Executing jobs using 'parallel' executor
[0.365s] DEBUG:colcon.colcon_parallel_executor.executor.parallel:run_until_complete
[0.365s] INFO:colcon.colcon_ros.task.ament_cmake.build:Building ROS package in '/home/mpr/info_indus/ros2_ws/src/ecat_ros2_workshop/scara_description' with build type 'ament_cmake'
[0.366s] INFO:colcon.colcon_cmake.task.cmake.build:Building CMake package in '/home/mpr/info_indus/ros2_ws/src/ecat_ros2_workshop/scara_description'
[0.368s] INFO:colcon.colcon_core.plugin_system:Skipping extension 'colcon_core.shell.bat': Not used on non-Windows systems
[0.368s] INFO:colcon.colcon_core.shell:Skip shell extension 'powershell' for command environment: Not usable outside of PowerShell
[0.368s] DEBUG:colcon.colcon_core.shell:Skip shell extension 'dsv' for command environment
[0.374s] INFO:colcon.colcon_ros.task.ament_cmake.build:Building ROS package in '/home/mpr/info_indus/ros2_ws/src/ecat_ros2_workshop/scara_bringup' with build type 'ament_cmake'
[0.375s] INFO:colcon.colcon_cmake.task.cmake.build:Building CMake package in '/home/mpr/info_indus/ros2_ws/src/ecat_ros2_workshop/scara_bringup'
[0.375s] INFO:colcon.colcon_core.shell:Skip shell extension 'powershell' for command environment: Not usable outside of PowerShell
[0.375s] DEBUG:colcon.colcon_core.shell:Skip shell extension 'dsv' for command environment
[0.382s] INFO:colcon.colcon_ros.task.ament_cmake.build:Building ROS package in '/home/mpr/info_indus/ros2_ws/src/ecat_ros2_workshop/scara_controllers/scara_joint_velocity_controller' with build type 'ament_cmake'
[0.382s] INFO:colcon.colcon_cmake.task.cmake.build:Building CMake package in '/home/mpr/info_indus/ros2_ws/src/ecat_ros2_workshop/scara_controllers/scara_joint_velocity_controller'
[0.382s] INFO:colcon.colcon_core.shell:Skip shell extension 'powershell' for command environment: Not usable outside of PowerShell
[0.383s] DEBUG:colcon.colcon_core.shell:Skip shell extension 'dsv' for command environment
[0.393s] INFO:colcon.colcon_ros.task.ament_cmake.build:Building ROS package in '/home/mpr/info_indus/ros2_ws/src/ecat_ros2_workshop/scara_nodes' with build type 'ament_cmake'
[0.393s] INFO:colcon.colcon_cmake.task.cmake.build:Building CMake package in '/home/mpr/info_indus/ros2_ws/src/ecat_ros2_workshop/scara_nodes'
[0.394s] INFO:colcon.colcon_core.shell:Skip shell extension 'powershell' for command environment: Not usable outside of PowerShell
[0.394s] DEBUG:colcon.colcon_core.shell:Skip shell extension 'dsv' for command environment
[0.412s] DEBUG:colcon.colcon_core.event_handler.log_command:Invoking command in '/home/mpr/info_indus/ros2_ws/src/ecat_ros2_workshop/build/scara_description': CMAKE_PREFIX_PATH=${CMAKE_PREFIX_PATH}:/opt/ros/jazzy DEBUGINFOD_URLS=https://debuginfod.ubuntu.com /usr/bin/cmake --build /home/mpr/info_indus/ros2_ws/src/ecat_ros2_workshop/build/scara_description -- -j4 -l4
[0.424s] DEBUG:colcon.colcon_core.event_handler.log_command:Invoking command in '/home/mpr/info_indus/ros2_ws/src/ecat_ros2_workshop/build/scara_bringup': CMAKE_PREFIX_PATH=${CMAKE_PREFIX_PATH}:/opt/ros/jazzy DEBUGINFOD_URLS=https://debuginfod.ubuntu.com /usr/bin/cmake --build /home/mpr/info_indus/ros2_ws/src/ecat_ros2_workshop/build/scara_bringup -- -j4 -l4
[0.430s] DEBUG:colcon.colcon_core.event_handler.log_command:Invoking command in '/home/mpr/info_indus/ros2_ws/src/ecat_ros2_workshop/build/scara_joint_velocity_controller': CMAKE_PREFIX_PATH=${CMAKE_PREFIX_PATH}:/opt/ros/jazzy DEBUGINFOD_URLS=https://debuginfod.ubuntu.com /usr/bin/cmake --build /home/mpr/info_indus/ros2_ws/src/ecat_ros2_workshop/build/scara_joint_velocity_controller -- -j4 -l4
[0.473s] DEBUG:colcon.colcon_core.event_handler.log_command:Invoking command in '/home/mpr/info_indus/ros2_ws/src/ecat_ros2_workshop/build/scara_nodes': CMAKE_PREFIX_PATH=${CMAKE_PREFIX_PATH}:/opt/ros/jazzy DEBUGINFOD_URLS=https://debuginfod.ubuntu.com /usr/bin/cmake --build /home/mpr/info_indus/ros2_ws/src/ecat_ros2_workshop/build/scara_nodes -- -j4 -l4
[0.571s] DEBUG:colcon.colcon_core.event_handler.log_command:Invoked command in '/home/mpr/info_indus/ros2_ws/src/ecat_ros2_workshop/build/scara_description' returned '0': CMAKE_PREFIX_PATH=${CMAKE_PREFIX_PATH}:/opt/ros/jazzy DEBUGINFOD_URLS=https://debuginfod.ubuntu.com /usr/bin/cmake --build /home/mpr/info_indus/ros2_ws/src/ecat_ros2_workshop/build/scara_description -- -j4 -l4
[0.626s] DEBUG:colcon.colcon_core.event_handler.log_command:Invoking command in '/home/mpr/info_indus/ros2_ws/src/ecat_ros2_workshop/build/scara_description': CMAKE_PREFIX_PATH=${CMAKE_PREFIX_PATH}:/opt/ros/jazzy DEBUGINFOD_URLS=https://debuginfod.ubuntu.com /usr/bin/cmake --install /home/mpr/info_indus/ros2_ws/src/ecat_ros2_workshop/build/scara_description
[0.639s] DEBUG:colcon.colcon_core.event_handler.log_command:Invoked command in '/home/mpr/info_indus/ros2_ws/src/ecat_ros2_workshop/build/scara_nodes' returned '0': CMAKE_PREFIX_PATH=${CMAKE_PREFIX_PATH}:/opt/ros/jazzy DEBUGINFOD_URLS=https://debuginfod.ubuntu.com /usr/bin/cmake --build /home/mpr/info_indus/ros2_ws/src/ecat_ros2_workshop/build/scara_nodes -- -j4 -l4
[0.644s] DEBUG:colcon.colcon_core.event_handler.log_command:Invoking command in '/home/mpr/info_indus/ros2_ws/src/ecat_ros2_workshop/build/scara_nodes': CMAKE_PREFIX_PATH=${CMAKE_PREFIX_PATH}:/opt/ros/jazzy DEBUGINFOD_URLS=https://debuginfod.ubuntu.com /usr/bin/cmake --install /home/mpr/info_indus/ros2_ws/src/ecat_ros2_workshop/build/scara_nodes
[0.651s] DEBUG:colcon.colcon_core.event_handler.log_command:Invoked command in '/home/mpr/info_indus/ros2_ws/src/ecat_ros2_workshop/build/scara_bringup' returned '0': CMAKE_PREFIX_PATH=${CMAKE_PREFIX_PATH}:/opt/ros/jazzy DEBUGINFOD_URLS=https://debuginfod.ubuntu.com /usr/bin/cmake --build /home/mpr/info_indus/ros2_ws/src/ecat_ros2_workshop/build/scara_bringup -- -j4 -l4
[0.653s] DEBUG:colcon.colcon_core.event_handler.log_command:Invoking command in '/home/mpr/info_indus/ros2_ws/src/ecat_ros2_workshop/build/scara_bringup': CMAKE_PREFIX_PATH=${CMAKE_PREFIX_PATH}:/opt/ros/jazzy DEBUGINFOD_URLS=https://debuginfod.ubuntu.com /usr/bin/cmake --install /home/mpr/info_indus/ros2_ws/src/ecat_ros2_workshop/build/scara_bringup
[0.741s] Level 1:colcon.colcon_core.environment:create_environment_scripts_only(scara_nodes)
[0.746s] DEBUG:colcon.colcon_core.event_handler.log_command:Invoked command in '/home/mpr/info_indus/ros2_ws/src/ecat_ros2_workshop/build/scara_nodes' returned '0': CMAKE_PREFIX_PATH=${CMAKE_PREFIX_PATH}:/opt/ros/jazzy DEBUGINFOD_URLS=https://debuginfod.ubuntu.com /usr/bin/cmake --install /home/mpr/info_indus/ros2_ws/src/ecat_ros2_workshop/build/scara_nodes
[0.752s] Level 1:colcon.colcon_core.environment:checking '/home/mpr/info_indus/ros2_ws/src/ecat_ros2_workshop/install/scara_nodes' for CMake module files
[0.753s] Level 1:colcon.colcon_core.environment:checking '/home/mpr/info_indus/ros2_ws/src/ecat_ros2_workshop/install/scara_nodes' for CMake config files
[0.754s] Level 1:colcon.colcon_core.shell:create_environment_hook('scara_nodes', 'cmake_prefix_path')
[0.755s] INFO:colcon.colcon_core.shell:Creating environment hook '/home/mpr/info_indus/ros2_ws/src/ecat_ros2_workshop/install/scara_nodes/share/scara_nodes/hook/cmake_prefix_path.ps1'
[0.757s] INFO:colcon.colcon_core.shell:Creating environment descriptor '/home/mpr/info_indus/ros2_ws/src/ecat_ros2_workshop/install/scara_nodes/share/scara_nodes/hook/cmake_prefix_path.dsv'
[0.758s] INFO:colcon.colcon_core.shell:Creating environment hook '/home/mpr/info_indus/ros2_ws/src/ecat_ros2_workshop/install/scara_nodes/share/scara_nodes/hook/cmake_prefix_path.sh'
[0.760s] Level 1:colcon.colcon_core.environment:checking '/home/mpr/info_indus/ros2_ws/src/ecat_ros2_workshop/install/scara_nodes/lib'
[0.761s] Level 1:colcon.colcon_core.environment:checking '/home/mpr/info_indus/ros2_ws/src/ecat_ros2_workshop/install/scara_nodes/bin'
[0.761s] Level 1:colcon.colcon_core.environment:checking '/home/mpr/info_indus/ros2_ws/src/ecat_ros2_workshop/install/scara_nodes/lib/pkgconfig/scara_nodes.pc'
[0.761s] Level 1:colcon.colcon_core.environment:checking '/home/mpr/info_indus/ros2_ws/src/ecat_ros2_workshop/install/scara_nodes/lib/python3.12/site-packages'
[0.762s] Level 1:colcon.colcon_core.environment:checking '/home/mpr/info_indus/ros2_ws/src/ecat_ros2_workshop/install/scara_nodes/bin'
[0.763s] INFO:colcon.colcon_core.shell:Creating package script '/home/mpr/info_indus/ros2_ws/src/ecat_ros2_workshop/install/scara_nodes/share/scara_nodes/package.ps1'
[0.765s] INFO:colcon.colcon_core.shell:Creating package descriptor '/home/mpr/info_indus/ros2_ws/src/ecat_ros2_workshop/install/scara_nodes/share/scara_nodes/package.dsv'
[0.767s] INFO:colcon.colcon_core.shell:Creating package script '/home/mpr/info_indus/ros2_ws/src/ecat_ros2_workshop/install/scara_nodes/share/scara_nodes/package.sh'
[0.769s] INFO:colcon.colcon_core.shell:Creating package script '/home/mpr/info_indus/ros2_ws/src/ecat_ros2_workshop/install/scara_nodes/share/scara_nodes/package.bash'
[0.771s] INFO:colcon.colcon_core.shell:Creating package script '/home/mpr/info_indus/ros2_ws/src/ecat_ros2_workshop/install/scara_nodes/share/scara_nodes/package.zsh'
[0.772s] Level 1:colcon.colcon_core.environment:create_file_with_runtime_dependencies(/home/mpr/info_indus/ros2_ws/src/ecat_ros2_workshop/install/scara_nodes/share/colcon-core/packages/scara_nodes)
[0.774s] Level 1:colcon.colcon_core.environment:create_environment_scripts_only(scara_nodes)
[0.776s] Level 1:colcon.colcon_core.environment:checking '/home/mpr/info_indus/ros2_ws/src/ecat_ros2_workshop/install/scara_nodes' for CMake module files
[0.777s] Level 1:colcon.colcon_core.environment:checking '/home/mpr/info_indus/ros2_ws/src/ecat_ros2_workshop/install/scara_nodes' for CMake config files
[0.777s] Level 1:colcon.colcon_core.shell:create_environment_hook('scara_nodes', 'cmake_prefix_path')
[0.778s] INFO:colcon.colcon_core.shell:Creating environment hook '/home/mpr/info_indus/ros2_ws/src/ecat_ros2_workshop/install/scara_nodes/share/scara_nodes/hook/cmake_prefix_path.ps1'
[0.779s] INFO:colcon.colcon_core.shell:Creating environment descriptor '/home/mpr/info_indus/ros2_ws/src/ecat_ros2_workshop/install/scara_nodes/share/scara_nodes/hook/cmake_prefix_path.dsv'
[0.779s] INFO:colcon.colcon_core.shell:Creating environment hook '/home/mpr/info_indus/ros2_ws/src/ecat_ros2_workshop/install/scara_nodes/share/scara_nodes/hook/cmake_prefix_path.sh'
[0.780s] Level 1:colcon.colcon_core.environment:checking '/home/mpr/info_indus/ros2_ws/src/ecat_ros2_workshop/install/scara_nodes/lib'
[0.780s] Level 1:colcon.colcon_core.environment:checking '/home/mpr/info_indus/ros2_ws/src/ecat_ros2_workshop/install/scara_nodes/bin'
[0.781s] Level 1:colcon.colcon_core.environment:checking '/home/mpr/info_indus/ros2_ws/src/ecat_ros2_workshop/install/scara_nodes/lib/pkgconfig/scara_nodes.pc'
[0.781s] Level 1:colcon.colcon_core.environment:checking '/home/mpr/info_indus/ros2_ws/src/ecat_ros2_workshop/install/scara_nodes/lib/python3.12/site-packages'
[0.782s] Level 1:colcon.colcon_core.environment:checking '/home/mpr/info_indus/ros2_ws/src/ecat_ros2_workshop/install/scara_nodes/bin'
[0.782s] INFO:colcon.colcon_core.shell:Creating package script '/home/mpr/info_indus/ros2_ws/src/ecat_ros2_workshop/install/scara_nodes/share/scara_nodes/package.ps1'
[0.784s] INFO:colcon.colcon_core.shell:Creating package descriptor '/home/mpr/info_indus/ros2_ws/src/ecat_ros2_workshop/install/scara_nodes/share/scara_nodes/package.dsv'
[0.785s] INFO:colcon.colcon_core.shell:Creating package script '/home/mpr/info_indus/ros2_ws/src/ecat_ros2_workshop/install/scara_nodes/share/scara_nodes/package.sh'
[0.786s] INFO:colcon.colcon_core.shell:Creating package script '/home/mpr/info_indus/ros2_ws/src/ecat_ros2_workshop/install/scara_nodes/share/scara_nodes/package.bash'
[0.787s] INFO:colcon.colcon_core.shell:Creating package script '/home/mpr/info_indus/ros2_ws/src/ecat_ros2_workshop/install/scara_nodes/share/scara_nodes/package.zsh'
[0.787s] Level 1:colcon.colcon_core.environment:create_file_with_runtime_dependencies(/home/mpr/info_indus/ros2_ws/src/ecat_ros2_workshop/install/scara_nodes/share/colcon-core/packages/scara_nodes)
[0.790s] Level 1:colcon.colcon_core.environment:create_environment_scripts_only(scara_description)
[0.790s] Level 1:colcon.colcon_core.environment:checking '/home/mpr/info_indus/ros2_ws/src/ecat_ros2_workshop/install/scara_description' for CMake module files
[0.791s] DEBUG:colcon.colcon_core.event_handler.log_command:Invoked command in '/home/mpr/info_indus/ros2_ws/src/ecat_ros2_workshop/build/scara_description' returned '0': CMAKE_PREFIX_PATH=${CMAKE_PREFIX_PATH}:/opt/ros/jazzy DEBUGINFOD_URLS=https://debuginfod.ubuntu.com /usr/bin/cmake --install /home/mpr/info_indus/ros2_ws/src/ecat_ros2_workshop/build/scara_description
[0.792s] Level 1:colcon.colcon_core.environment:checking '/home/mpr/info_indus/ros2_ws/src/ecat_ros2_workshop/install/scara_description' for CMake config files
[0.792s] Level 1:colcon.colcon_core.shell:create_environment_hook('scara_description', 'cmake_prefix_path')
[0.792s] INFO:colcon.colcon_core.shell:Creating environment hook '/home/mpr/info_indus/ros2_ws/src/ecat_ros2_workshop/install/scara_description/share/scara_description/hook/cmake_prefix_path.ps1'
[0.793s] INFO:colcon.colcon_core.shell:Creating environment descriptor '/home/mpr/info_indus/ros2_ws/src/ecat_ros2_workshop/install/scara_description/share/scara_description/hook/cmake_prefix_path.dsv'
[0.794s] INFO:colcon.colcon_core.shell:Creating environment hook '/home/mpr/info_indus/ros2_ws/src/ecat_ros2_workshop/install/scara_description/share/scara_description/hook/cmake_prefix_path.sh'
[0.796s] Level 1:colcon.colcon_core.environment:checking '/home/mpr/info_indus/ros2_ws/src/ecat_ros2_workshop/install/scara_description/bin'
[0.796s] Level 1:colcon.colcon_core.environment:checking '/home/mpr/info_indus/ros2_ws/src/ecat_ros2_workshop/install/scara_description/lib/pkgconfig/scara_description.pc'
[0.796s] Level 1:colcon.colcon_core.environment:checking '/home/mpr/info_indus/ros2_ws/src/ecat_ros2_workshop/install/scara_description/lib/python3.12/site-packages'
[0.797s] Level 1:colcon.colcon_core.environment:checking '/home/mpr/info_indus/ros2_ws/src/ecat_ros2_workshop/install/scara_description/bin'
[0.798s] INFO:colcon.colcon_core.shell:Creating package script '/home/mpr/info_indus/ros2_ws/src/ecat_ros2_workshop/install/scara_description/share/scara_description/package.ps1'
[0.799s] INFO:colcon.colcon_core.shell:Creating package descriptor '/home/mpr/info_indus/ros2_ws/src/ecat_ros2_workshop/install/scara_description/share/scara_description/package.dsv'
[0.801s] INFO:colcon.colcon_core.shell:Creating package script '/home/mpr/info_indus/ros2_ws/src/ecat_ros2_workshop/install/scara_description/share/scara_description/package.sh'
[0.802s] INFO:colcon.colcon_core.shell:Creating package script '/home/mpr/info_indus/ros2_ws/src/ecat_ros2_workshop/install/scara_description/share/scara_description/package.bash'
[0.802s] INFO:colcon.colcon_core.shell:Creating package script '/home/mpr/info_indus/ros2_ws/src/ecat_ros2_workshop/install/scara_description/share/scara_description/package.zsh'
[0.803s] Level 1:colcon.colcon_core.environment:create_file_with_runtime_dependencies(/home/mpr/info_indus/ros2_ws/src/ecat_ros2_workshop/install/scara_description/share/colcon-core/packages/scara_description)
[0.804s] Level 1:colcon.colcon_core.environment:create_environment_scripts_only(scara_description)
[0.805s] Level 1:colcon.colcon_core.environment:checking '/home/mpr/info_indus/ros2_ws/src/ecat_ros2_workshop/install/scara_description' for CMake module files
[0.806s] Level 1:colcon.colcon_core.environment:checking '/home/mpr/info_indus/ros2_ws/src/ecat_ros2_workshop/install/scara_description' for CMake config files
[0.806s] Level 1:colcon.colcon_core.shell:create_environment_hook('scara_description', 'cmake_prefix_path')
[0.806s] INFO:colcon.colcon_core.shell:Creating environment hook '/home/mpr/info_indus/ros2_ws/src/ecat_ros2_workshop/install/scara_description/share/scara_description/hook/cmake_prefix_path.ps1'
[0.807s] INFO:colcon.colcon_core.shell:Creating environment descriptor '/home/mpr/info_indus/ros2_ws/src/ecat_ros2_workshop/install/scara_description/share/scara_description/hook/cmake_prefix_path.dsv'
[0.807s] INFO:colcon.colcon_core.shell:Creating environment hook '/home/mpr/info_indus/ros2_ws/src/ecat_ros2_workshop/install/scara_description/share/scara_description/hook/cmake_prefix_path.sh'
[0.808s] Level 1:colcon.colcon_core.environment:checking '/home/mpr/info_indus/ros2_ws/src/ecat_ros2_workshop/install/scara_description/bin'
[0.808s] Level 1:colcon.colcon_core.environment:checking '/home/mpr/info_indus/ros2_ws/src/ecat_ros2_workshop/install/scara_description/lib/pkgconfig/scara_description.pc'
[0.809s] Level 1:colcon.colcon_core.environment:checking '/home/mpr/info_indus/ros2_ws/src/ecat_ros2_workshop/install/scara_description/lib/python3.12/site-packages'
[0.809s] Level 1:colcon.colcon_core.environment:checking '/home/mpr/info_indus/ros2_ws/src/ecat_ros2_workshop/install/scara_description/bin'
[0.809s] INFO:colcon.colcon_core.shell:Creating package script '/home/mpr/info_indus/ros2_ws/src/ecat_ros2_workshop/install/scara_description/share/scara_description/package.ps1'
[0.810s] INFO:colcon.colcon_core.shell:Creating package descriptor '/home/mpr/info_indus/ros2_ws/src/ecat_ros2_workshop/install/scara_description/share/scara_description/package.dsv'
[0.811s] INFO:colcon.colcon_core.shell:Creating package script '/home/mpr/info_indus/ros2_ws/src/ecat_ros2_workshop/install/scara_description/share/scara_description/package.sh'
[0.812s] INFO:colcon.colcon_core.shell:Creating package script '/home/mpr/info_indus/ros2_ws/src/ecat_ros2_workshop/install/scara_description/share/scara_description/package.bash'
[0.813s] INFO:colcon.colcon_core.shell:Creating package script '/home/mpr/info_indus/ros2_ws/src/ecat_ros2_workshop/install/scara_description/share/scara_description/package.zsh'
[0.814s] Level 1:colcon.colcon_core.environment:create_file_with_runtime_dependencies(/home/mpr/info_indus/ros2_ws/src/ecat_ros2_workshop/install/scara_description/share/colcon-core/packages/scara_description)
[0.818s] DEBUG:colcon.colcon_core.event_handler.log_command:Invoked command in '/home/mpr/info_indus/ros2_ws/src/ecat_ros2_workshop/build/scara_joint_velocity_controller' returned '0': CMAKE_PREFIX_PATH=${CMAKE_PREFIX_PATH}:/opt/ros/jazzy DEBUGINFOD_URLS=https://debuginfod.ubuntu.com /usr/bin/cmake --build /home/mpr/info_indus/ros2_ws/src/ecat_ros2_workshop/build/scara_joint_velocity_controller -- -j4 -l4
[0.819s] DEBUG:colcon.colcon_core.event_handler.log_command:Invoking command in '/home/mpr/info_indus/ros2_ws/src/ecat_ros2_workshop/build/scara_joint_velocity_controller': CMAKE_PREFIX_PATH=${CMAKE_PREFIX_PATH}:/opt/ros/jazzy DEBUGINFOD_URLS=https://debuginfod.ubuntu.com /usr/bin/cmake --install /home/mpr/info_indus/ros2_ws/src/ecat_ros2_workshop/build/scara_joint_velocity_controller
[0.819s] Level 1:colcon.colcon_core.environment:create_environment_scripts_only(scara_bringup)
[0.820s] Level 1:colcon.colcon_core.environment:checking '/home/mpr/info_indus/ros2_ws/src/ecat_ros2_workshop/install/scara_bringup' for CMake module files
[0.821s] DEBUG:colcon.colcon_core.event_handler.log_command:Invoked command in '/home/mpr/info_indus/ros2_ws/src/ecat_ros2_workshop/build/scara_bringup' returned '0': CMAKE_PREFIX_PATH=${CMAKE_PREFIX_PATH}:/opt/ros/jazzy DEBUGINFOD_URLS=https://debuginfod.ubuntu.com /usr/bin/cmake --install /home/mpr/info_indus/ros2_ws/src/ecat_ros2_workshop/build/scara_bringup
[0.821s] Level 1:colcon.colcon_core.environment:checking '/home/mpr/info_indus/ros2_ws/src/ecat_ros2_workshop/install/scara_bringup' for CMake config files
[0.822s] Level 1:colcon.colcon_core.shell:create_environment_hook('scara_bringup', 'cmake_prefix_path')
[0.823s] INFO:colcon.colcon_core.shell:Creating environment hook '/home/mpr/info_indus/ros2_ws/src/ecat_ros2_workshop/install/scara_bringup/share/scara_bringup/hook/cmake_prefix_path.ps1'
[0.824s] INFO:colcon.colcon_core.shell:Creating environment descriptor '/home/mpr/info_indus/ros2_ws/src/ecat_ros2_workshop/install/scara_bringup/share/scara_bringup/hook/cmake_prefix_path.dsv'
[0.824s] INFO:colcon.colcon_core.shell:Creating environment hook '/home/mpr/info_indus/ros2_ws/src/ecat_ros2_workshop/install/scara_bringup/share/scara_bringup/hook/cmake_prefix_path.sh'
[0.826s] Level 1:colcon.colcon_core.environment:checking '/home/mpr/info_indus/ros2_ws/src/ecat_ros2_workshop/install/scara_bringup/bin'
[0.826s] Level 1:colcon.colcon_core.environment:checking '/home/mpr/info_indus/ros2_ws/src/ecat_ros2_workshop/install/scara_bringup/lib/pkgconfig/scara_bringup.pc'
[0.827s] Level 1:colcon.colcon_core.environment:checking '/home/mpr/info_indus/ros2_ws/src/ecat_ros2_workshop/install/scara_bringup/lib/python3.12/site-packages'
[0.828s] Level 1:colcon.colcon_core.environment:checking '/home/mpr/info_indus/ros2_ws/src/ecat_ros2_workshop/install/scara_bringup/bin'
[0.828s] INFO:colcon.colcon_core.shell:Creating package script '/home/mpr/info_indus/ros2_ws/src/ecat_ros2_workshop/install/scara_bringup/share/scara_bringup/package.ps1'
[0.829s] INFO:colcon.colcon_core.shell:Creating package descriptor '/home/mpr/info_indus/ros2_ws/src/ecat_ros2_workshop/install/scara_bringup/share/scara_bringup/package.dsv'
[0.831s] INFO:colcon.colcon_core.shell:Creating package script '/home/mpr/info_indus/ros2_ws/src/ecat_ros2_workshop/install/scara_bringup/share/scara_bringup/package.sh'
[0.832s] INFO:colcon.colcon_core.shell:Creating package script '/home/mpr/info_indus/ros2_ws/src/ecat_ros2_workshop/install/scara_bringup/share/scara_bringup/package.bash'
[0.834s] INFO:colcon.colcon_core.shell:Creating package script '/home/mpr/info_indus/ros2_ws/src/ecat_ros2_workshop/install/scara_bringup/share/scara_bringup/package.zsh'
[0.835s] Level 1:colcon.colcon_core.environment:create_file_with_runtime_dependencies(/home/mpr/info_indus/ros2_ws/src/ecat_ros2_workshop/install/scara_bringup/share/colcon-core/packages/scara_bringup)
[0.836s] Level 1:colcon.colcon_core.environment:create_environment_scripts_only(scara_bringup)
[0.837s] Level 1:colcon.colcon_core.environment:checking '/home/mpr/info_indus/ros2_ws/src/ecat_ros2_workshop/install/scara_bringup' for CMake module files
[0.838s] Level 1:colcon.colcon_core.environment:checking '/home/mpr/info_indus/ros2_ws/src/ecat_ros2_workshop/install/scara_bringup' for CMake config files
[0.839s] Level 1:colcon.colcon_core.shell:create_environment_hook('scara_bringup', 'cmake_prefix_path')
[0.839s] INFO:colcon.colcon_core.shell:Creating environment hook '/home/mpr/info_indus/ros2_ws/src/ecat_ros2_workshop/install/scara_bringup/share/scara_bringup/hook/cmake_prefix_path.ps1'
[0.841s] INFO:colcon.colcon_core.shell:Creating environment descriptor '/home/mpr/info_indus/ros2_ws/src/ecat_ros2_workshop/install/scara_bringup/share/scara_bringup/hook/cmake_prefix_path.dsv'
[0.842s] INFO:colcon.colcon_core.shell:Creating environment hook '/home/mpr/info_indus/ros2_ws/src/ecat_ros2_workshop/install/scara_bringup/share/scara_bringup/hook/cmake_prefix_path.sh'
[0.844s] Level 1:colcon.colcon_core.environment:checking '/home/mpr/info_indus/ros2_ws/src/ecat_ros2_workshop/install/scara_bringup/bin'
[0.844s] Level 1:colcon.colcon_core.environment:checking '/home/mpr/info_indus/ros2_ws/src/ecat_ros2_workshop/install/scara_bringup/lib/pkgconfig/scara_bringup.pc'
[0.845s] Level 1:colcon.colcon_core.environment:checking '/home/mpr/info_indus/ros2_ws/src/ecat_ros2_workshop/install/scara_bringup/lib/python3.12/site-packages'
[0.846s] Level 1:colcon.colcon_core.environment:checking '/home/mpr/info_indus/ros2_ws/src/ecat_ros2_workshop/install/scara_bringup/bin'
[0.846s] INFO:colcon.colcon_core.shell:Creating package script '/home/mpr/info_indus/ros2_ws/src/ecat_ros2_workshop/install/scara_bringup/share/scara_bringup/package.ps1'
[0.848s] INFO:colcon.colcon_core.shell:Creating package descriptor '/home/mpr/info_indus/ros2_ws/src/ecat_ros2_workshop/install/scara_bringup/share/scara_bringup/package.dsv'
[0.850s] INFO:colcon.colcon_core.shell:Creating package script '/home/mpr/info_indus/ros2_ws/src/ecat_ros2_workshop/install/scara_bringup/share/scara_bringup/package.sh'
[0.851s] INFO:colcon.colcon_core.shell:Creating package script '/home/mpr/info_indus/ros2_ws/src/ecat_ros2_workshop/install/scara_bringup/share/scara_bringup/package.bash'
[0.853s] INFO:colcon.colcon_core.shell:Creating package script '/home/mpr/info_indus/ros2_ws/src/ecat_ros2_workshop/install/scara_bringup/share/scara_bringup/package.zsh'
[0.854s] Level 1:colcon.colcon_core.environment:create_file_with_runtime_dependencies(/home/mpr/info_indus/ros2_ws/src/ecat_ros2_workshop/install/scara_bringup/share/colcon-core/packages/scara_bringup)
[0.856s] INFO:colcon.colcon_ros.task.ament_cmake.build:Building ROS package in '/home/mpr/info_indus/ros2_ws/src/ecat_ros2_workshop/scara_hardware' with build type 'ament_cmake'
[0.856s] INFO:colcon.colcon_cmake.task.cmake.build:Building CMake package in '/home/mpr/info_indus/ros2_ws/src/ecat_ros2_workshop/scara_hardware'
[0.857s] INFO:colcon.colcon_core.shell:Skip shell extension 'powershell' for command environment: Not usable outside of PowerShell
[0.857s] DEBUG:colcon.colcon_core.shell:Skip shell extension 'dsv' for command environment
[0.891s] DEBUG:colcon.colcon_core.event_handler.log_command:Invoking command in '/home/mpr/info_indus/ros2_ws/src/ecat_ros2_workshop/build/scara_hardware': CMAKE_PREFIX_PATH=/home/mpr/info_indus/ros2_ws/src/ecat_ros2_workshop/install/scara_description:/home/mpr/info_indus/ros2_ws/src/ecat_ros2_workshop/install/scara_nodes:/home/mpr/info_indus/ros2_ws/src/ecat_ros2_workshop/install/scara_joint_velocity_controller:/home/mpr/info_indus/ros2_ws/src/ecat_ros2_workshop/install/scara_hardware:/home/mpr/info_indus/ros2_ws/src/ecat_ros2_workshop/install/scara_bringup:/opt/ros/jazzy/opt/gz_sim_vendor:/opt/ros/jazzy/opt/gz_sensors_vendor:/opt/ros/jazzy/opt/gz_physics_vendor:/opt/ros/jazzy/opt/sdformat_vendor:/opt/ros/jazzy/opt/gz_gui_vendor:/opt/ros/jazzy/opt/gz_transport_vendor:/opt/ros/jazzy/opt/gz_rendering_vendor:/opt/ros/jazzy/opt/gz_plugin_vendor:/opt/ros/jazzy/opt/gz_fuel_tools_vendor:/opt/ros/jazzy/opt/gz_msgs_vendor:/opt/ros/jazzy/opt/gz_common_vendor:/opt/ros/jazzy/opt/gz_math_vendor:/opt/ros/jazzy/opt/gz_utils_vendor:/opt/ros/jazzy/opt/gz_tools_vendor:/opt/ros/jazzy/opt/gz_ogre_next_vendor:/opt/ros/jazzy/opt/gz_dartsim_vendor:/opt/ros/jazzy/opt/gz_cmake_vendor:/opt/ros/jazzy DEBUGINFOD_URLS=https://debuginfod.ubuntu.com /usr/bin/cmake --build /home/mpr/info_indus/ros2_ws/src/ecat_ros2_workshop/build/scara_hardware -- -j4 -l4
[0.899s] Level 1:colcon.colcon_core.environment:create_environment_scripts_only(scara_joint_velocity_controller)
[0.899s] Level 1:colcon.colcon_core.environment:checking '/home/mpr/info_indus/ros2_ws/src/ecat_ros2_workshop/install/scara_joint_velocity_controller' for CMake module files
[0.901s] DEBUG:colcon.colcon_core.event_handler.log_command:Invoked command in '/home/mpr/info_indus/ros2_ws/src/ecat_ros2_workshop/build/scara_joint_velocity_controller' returned '0': CMAKE_PREFIX_PATH=${CMAKE_PREFIX_PATH}:/opt/ros/jazzy DEBUGINFOD_URLS=https://debuginfod.ubuntu.com /usr/bin/cmake --install /home/mpr/info_indus/ros2_ws/src/ecat_ros2_workshop/build/scara_joint_velocity_controller
[0.901s] Level 1:colcon.colcon_core.environment:checking '/home/mpr/info_indus/ros2_ws/src/ecat_ros2_workshop/install/scara_joint_velocity_controller' for CMake config files
[0.902s] Level 1:colcon.colcon_core.shell:create_environment_hook('scara_joint_velocity_controller', 'cmake_prefix_path')
[0.903s] INFO:colcon.colcon_core.shell:Creating environment hook '/home/mpr/info_indus/ros2_ws/src/ecat_ros2_workshop/install/scara_joint_velocity_controller/share/scara_joint_velocity_controller/hook/cmake_prefix_path.ps1'
[0.904s] INFO:colcon.colcon_core.shell:Creating environment descriptor '/home/mpr/info_indus/ros2_ws/src/ecat_ros2_workshop/install/scara_joint_velocity_controller/share/scara_joint_velocity_controller/hook/cmake_prefix_path.dsv'
[0.906s] INFO:colcon.colcon_core.shell:Creating environment hook '/home/mpr/info_indus/ros2_ws/src/ecat_ros2_workshop/install/scara_joint_velocity_controller/share/scara_joint_velocity_controller/hook/cmake_prefix_path.sh'
[0.908s] Level 1:colcon.colcon_core.environment:checking '/home/mpr/info_indus/ros2_ws/src/ecat_ros2_workshop/install/scara_joint_velocity_controller/lib'
[0.908s] Level 1:colcon.colcon_core.shell:create_environment_hook('scara_joint_velocity_controller', 'ld_library_path_lib')
[0.909s] INFO:colcon.colcon_core.shell:Creating environment hook '/home/mpr/info_indus/ros2_ws/src/ecat_ros2_workshop/install/scara_joint_velocity_controller/share/scara_joint_velocity_controller/hook/ld_library_path_lib.ps1'
[0.911s] INFO:colcon.colcon_core.shell:Creating environment descriptor '/home/mpr/info_indus/ros2_ws/src/ecat_ros2_workshop/install/scara_joint_velocity_controller/share/scara_joint_velocity_controller/hook/ld_library_path_lib.dsv'
[0.912s] INFO:colcon.colcon_core.shell:Creating environment hook '/home/mpr/info_indus/ros2_ws/src/ecat_ros2_workshop/install/scara_joint_velocity_controller/share/scara_joint_velocity_controller/hook/ld_library_path_lib.sh'
[0.913s] Level 1:colcon.colcon_core.environment:checking '/home/mpr/info_indus/ros2_ws/src/ecat_ros2_workshop/install/scara_joint_velocity_controller/bin'
[0.913s] Level 1:colcon.colcon_core.environment:checking '/home/mpr/info_indus/ros2_ws/src/ecat_ros2_workshop/install/scara_joint_velocity_controller/lib/pkgconfig/scara_joint_velocity_controller.pc'
[0.913s] Level 1:colcon.colcon_core.environment:checking '/home/mpr/info_indus/ros2_ws/src/ecat_ros2_workshop/install/scara_joint_velocity_controller/lib/python3.12/site-packages'
[0.914s] Level 1:colcon.colcon_core.environment:checking '/home/mpr/info_indus/ros2_ws/src/ecat_ros2_workshop/install/scara_joint_velocity_controller/bin'
[0.915s] INFO:colcon.colcon_core.shell:Creating package script '/home/mpr/info_indus/ros2_ws/src/ecat_ros2_workshop/install/scara_joint_velocity_controller/share/scara_joint_velocity_controller/package.ps1'
[0.916s] INFO:colcon.colcon_core.shell:Creating package descriptor '/home/mpr/info_indus/ros2_ws/src/ecat_ros2_workshop/install/scara_joint_velocity_controller/share/scara_joint_velocity_controller/package.dsv'
[0.917s] INFO:colcon.colcon_core.shell:Creating package script '/home/mpr/info_indus/ros2_ws/src/ecat_ros2_workshop/install/scara_joint_velocity_controller/share/scara_joint_velocity_controller/package.sh'
[0.918s] INFO:colcon.colcon_core.shell:Creating package script '/home/mpr/info_indus/ros2_ws/src/ecat_ros2_workshop/install/scara_joint_velocity_controller/share/scara_joint_velocity_controller/package.bash'
[0.918s] INFO:colcon.colcon_core.shell:Creating package script '/home/mpr/info_indus/ros2_ws/src/ecat_ros2_workshop/install/scara_joint_velocity_controller/share/scara_joint_velocity_controller/package.zsh'
[0.920s] Level 1:colcon.colcon_core.environment:create_file_with_runtime_dependencies(/home/mpr/info_indus/ros2_ws/src/ecat_ros2_workshop/install/scara_joint_velocity_controller/share/colcon-core/packages/scara_joint_velocity_controller)
[0.922s] Level 1:colcon.colcon_core.environment:create_environment_scripts_only(scara_joint_velocity_controller)
[0.922s] Level 1:colcon.colcon_core.environment:checking '/home/mpr/info_indus/ros2_ws/src/ecat_ros2_workshop/install/scara_joint_velocity_controller' for CMake module files
[0.923s] Level 1:colcon.colcon_core.environment:checking '/home/mpr/info_indus/ros2_ws/src/ecat_ros2_workshop/install/scara_joint_velocity_controller' for CMake config files
[0.923s] Level 1:colcon.colcon_core.shell:create_environment_hook('scara_joint_velocity_controller', 'cmake_prefix_path')
[0.924s] INFO:colcon.colcon_core.shell:Creating environment hook '/home/mpr/info_indus/ros2_ws/src/ecat_ros2_workshop/install/scara_joint_velocity_controller/share/scara_joint_velocity_controller/hook/cmake_prefix_path.ps1'
[0.925s] INFO:colcon.colcon_core.shell:Creating environment descriptor '/home/mpr/info_indus/ros2_ws/src/ecat_ros2_workshop/install/scara_joint_velocity_controller/share/scara_joint_velocity_controller/hook/cmake_prefix_path.dsv'
[0.926s] INFO:colcon.colcon_core.shell:Creating environment hook '/home/mpr/info_indus/ros2_ws/src/ecat_ros2_workshop/install/scara_joint_velocity_controller/share/scara_joint_velocity_controller/hook/cmake_prefix_path.sh'
[0.928s] Level 1:colcon.colcon_core.environment:checking '/home/mpr/info_indus/ros2_ws/src/ecat_ros2_workshop/install/scara_joint_velocity_controller/lib'
[0.929s] Level 1:colcon.colcon_core.shell:create_environment_hook('scara_joint_velocity_controller', 'ld_library_path_lib')
[0.929s] INFO:colcon.colcon_core.shell:Creating environment hook '/home/mpr/info_indus/ros2_ws/src/ecat_ros2_workshop/install/scara_joint_velocity_controller/share/scara_joint_velocity_controller/hook/ld_library_path_lib.ps1'
[0.930s] INFO:colcon.colcon_core.shell:Creating environment descriptor '/home/mpr/info_indus/ros2_ws/src/ecat_ros2_workshop/install/scara_joint_velocity_controller/share/scara_joint_velocity_controller/hook/ld_library_path_lib.dsv'
[0.932s] INFO:colcon.colcon_core.shell:Creating environment hook '/home/mpr/info_indus/ros2_ws/src/ecat_ros2_workshop/install/scara_joint_velocity_controller/share/scara_joint_velocity_controller/hook/ld_library_path_lib.sh'
[0.933s] Level 1:colcon.colcon_core.environment:checking '/home/mpr/info_indus/ros2_ws/src/ecat_ros2_workshop/install/scara_joint_velocity_controller/bin'
[0.933s] Level 1:colcon.colcon_core.environment:checking '/home/mpr/info_indus/ros2_ws/src/ecat_ros2_workshop/install/scara_joint_velocity_controller/lib/pkgconfig/scara_joint_velocity_controller.pc'
[0.934s] Level 1:colcon.colcon_core.environment:checking '/home/mpr/info_indus/ros2_ws/src/ecat_ros2_workshop/install/scara_joint_velocity_controller/lib/python3.12/site-packages'
[0.935s] Level 1:colcon.colcon_core.environment:checking '/home/mpr/info_indus/ros2_ws/src/ecat_ros2_workshop/install/scara_joint_velocity_controller/bin'
[0.935s] INFO:colcon.colcon_core.shell:Creating package script '/home/mpr/info_indus/ros2_ws/src/ecat_ros2_workshop/install/scara_joint_velocity_controller/share/scara_joint_velocity_controller/package.ps1'
[0.937s] INFO:colcon.colcon_core.shell:Creating package descriptor '/home/mpr/info_indus/ros2_ws/src/ecat_ros2_workshop/install/scara_joint_velocity_controller/share/scara_joint_velocity_controller/package.dsv'
[0.939s] INFO:colcon.colcon_core.shell:Creating package script '/home/mpr/info_indus/ros2_ws/src/ecat_ros2_workshop/install/scara_joint_velocity_controller/share/scara_joint_velocity_controller/package.sh'
[0.942s] INFO:colcon.colcon_core.shell:Creating package script '/home/mpr/info_indus/ros2_ws/src/ecat_ros2_workshop/install/scara_joint_velocity_controller/share/scara_joint_velocity_controller/package.bash'
[0.943s] INFO:colcon.colcon_core.shell:Creating package script '/home/mpr/info_indus/ros2_ws/src/ecat_ros2_workshop/install/scara_joint_velocity_controller/share/scara_joint_velocity_controller/package.zsh'
[0.945s] Level 1:colcon.colcon_core.environment:create_file_with_runtime_dependencies(/home/mpr/info_indus/ros2_ws/src/ecat_ros2_workshop/install/scara_joint_velocity_controller/share/colcon-core/packages/scara_joint_velocity_controller)
[1.084s] DEBUG:colcon.colcon_core.event_handler.log_command:Invoked command in '/home/mpr/info_indus/ros2_ws/src/ecat_ros2_workshop/build/scara_hardware' returned '0': CMAKE_PREFIX_PATH=/home/mpr/info_indus/ros2_ws/src/ecat_ros2_workshop/install/scara_description:/home/mpr/info_indus/ros2_ws/src/ecat_ros2_workshop/install/scara_nodes:/home/mpr/info_indus/ros2_ws/src/ecat_ros2_workshop/install/scara_joint_velocity_controller:/home/mpr/info_indus/ros2_ws/src/ecat_ros2_workshop/install/scara_hardware:/home/mpr/info_indus/ros2_ws/src/ecat_ros2_workshop/install/scara_bringup:/opt/ros/jazzy/opt/gz_sim_vendor:/opt/ros/jazzy/opt/gz_sensors_vendor:/opt/ros/jazzy/opt/gz_physics_vendor:/opt/ros/jazzy/opt/sdformat_vendor:/opt/ros/jazzy/opt/gz_gui_vendor:/opt/ros/jazzy/opt/gz_transport_vendor:/opt/ros/jazzy/opt/gz_rendering_vendor:/opt/ros/jazzy/opt/gz_plugin_vendor:/opt/ros/jazzy/opt/gz_fuel_tools_vendor:/opt/ros/jazzy/opt/gz_msgs_vendor:/opt/ros/jazzy/opt/gz_common_vendor:/opt/ros/jazzy/opt/gz_math_vendor:/opt/ros/jazzy/opt/gz_utils_vendor:/opt/ros/jazzy/opt/gz_tools_vendor:/opt/ros/jazzy/opt/gz_ogre_next_vendor:/opt/ros/jazzy/opt/gz_dartsim_vendor:/opt/ros/jazzy/opt/gz_cmake_vendor:/opt/ros/jazzy DEBUGINFOD_URLS=https://debuginfod.ubuntu.com /usr/bin/cmake --build /home/mpr/info_indus/ros2_ws/src/ecat_ros2_workshop/build/scara_hardware -- -j4 -l4
[1.086s] DEBUG:colcon.colcon_core.event_handler.log_command:Invoking command in '/home/mpr/info_indus/ros2_ws/src/ecat_ros2_workshop/build/scara_hardware': CMAKE_PREFIX_PATH=/home/mpr/info_indus/ros2_ws/src/ecat_ros2_workshop/install/scara_description:/home/mpr/info_indus/ros2_ws/src/ecat_ros2_workshop/install/scara_nodes:/home/mpr/info_indus/ros2_ws/src/ecat_ros2_workshop/install/scara_joint_velocity_controller:/home/mpr/info_indus/ros2_ws/src/ecat_ros2_workshop/install/scara_hardware:/home/mpr/info_indus/ros2_ws/src/ecat_ros2_workshop/install/scara_bringup:/opt/ros/jazzy/opt/gz_sim_vendor:/opt/ros/jazzy/opt/gz_sensors_vendor:/opt/ros/jazzy/opt/gz_physics_vendor:/opt/ros/jazzy/opt/sdformat_vendor:/opt/ros/jazzy/opt/gz_gui_vendor:/opt/ros/jazzy/opt/gz_transport_vendor:/opt/ros/jazzy/opt/gz_rendering_vendor:/opt/ros/jazzy/opt/gz_plugin_vendor:/opt/ros/jazzy/opt/gz_fuel_tools_vendor:/opt/ros/jazzy/opt/gz_msgs_vendor:/opt/ros/jazzy/opt/gz_common_vendor:/opt/ros/jazzy/opt/gz_math_vendor:/opt/ros/jazzy/opt/gz_utils_vendor:/opt/ros/jazzy/opt/gz_tools_vendor:/opt/ros/jazzy/opt/gz_ogre_next_vendor:/opt/ros/jazzy/opt/gz_dartsim_vendor:/opt/ros/jazzy/opt/gz_cmake_vendor:/opt/ros/jazzy DEBUGINFOD_URLS=https://debuginfod.ubuntu.com /usr/bin/cmake --install /home/mpr/info_indus/ros2_ws/src/ecat_ros2_workshop/build/scara_hardware
[1.139s] Level 1:colcon.colcon_core.environment:create_environment_scripts_only(scara_hardware)
[1.139s] Level 1:colcon.colcon_core.environment:checking '/home/mpr/info_indus/ros2_ws/src/ecat_ros2_workshop/install/scara_hardware' for CMake module files
[1.140s] DEBUG:colcon.colcon_core.event_handler.log_command:Invoked command in '/home/mpr/info_indus/ros2_ws/src/ecat_ros2_workshop/build/scara_hardware' returned '0': CMAKE_PREFIX_PATH=/home/mpr/info_indus/ros2_ws/src/ecat_ros2_workshop/install/scara_description:/home/mpr/info_indus/ros2_ws/src/ecat_ros2_workshop/install/scara_nodes:/home/mpr/info_indus/ros2_ws/src/ecat_ros2_workshop/install/scara_joint_velocity_controller:/home/mpr/info_indus/ros2_ws/src/ecat_ros2_workshop/install/scara_hardware:/home/mpr/info_indus/ros2_ws/src/ecat_ros2_workshop/install/scara_bringup:/opt/ros/jazzy/opt/gz_sim_vendor:/opt/ros/jazzy/opt/gz_sensors_vendor:/opt/ros/jazzy/opt/gz_physics_vendor:/opt/ros/jazzy/opt/sdformat_vendor:/opt/ros/jazzy/opt/gz_gui_vendor:/opt/ros/jazzy/opt/gz_transport_vendor:/opt/ros/jazzy/opt/gz_rendering_vendor:/opt/ros/jazzy/opt/gz_plugin_vendor:/opt/ros/jazzy/opt/gz_fuel_tools_vendor:/opt/ros/jazzy/opt/gz_msgs_vendor:/opt/ros/jazzy/opt/gz_common_vendor:/opt/ros/jazzy/opt/gz_math_vendor:/opt/ros/jazzy/opt/gz_utils_vendor:/opt/ros/jazzy/opt/gz_tools_vendor:/opt/ros/jazzy/opt/gz_ogre_next_vendor:/opt/ros/jazzy/opt/gz_dartsim_vendor:/opt/ros/jazzy/opt/gz_cmake_vendor:/opt/ros/jazzy DEBUGINFOD_URLS=https://debuginfod.ubuntu.com /usr/bin/cmake --install /home/mpr/info_indus/ros2_ws/src/ecat_ros2_workshop/build/scara_hardware
[1.141s] Level 1:colcon.colcon_core.environment:checking '/home/mpr/info_indus/ros2_ws/src/ecat_ros2_workshop/install/scara_hardware' for CMake config files
[1.141s] Level 1:colcon.colcon_core.shell:create_environment_hook('scara_hardware', 'cmake_prefix_path')
[1.141s] INFO:colcon.colcon_core.shell:Creating environment hook '/home/mpr/info_indus/ros2_ws/src/ecat_ros2_workshop/install/scara_hardware/share/scara_hardware/hook/cmake_prefix_path.ps1'
[1.142s] INFO:colcon.colcon_core.shell:Creating environment descriptor '/home/mpr/info_indus/ros2_ws/src/ecat_ros2_workshop/install/scara_hardware/share/scara_hardware/hook/cmake_prefix_path.dsv'
[1.143s] INFO:colcon.colcon_core.shell:Creating environment hook '/home/mpr/info_indus/ros2_ws/src/ecat_ros2_workshop/install/scara_hardware/share/scara_hardware/hook/cmake_prefix_path.sh'
[1.143s] Level 1:colcon.colcon_core.environment:checking '/home/mpr/info_indus/ros2_ws/src/ecat_ros2_workshop/install/scara_hardware/lib'
[1.143s] Level 1:colcon.colcon_core.shell:create_environment_hook('scara_hardware', 'ld_library_path_lib')
[1.144s] INFO:colcon.colcon_core.shell:Creating environment hook '/home/mpr/info_indus/ros2_ws/src/ecat_ros2_workshop/install/scara_hardware/share/scara_hardware/hook/ld_library_path_lib.ps1'
[1.144s] INFO:colcon.colcon_core.shell:Creating environment descriptor '/home/mpr/info_indus/ros2_ws/src/ecat_ros2_workshop/install/scara_hardware/share/scara_hardware/hook/ld_library_path_lib.dsv'
[1.145s] INFO:colcon.colcon_core.shell:Creating environment hook '/home/mpr/info_indus/ros2_ws/src/ecat_ros2_workshop/install/scara_hardware/share/scara_hardware/hook/ld_library_path_lib.sh'
[1.145s] Level 1:colcon.colcon_core.environment:checking '/home/mpr/info_indus/ros2_ws/src/ecat_ros2_workshop/install/scara_hardware/bin'
[1.145s] Level 1:colcon.colcon_core.environment:checking '/home/mpr/info_indus/ros2_ws/src/ecat_ros2_workshop/install/scara_hardware/lib/pkgconfig/scara_hardware.pc'
[1.145s] Level 1:colcon.colcon_core.environment:checking '/home/mpr/info_indus/ros2_ws/src/ecat_ros2_workshop/install/scara_hardware/lib/python3.12/site-packages'
[1.146s] Level 1:colcon.colcon_core.environment:checking '/home/mpr/info_indus/ros2_ws/src/ecat_ros2_workshop/install/scara_hardware/bin'
[1.146s] INFO:colcon.colcon_core.shell:Creating package script '/home/mpr/info_indus/ros2_ws/src/ecat_ros2_workshop/install/scara_hardware/share/scara_hardware/package.ps1'
[1.147s] INFO:colcon.colcon_core.shell:Creating package descriptor '/home/mpr/info_indus/ros2_ws/src/ecat_ros2_workshop/install/scara_hardware/share/scara_hardware/package.dsv'
[1.148s] INFO:colcon.colcon_core.shell:Creating package script '/home/mpr/info_indus/ros2_ws/src/ecat_ros2_workshop/install/scara_hardware/share/scara_hardware/package.sh'
[1.148s] INFO:colcon.colcon_core.shell:Creating package script '/home/mpr/info_indus/ros2_ws/src/ecat_ros2_workshop/install/scara_hardware/share/scara_hardware/package.bash'
[1.148s] INFO:colcon.colcon_core.shell:Creating package script '/home/mpr/info_indus/ros2_ws/src/ecat_ros2_workshop/install/scara_hardware/share/scara_hardware/package.zsh'
[1.149s] Level 1:colcon.colcon_core.environment:create_file_with_runtime_dependencies(/home/mpr/info_indus/ros2_ws/src/ecat_ros2_workshop/install/scara_hardware/share/colcon-core/packages/scara_hardware)
[1.150s] Level 1:colcon.colcon_core.environment:create_environment_scripts_only(scara_hardware)
[1.150s] Level 1:colcon.colcon_core.environment:checking '/home/mpr/info_indus/ros2_ws/src/ecat_ros2_workshop/install/scara_hardware' for CMake module files
[1.151s] Level 1:colcon.colcon_core.environment:checking '/home/mpr/info_indus/ros2_ws/src/ecat_ros2_workshop/install/scara_hardware' for CMake config files
[1.151s] Level 1:colcon.colcon_core.shell:create_environment_hook('scara_hardware', 'cmake_prefix_path')
[1.151s] INFO:colcon.colcon_core.shell:Creating environment hook '/home/mpr/info_indus/ros2_ws/src/ecat_ros2_workshop/install/scara_hardware/share/scara_hardware/hook/cmake_prefix_path.ps1'
[1.152s] INFO:colcon.colcon_core.shell:Creating environment descriptor '/home/mpr/info_indus/ros2_ws/src/ecat_ros2_workshop/install/scara_hardware/share/scara_hardware/hook/cmake_prefix_path.dsv'
[1.152s] INFO:colcon.colcon_core.shell:Creating environment hook '/home/mpr/info_indus/ros2_ws/src/ecat_ros2_workshop/install/scara_hardware/share/scara_hardware/hook/cmake_prefix_path.sh'
[1.153s] Level 1:colcon.colcon_core.environment:checking '/home/mpr/info_indus/ros2_ws/src/ecat_ros2_workshop/install/scara_hardware/lib'
[1.153s] Level 1:colcon.colcon_core.shell:create_environment_hook('scara_hardware', 'ld_library_path_lib')
[1.153s] INFO:colcon.colcon_core.shell:Creating environment hook '/home/mpr/info_indus/ros2_ws/src/ecat_ros2_workshop/install/scara_hardware/share/scara_hardware/hook/ld_library_path_lib.ps1'
[1.154s] INFO:colcon.colcon_core.shell:Creating environment descriptor '/home/mpr/info_indus/ros2_ws/src/ecat_ros2_workshop/install/scara_hardware/share/scara_hardware/hook/ld_library_path_lib.dsv'
[1.154s] INFO:colcon.colcon_core.shell:Creating environment hook '/home/mpr/info_indus/ros2_ws/src/ecat_ros2_workshop/install/scara_hardware/share/scara_hardware/hook/ld_library_path_lib.sh'
[1.155s] Level 1:colcon.colcon_core.environment:checking '/home/mpr/info_indus/ros2_ws/src/ecat_ros2_workshop/install/scara_hardware/bin'
[1.155s] Level 1:colcon.colcon_core.environment:checking '/home/mpr/info_indus/ros2_ws/src/ecat_ros2_workshop/install/scara_hardware/lib/pkgconfig/scara_hardware.pc'
[1.155s] Level 1:colcon.colcon_core.environment:checking '/home/mpr/info_indus/ros2_ws/src/ecat_ros2_workshop/install/scara_hardware/lib/python3.12/site-packages'
[1.156s] Level 1:colcon.colcon_core.environment:checking '/home/mpr/info_indus/ros2_ws/src/ecat_ros2_workshop/install/scara_hardware/bin'
[1.156s] INFO:colcon.colcon_core.shell:Creating package script '/home/mpr/info_indus/ros2_ws/src/ecat_ros2_workshop/install/scara_hardware/share/scara_hardware/package.ps1'
[1.157s] INFO:colcon.colcon_core.shell:Creating package descriptor '/home/mpr/info_indus/ros2_ws/src/ecat_ros2_workshop/install/scara_hardware/share/scara_hardware/package.dsv'
[1.158s] INFO:colcon.colcon_core.shell:Creating package script '/home/mpr/info_indus/ros2_ws/src/ecat_ros2_workshop/install/scara_hardware/share/scara_hardware/package.sh'
[1.158s] INFO:colcon.colcon_core.shell:Creating package script '/home/mpr/info_indus/ros2_ws/src/ecat_ros2_workshop/install/scara_hardware/share/scara_hardware/package.bash'
[1.159s] INFO:colcon.colcon_core.shell:Creating package script '/home/mpr/info_indus/ros2_ws/src/ecat_ros2_workshop/install/scara_hardware/share/scara_hardware/package.zsh'
[1.159s] Level 1:colcon.colcon_core.environment:create_file_with_runtime_dependencies(/home/mpr/info_indus/ros2_ws/src/ecat_ros2_workshop/install/scara_hardware/share/colcon-core/packages/scara_hardware)
[1.160s] DEBUG:colcon.colcon_parallel_executor.executor.parallel:closing loop
[1.160s] DEBUG:colcon.colcon_parallel_executor.executor.parallel:loop closed
[1.161s] DEBUG:colcon.colcon_parallel_executor.executor.parallel:run_until_complete finished with '0'
[1.161s] DEBUG:colcon.colcon_core.event_reactor:joining thread
[1.162s] DEBUG:colcon.colcon_core.event_reactor:joined thread
[1.162s] INFO:colcon.colcon_core.shell:Creating prefix script '/home/mpr/info_indus/ros2_ws/src/ecat_ros2_workshop/install/local_setup.ps1'
[1.163s] INFO:colcon.colcon_core.shell:Creating prefix util module '/home/mpr/info_indus/ros2_ws/src/ecat_ros2_workshop/install/_local_setup_util_ps1.py'
[1.164s] INFO:colcon.colcon_core.shell:Creating prefix chain script '/home/mpr/info_indus/ros2_ws/src/ecat_ros2_workshop/install/setup.ps1'
[1.166s] INFO:colcon.colcon_core.shell:Creating prefix script '/home/mpr/info_indus/ros2_ws/src/ecat_ros2_workshop/install/local_setup.sh'
[1.167s] INFO:colcon.colcon_core.shell:Creating prefix util module '/home/mpr/info_indus/ros2_ws/src/ecat_ros2_workshop/install/_local_setup_util_sh.py'
[1.168s] INFO:colcon.colcon_core.shell:Creating prefix chain script '/home/mpr/info_indus/ros2_ws/src/ecat_ros2_workshop/install/setup.sh'
[1.170s] INFO:colcon.colcon_core.shell:Creating prefix script '/home/mpr/info_indus/ros2_ws/src/ecat_ros2_workshop/install/local_setup.bash'
[1.171s] INFO:colcon.colcon_core.shell:Creating prefix chain script '/home/mpr/info_indus/ros2_ws/src/ecat_ros2_workshop/install/setup.bash'
[1.172s] INFO:colcon.colcon_core.shell:Creating prefix script '/home/mpr/info_indus/ros2_ws/src/ecat_ros2_workshop/install/local_setup.zsh'
[1.173s] INFO:colcon.colcon_core.shell:Creating prefix chain script '/home/mpr/info_indus/ros2_ws/src/ecat_ros2_workshop/install/setup.zsh'
