[0.149s] DEBUG:colcon:Command line arguments: ['/usr/bin/colcon', 'build', '--cmake-args', '-DCMAKE_BUILD_TYPE=Release', '--symlink-install']
[0.149s] DEBUG:colcon:Parsed command line arguments: Namespace(log_base=None, log_level=None, verb_name='build', build_base='build', install_base='install', merge_install=False, symlink_install=True, test_result_base=None, continue_on_error=False, executor='parallel', parallel_workers=4, event_handlers=None, ignore_user_meta=False, metas=['./colcon.meta'], base_paths=['.'], packages_ignore=None, packages_ignore_regex=None, paths=None, packages_up_to=None, packages_up_to_regex=None, packages_above=None, packages_above_and_dependencies=None, packages_above_depth=None, packages_select_by_dep=None, packages_skip_by_dep=None, packages_skip_up_to=None, packages_select_build_failed=False, packages_skip_build_finished=False, packages_select_test_failures=False, packages_skip_test_passed=False, packages_select=None, packages_skip=None, packages_select_regex=None, packages_skip_regex=None, packages_start=None, packages_end=None, allow_overriding=[], cmake_args=['-DCMAKE_BUILD_TYPE=Release'], cmake_target=None, cmake_target_skip_unavailable=False, cmake_clean_cache=False, cmake_clean_first=False, cmake_force_configure=False, ament_cmake_args=None, catkin_cmake_args=None, catkin_skip_building_tests=False, mixin_files=None, mixin=None, verb_parser=<colcon_mixin.mixin.mixin_argument.MixinArgumentDecorator object at 0xffffb5fb0a70>, verb_extension=<colcon_core.verb.build.BuildVerb object at 0xffffb6138fe0>, main=<bound method BuildVerb.main of <colcon_core.verb.build.BuildVerb object at 0xffffb6138fe0>>, mixin_verb=('build',))
[0.210s] Level 1:colcon.colcon_core.package_discovery:discover_packages(colcon_meta) check parameters
[0.210s] Level 1:colcon.colcon_core.package_discovery:discover_packages(recursive) check parameters
[0.210s] Level 1:colcon.colcon_core.package_discovery:discover_packages(ignore) check parameters
[0.210s] Level 1:colcon.colcon_core.package_discovery:discover_packages(path) check parameters
[0.210s] Level 1:colcon.colcon_core.package_discovery:discover_packages(colcon_meta) discover
[0.210s] Level 1:colcon.colcon_core.package_discovery:discover_packages(recursive) discover
[0.210s] INFO:colcon.colcon_core.package_discovery:Crawling recursively for packages in '/home/mpr/info_indus/ros2_ws/src/ecat_ros2_workshop'
[0.210s] Level 1:colcon.colcon_core.package_identification:_identify(.) by extensions ['ignore', 'ignore_ament_install']
[0.211s] Level 1:colcon.colcon_core.package_identification:_identify(.) by extension 'ignore'
[0.211s] Level 1:colcon.colcon_core.package_identification:_identify(.) by extension 'ignore_ament_install'
[0.211s] Level 1:colcon.colcon_core.package_identification:_identify(.) by extensions ['colcon_pkg']
[0.211s] Level 1:colcon.colcon_core.package_identification:_identify(.) by extension 'colcon_pkg'
[0.211s] Level 1:colcon.colcon_core.package_identification:_identify(.) by extensions ['colcon_meta']
[0.211s] Level 1:colcon.colcon_core.package_identification:_identify(.) by extension 'colcon_meta'
[0.211s] Level 1:colcon.colcon_core.package_identification:_identify(.) by extensions ['ros']
[0.211s] Level 1:colcon.colcon_core.package_identification:_identify(.) by extension 'ros'
[0.248s] Level 1:colcon.colcon_core.package_identification:_identify(.) by extensions ['cmake', 'python']
[0.249s] Level 1:colcon.colcon_core.package_identification:_identify(.) by extension 'cmake'
[0.249s] Level 1:colcon.colcon_core.package_identification:_identify(.) by extension 'python'
[0.249s] Level 1:colcon.colcon_core.package_identification:_identify(.) by extensions ['python_setup_py']
[0.249s] Level 1:colcon.colcon_core.package_identification:_identify(.) by extension 'python_setup_py'
[0.249s] Level 1:colcon.colcon_core.package_identification:_identify(build) by extensions ['ignore', 'ignore_ament_install']
[0.249s] Level 1:colcon.colcon_core.package_identification:_identify(build) by extension 'ignore'
[0.249s] Level 1:colcon.colcon_core.package_identification:_identify(build) ignored
[0.249s] Level 1:colcon.colcon_core.package_identification:_identify(docs) by extensions ['ignore', 'ignore_ament_install']
[0.249s] Level 1:colcon.colcon_core.package_identification:_identify(docs) by extension 'ignore'
[0.249s] Level 1:colcon.colcon_core.package_identification:_identify(docs) by extension 'ignore_ament_install'
[0.249s] Level 1:colcon.colcon_core.package_identification:_identify(docs) by extensions ['colcon_pkg']
[0.249s] Level 1:colcon.colcon_core.package_identification:_identify(docs) by extension 'colcon_pkg'
[0.249s] Level 1:colcon.colcon_core.package_identification:_identify(docs) by extensions ['colcon_meta']
[0.250s] Level 1:colcon.colcon_core.package_identification:_identify(docs) by extension 'colcon_meta'
[0.250s] Level 1:colcon.colcon_core.package_identification:_identify(docs) by extensions ['ros']
[0.250s] Level 1:colcon.colcon_core.package_identification:_identify(docs) by extension 'ros'
[0.250s] Level 1:colcon.colcon_core.package_identification:_identify(docs) by extensions ['cmake', 'python']
[0.250s] Level 1:colcon.colcon_core.package_identification:_identify(docs) by extension 'cmake'
[0.250s] Level 1:colcon.colcon_core.package_identification:_identify(docs) by extension 'python'
[0.250s] Level 1:colcon.colcon_core.package_identification:_identify(docs) by extensions ['python_setup_py']
[0.250s] Level 1:colcon.colcon_core.package_identification:_identify(docs) by extension 'python_setup_py'
[0.250s] Level 1:colcon.colcon_core.package_identification:_identify(docs/about) by extensions ['ignore', 'ignore_ament_install']
[0.250s] Level 1:colcon.colcon_core.package_identification:_identify(docs/about) by extension 'ignore'
[0.250s] Level 1:colcon.colcon_core.package_identification:_identify(docs/about) by extension 'ignore_ament_install'
[0.250s] Level 1:colcon.colcon_core.package_identification:_identify(docs/about) by extensions ['colcon_pkg']
[0.250s] Level 1:colcon.colcon_core.package_identification:_identify(docs/about) by extension 'colcon_pkg'
[0.250s] Level 1:colcon.colcon_core.package_identification:_identify(docs/about) by extensions ['colcon_meta']
[0.250s] Level 1:colcon.colcon_core.package_identification:_identify(docs/about) by extension 'colcon_meta'
[0.250s] Level 1:colcon.colcon_core.package_identification:_identify(docs/about) by extensions ['ros']
[0.250s] Level 1:colcon.colcon_core.package_identification:_identify(docs/about) by extension 'ros'
[0.250s] Level 1:colcon.colcon_core.package_identification:_identify(docs/about) by extensions ['cmake', 'python']
[0.250s] Level 1:colcon.colcon_core.package_identification:_identify(docs/about) by extension 'cmake'
[0.250s] Level 1:colcon.colcon_core.package_identification:_identify(docs/about) by extension 'python'
[0.251s] Level 1:colcon.colcon_core.package_identification:_identify(docs/about) by extensions ['python_setup_py']
[0.251s] Level 1:colcon.colcon_core.package_identification:_identify(docs/about) by extension 'python_setup_py'
[0.251s] Level 1:colcon.colcon_core.package_identification:_identify(docs/getting-started) by extensions ['ignore', 'ignore_ament_install']
[0.251s] Level 1:colcon.colcon_core.package_identification:_identify(docs/getting-started) by extension 'ignore'
[0.251s] Level 1:colcon.colcon_core.package_identification:_identify(docs/getting-started) by extension 'ignore_ament_install'
[0.251s] Level 1:colcon.colcon_core.package_identification:_identify(docs/getting-started) by extensions ['colcon_pkg']
[0.251s] Level 1:colcon.colcon_core.package_identification:_identify(docs/getting-started) by extension 'colcon_pkg'
[0.251s] Level 1:colcon.colcon_core.package_identification:_identify(docs/getting-started) by extensions ['colcon_meta']
[0.251s] Level 1:colcon.colcon_core.package_identification:_identify(docs/getting-started) by extension 'colcon_meta'
[0.251s] Level 1:colcon.colcon_core.package_identification:_identify(docs/getting-started) by extensions ['ros']
[0.251s] Level 1:colcon.colcon_core.package_identification:_identify(docs/getting-started) by extension 'ros'
[0.251s] Level 1:colcon.colcon_core.package_identification:_identify(docs/getting-started) by extensions ['cmake', 'python']
[0.251s] Level 1:colcon.colcon_core.package_identification:_identify(docs/getting-started) by extension 'cmake'
[0.251s] Level 1:colcon.colcon_core.package_identification:_identify(docs/getting-started) by extension 'python'
[0.251s] Level 1:colcon.colcon_core.package_identification:_identify(docs/getting-started) by extensions ['python_setup_py']
[0.251s] Level 1:colcon.colcon_core.package_identification:_identify(docs/getting-started) by extension 'python_setup_py'
[0.251s] Level 1:colcon.colcon_core.package_identification:_identify(docs/images) by extensions ['ignore', 'ignore_ament_install']
[0.251s] Level 1:colcon.colcon_core.package_identification:_identify(docs/images) by extension 'ignore'
[0.252s] Level 1:colcon.colcon_core.package_identification:_identify(docs/images) by extension 'ignore_ament_install'
[0.252s] Level 1:colcon.colcon_core.package_identification:_identify(docs/images) by extensions ['colcon_pkg']
[0.252s] Level 1:colcon.colcon_core.package_identification:_identify(docs/images) by extension 'colcon_pkg'
[0.252s] Level 1:colcon.colcon_core.package_identification:_identify(docs/images) by extensions ['colcon_meta']
[0.252s] Level 1:colcon.colcon_core.package_identification:_identify(docs/images) by extension 'colcon_meta'
[0.252s] Level 1:colcon.colcon_core.package_identification:_identify(docs/images) by extensions ['ros']
[0.252s] Level 1:colcon.colcon_core.package_identification:_identify(docs/images) by extension 'ros'
[0.252s] Level 1:colcon.colcon_core.package_identification:_identify(docs/images) by extensions ['cmake', 'python']
[0.252s] Level 1:colcon.colcon_core.package_identification:_identify(docs/images) by extension 'cmake'
[0.252s] Level 1:colcon.colcon_core.package_identification:_identify(docs/images) by extension 'python'
[0.252s] Level 1:colcon.colcon_core.package_identification:_identify(docs/images) by extensions ['python_setup_py']
[0.252s] Level 1:colcon.colcon_core.package_identification:_identify(docs/images) by extension 'python_setup_py'
[0.252s] Level 1:colcon.colcon_core.package_identification:_identify(docs/tutorials) by extensions ['ignore', 'ignore_ament_install']
[0.252s] Level 1:colcon.colcon_core.package_identification:_identify(docs/tutorials) by extension 'ignore'
[0.252s] Level 1:colcon.colcon_core.package_identification:_identify(docs/tutorials) by extension 'ignore_ament_install'
[0.252s] Level 1:colcon.colcon_core.package_identification:_identify(docs/tutorials) by extensions ['colcon_pkg']
[0.252s] Level 1:colcon.colcon_core.package_identification:_identify(docs/tutorials) by extension 'colcon_pkg'
[0.252s] Level 1:colcon.colcon_core.package_identification:_identify(docs/tutorials) by extensions ['colcon_meta']
[0.252s] Level 1:colcon.colcon_core.package_identification:_identify(docs/tutorials) by extension 'colcon_meta'
[0.252s] Level 1:colcon.colcon_core.package_identification:_identify(docs/tutorials) by extensions ['ros']
[0.252s] Level 1:colcon.colcon_core.package_identification:_identify(docs/tutorials) by extension 'ros'
[0.253s] Level 1:colcon.colcon_core.package_identification:_identify(docs/tutorials) by extensions ['cmake', 'python']
[0.253s] Level 1:colcon.colcon_core.package_identification:_identify(docs/tutorials) by extension 'cmake'
[0.253s] Level 1:colcon.colcon_core.package_identification:_identify(docs/tutorials) by extension 'python'
[0.253s] Level 1:colcon.colcon_core.package_identification:_identify(docs/tutorials) by extensions ['python_setup_py']
[0.253s] Level 1:colcon.colcon_core.package_identification:_identify(docs/tutorials) by extension 'python_setup_py'
[0.253s] Level 1:colcon.colcon_core.package_identification:_identify(install) by extensions ['ignore', 'ignore_ament_install']
[0.253s] Level 1:colcon.colcon_core.package_identification:_identify(install) by extension 'ignore'
[0.253s] Level 1:colcon.colcon_core.package_identification:_identify(install) ignored
[0.253s] Level 1:colcon.colcon_core.package_identification:_identify(log) by extensions ['ignore', 'ignore_ament_install']
[0.253s] Level 1:colcon.colcon_core.package_identification:_identify(log) by extension 'ignore'
[0.253s] Level 1:colcon.colcon_core.package_identification:_identify(log) ignored
[0.253s] Level 1:colcon.colcon_core.package_identification:_identify(resources) by extensions ['ignore', 'ignore_ament_install']
[0.253s] Level 1:colcon.colcon_core.package_identification:_identify(resources) by extension 'ignore'
[0.253s] Level 1:colcon.colcon_core.package_identification:_identify(resources) by extension 'ignore_ament_install'
[0.253s] Level 1:colcon.colcon_core.package_identification:_identify(resources) by extensions ['colcon_pkg']
[0.253s] Level 1:colcon.colcon_core.package_identification:_identify(resources) by extension 'colcon_pkg'
[0.253s] Level 1:colcon.colcon_core.package_identification:_identify(resources) by extensions ['colcon_meta']
[0.253s] Level 1:colcon.colcon_core.package_identification:_identify(resources) by extension 'colcon_meta'
[0.254s] Level 1:colcon.colcon_core.package_identification:_identify(resources) by extensions ['ros']
[0.254s] Level 1:colcon.colcon_core.package_identification:_identify(resources) by extension 'ros'
[0.254s] Level 1:colcon.colcon_core.package_identification:_identify(resources) by extensions ['cmake', 'python']
[0.254s] Level 1:colcon.colcon_core.package_identification:_identify(resources) by extension 'cmake'
[0.254s] Level 1:colcon.colcon_core.package_identification:_identify(resources) by extension 'python'
[0.254s] Level 1:colcon.colcon_core.package_identification:_identify(resources) by extensions ['python_setup_py']
[0.254s] Level 1:colcon.colcon_core.package_identification:_identify(resources) by extension 'python_setup_py'
[0.254s] Level 1:colcon.colcon_core.package_identification:_identify(scara_bringup) by extensions ['ignore', 'ignore_ament_install']
[0.254s] Level 1:colcon.colcon_core.package_identification:_identify(scara_bringup) by extension 'ignore'
[0.254s] Level 1:colcon.colcon_core.package_identification:_identify(scara_bringup) by extension 'ignore_ament_install'
[0.254s] Level 1:colcon.colcon_core.package_identification:_identify(scara_bringup) by extensions ['colcon_pkg']
[0.254s] Level 1:colcon.colcon_core.package_identification:_identify(scara_bringup) by extension 'colcon_pkg'
[0.254s] Level 1:colcon.colcon_core.package_identification:_identify(scara_bringup) by extensions ['colcon_meta']
[0.254s] Level 1:colcon.colcon_core.package_identification:_identify(scara_bringup) by extension 'colcon_meta'
[0.254s] Level 1:colcon.colcon_core.package_identification:_identify(scara_bringup) by extensions ['ros']
[0.254s] Level 1:colcon.colcon_core.package_identification:_identify(scara_bringup) by extension 'ros'
[0.259s] DEBUG:colcon.colcon_core.package_identification:Package 'scara_bringup' with type 'ros.ament_cmake' and name 'scara_bringup'
[0.260s] Level 1:colcon.colcon_core.package_identification:_identify(scara_controllers) by extensions ['ignore', 'ignore_ament_install']
[0.260s] Level 1:colcon.colcon_core.package_identification:_identify(scara_controllers) by extension 'ignore'
[0.260s] Level 1:colcon.colcon_core.package_identification:_identify(scara_controllers) by extension 'ignore_ament_install'
[0.260s] Level 1:colcon.colcon_core.package_identification:_identify(scara_controllers) by extensions ['colcon_pkg']
[0.260s] Level 1:colcon.colcon_core.package_identification:_identify(scara_controllers) by extension 'colcon_pkg'
[0.260s] Level 1:colcon.colcon_core.package_identification:_identify(scara_controllers) by extensions ['colcon_meta']
[0.260s] Level 1:colcon.colcon_core.package_identification:_identify(scara_controllers) by extension 'colcon_meta'
[0.260s] Level 1:colcon.colcon_core.package_identification:_identify(scara_controllers) by extensions ['ros']
[0.260s] Level 1:colcon.colcon_core.package_identification:_identify(scara_controllers) by extension 'ros'
[0.260s] Level 1:colcon.colcon_core.package_identification:_identify(scara_controllers) by extensions ['cmake', 'python']
[0.260s] Level 1:colcon.colcon_core.package_identification:_identify(scara_controllers) by extension 'cmake'
[0.260s] Level 1:colcon.colcon_core.package_identification:_identify(scara_controllers) by extension 'python'
[0.260s] Level 1:colcon.colcon_core.package_identification:_identify(scara_controllers) by extensions ['python_setup_py']
[0.260s] Level 1:colcon.colcon_core.package_identification:_identify(scara_controllers) by extension 'python_setup_py'
[0.260s] Level 1:colcon.colcon_core.package_identification:_identify(scara_controllers/scara_joint_velocity_controller) by extensions ['ignore', 'ignore_ament_install']
[0.260s] Level 1:colcon.colcon_core.package_identification:_identify(scara_controllers/scara_joint_velocity_controller) by extension 'ignore'
[0.261s] Level 1:colcon.colcon_core.package_identification:_identify(scara_controllers/scara_joint_velocity_controller) by extension 'ignore_ament_install'
[0.261s] Level 1:colcon.colcon_core.package_identification:_identify(scara_controllers/scara_joint_velocity_controller) by extensions ['colcon_pkg']
[0.261s] Level 1:colcon.colcon_core.package_identification:_identify(scara_controllers/scara_joint_velocity_controller) by extension 'colcon_pkg'
[0.261s] Level 1:colcon.colcon_core.package_identification:_identify(scara_controllers/scara_joint_velocity_controller) by extensions ['colcon_meta']
[0.261s] Level 1:colcon.colcon_core.package_identification:_identify(scara_controllers/scara_joint_velocity_controller) by extension 'colcon_meta'
[0.261s] Level 1:colcon.colcon_core.package_identification:_identify(scara_controllers/scara_joint_velocity_controller) by extensions ['ros']
[0.261s] Level 1:colcon.colcon_core.package_identification:_identify(scara_controllers/scara_joint_velocity_controller) by extension 'ros'
[0.262s] DEBUG:colcon.colcon_core.package_identification:Package 'scara_controllers/scara_joint_velocity_controller' with type 'ros.ament_cmake' and name 'scara_joint_velocity_controller'
[0.262s] Level 1:colcon.colcon_core.package_identification:_identify(scara_description) by extensions ['ignore', 'ignore_ament_install']
[0.262s] Level 1:colcon.colcon_core.package_identification:_identify(scara_description) by extension 'ignore'
[0.262s] Level 1:colcon.colcon_core.package_identification:_identify(scara_description) by extension 'ignore_ament_install'
[0.262s] Level 1:colcon.colcon_core.package_identification:_identify(scara_description) by extensions ['colcon_pkg']
[0.262s] Level 1:colcon.colcon_core.package_identification:_identify(scara_description) by extension 'colcon_pkg'
[0.262s] Level 1:colcon.colcon_core.package_identification:_identify(scara_description) by extensions ['colcon_meta']
[0.262s] Level 1:colcon.colcon_core.package_identification:_identify(scara_description) by extension 'colcon_meta'
[0.262s] Level 1:colcon.colcon_core.package_identification:_identify(scara_description) by extensions ['ros']
[0.262s] Level 1:colcon.colcon_core.package_identification:_identify(scara_description) by extension 'ros'
[0.263s] DEBUG:colcon.colcon_core.package_identification:Package 'scara_description' with type 'ros.ament_cmake' and name 'scara_description'
[0.263s] Level 1:colcon.colcon_core.package_identification:_identify(scara_hardware) by extensions ['ignore', 'ignore_ament_install']
[0.263s] Level 1:colcon.colcon_core.package_identification:_identify(scara_hardware) by extension 'ignore'
[0.263s] Level 1:colcon.colcon_core.package_identification:_identify(scara_hardware) by extension 'ignore_ament_install'
[0.263s] Level 1:colcon.colcon_core.package_identification:_identify(scara_hardware) by extensions ['colcon_pkg']
[0.263s] Level 1:colcon.colcon_core.package_identification:_identify(scara_hardware) by extension 'colcon_pkg'
[0.263s] Level 1:colcon.colcon_core.package_identification:_identify(scara_hardware) by extensions ['colcon_meta']
[0.263s] Level 1:colcon.colcon_core.package_identification:_identify(scara_hardware) by extension 'colcon_meta'
[0.263s] Level 1:colcon.colcon_core.package_identification:_identify(scara_hardware) by extensions ['ros']
[0.263s] Level 1:colcon.colcon_core.package_identification:_identify(scara_hardware) by extension 'ros'
[0.264s] DEBUG:colcon.colcon_core.package_identification:Package 'scara_hardware' with type 'ros.ament_cmake' and name 'scara_hardware'
[0.264s] Level 1:colcon.colcon_core.package_identification:_identify(scara_nodes) by extensions ['ignore', 'ignore_ament_install']
[0.264s] Level 1:colcon.colcon_core.package_identification:_identify(scara_nodes) by extension 'ignore'
[0.264s] Level 1:colcon.colcon_core.package_identification:_identify(scara_nodes) by extension 'ignore_ament_install'
[0.265s] Level 1:colcon.colcon_core.package_identification:_identify(scara_nodes) by extensions ['colcon_pkg']
[0.265s] Level 1:colcon.colcon_core.package_identification:_identify(scara_nodes) by extension 'colcon_pkg'
[0.265s] Level 1:colcon.colcon_core.package_identification:_identify(scara_nodes) by extensions ['colcon_meta']
[0.265s] Level 1:colcon.colcon_core.package_identification:_identify(scara_nodes) by extension 'colcon_meta'
[0.265s] Level 1:colcon.colcon_core.package_identification:_identify(scara_nodes) by extensions ['ros']
[0.265s] Level 1:colcon.colcon_core.package_identification:_identify(scara_nodes) by extension 'ros'
[0.265s] DEBUG:colcon.colcon_core.package_identification:Package 'scara_nodes' with type 'ros.ament_cmake' and name 'scara_nodes'
[0.265s] Level 1:colcon.colcon_core.package_discovery:discover_packages(recursive) using defaults
[0.265s] Level 1:colcon.colcon_core.package_discovery:discover_packages(ignore) discover
[0.265s] Level 1:colcon.colcon_core.package_discovery:discover_packages(ignore) using defaults
[0.265s] Level 1:colcon.colcon_core.package_discovery:discover_packages(path) discover
[0.265s] Level 1:colcon.colcon_core.package_discovery:discover_packages(path) using defaults
[0.289s] Level 1:colcon.colcon_core.package_discovery:discover_packages(prefix_path) check parameters
[0.290s] Level 1:colcon.colcon_core.package_discovery:discover_packages(prefix_path) discover
[0.294s] DEBUG:colcon.colcon_installed_package_information.package_discovery:Found 368 installed packages in /opt/ros/jazzy
[0.295s] Level 1:colcon.colcon_core.package_discovery:discover_packages(prefix_path) using defaults
[0.367s] Level 5:colcon.colcon_core.verb:set package 'scara_bringup' build argument 'cmake_args' from command line to '['-DCMAKE_BUILD_TYPE=Release']'
[0.367s] Level 5:colcon.colcon_core.verb:set package 'scara_bringup' build argument 'cmake_target' from command line to 'None'
[0.367s] Level 5:colcon.colcon_core.verb:set package 'scara_bringup' build argument 'cmake_target_skip_unavailable' from command line to 'False'
[0.367s] Level 5:colcon.colcon_core.verb:set package 'scara_bringup' build argument 'cmake_clean_cache' from command line to 'False'
[0.367s] Level 5:colcon.colcon_core.verb:set package 'scara_bringup' build argument 'cmake_clean_first' from command line to 'False'
[0.367s] Level 5:colcon.colcon_core.verb:set package 'scara_bringup' build argument 'cmake_force_configure' from command line to 'False'
[0.367s] Level 5:colcon.colcon_core.verb:set package 'scara_bringup' build argument 'ament_cmake_args' from command line to 'None'
[0.367s] Level 5:colcon.colcon_core.verb:set package 'scara_bringup' build argument 'catkin_cmake_args' from command line to 'None'
[0.367s] Level 5:colcon.colcon_core.verb:set package 'scara_bringup' build argument 'catkin_skip_building_tests' from command line to 'False'
[0.367s] DEBUG:colcon.colcon_core.verb:Building package 'scara_bringup' with the following arguments: {'ament_cmake_args': None, 'build_base': '/home/mpr/info_indus/ros2_ws/src/ecat_ros2_workshop/build/scara_bringup', 'catkin_cmake_args': None, 'catkin_skip_building_tests': False, 'cmake_args': ['-DCMAKE_BUILD_TYPE=Release'], 'cmake_clean_cache': False, 'cmake_clean_first': False, 'cmake_force_configure': False, 'cmake_target': None, 'cmake_target_skip_unavailable': False, 'install_base': '/home/mpr/info_indus/ros2_ws/src/ecat_ros2_workshop/install/scara_bringup', 'merge_install': False, 'path': '/home/mpr/info_indus/ros2_ws/src/ecat_ros2_workshop/scara_bringup', 'symlink_install': True, 'test_result_base': None}
[0.367s] Level 5:colcon.colcon_core.verb:set package 'scara_description' build argument 'cmake_args' from command line to '['-DCMAKE_BUILD_TYPE=Release']'
[0.367s] Level 5:colcon.colcon_core.verb:set package 'scara_description' build argument 'cmake_target' from command line to 'None'
[0.368s] Level 5:colcon.colcon_core.verb:set package 'scara_description' build argument 'cmake_target_skip_unavailable' from command line to 'False'
[0.368s] Level 5:colcon.colcon_core.verb:set package 'scara_description' build argument 'cmake_clean_cache' from command line to 'False'
[0.368s] Level 5:colcon.colcon_core.verb:set package 'scara_description' build argument 'cmake_clean_first' from command line to 'False'
[0.368s] Level 5:colcon.colcon_core.verb:set package 'scara_description' build argument 'cmake_force_configure' from command line to 'False'
[0.368s] Level 5:colcon.colcon_core.verb:set package 'scara_description' build argument 'ament_cmake_args' from command line to 'None'
[0.368s] Level 5:colcon.colcon_core.verb:set package 'scara_description' build argument 'catkin_cmake_args' from command line to 'None'
[0.368s] Level 5:colcon.colcon_core.verb:set package 'scara_description' build argument 'catkin_skip_building_tests' from command line to 'False'
[0.368s] DEBUG:colcon.colcon_core.verb:Building package 'scara_description' with the following arguments: {'ament_cmake_args': None, 'build_base': '/home/mpr/info_indus/ros2_ws/src/ecat_ros2_workshop/build/scara_description', 'catkin_cmake_args': None, 'catkin_skip_building_tests': False, 'cmake_args': ['-DCMAKE_BUILD_TYPE=Release'], 'cmake_clean_cache': False, 'cmake_clean_first': False, 'cmake_force_configure': False, 'cmake_target': None, 'cmake_target_skip_unavailable': False, 'install_base': '/home/mpr/info_indus/ros2_ws/src/ecat_ros2_workshop/install/scara_description', 'merge_install': False, 'path': '/home/mpr/info_indus/ros2_ws/src/ecat_ros2_workshop/scara_description', 'symlink_install': True, 'test_result_base': None}
[0.368s] Level 5:colcon.colcon_core.verb:set package 'scara_joint_velocity_controller' build argument 'cmake_args' from command line to '['-DCMAKE_BUILD_TYPE=Release']'
[0.368s] Level 5:colcon.colcon_core.verb:set package 'scara_joint_velocity_controller' build argument 'cmake_target' from command line to 'None'
[0.368s] Level 5:colcon.colcon_core.verb:set package 'scara_joint_velocity_controller' build argument 'cmake_target_skip_unavailable' from command line to 'False'
[0.368s] Level 5:colcon.colcon_core.verb:set package 'scara_joint_velocity_controller' build argument 'cmake_clean_cache' from command line to 'False'
[0.368s] Level 5:colcon.colcon_core.verb:set package 'scara_joint_velocity_controller' build argument 'cmake_clean_first' from command line to 'False'
[0.368s] Level 5:colcon.colcon_core.verb:set package 'scara_joint_velocity_controller' build argument 'cmake_force_configure' from command line to 'False'
[0.368s] Level 5:colcon.colcon_core.verb:set package 'scara_joint_velocity_controller' build argument 'ament_cmake_args' from command line to 'None'
[0.368s] Level 5:colcon.colcon_core.verb:set package 'scara_joint_velocity_controller' build argument 'catkin_cmake_args' from command line to 'None'
[0.368s] Level 5:colcon.colcon_core.verb:set package 'scara_joint_velocity_controller' build argument 'catkin_skip_building_tests' from command line to 'False'
[0.368s] DEBUG:colcon.colcon_core.verb:Building package 'scara_joint_velocity_controller' with the following arguments: {'ament_cmake_args': None, 'build_base': '/home/mpr/info_indus/ros2_ws/src/ecat_ros2_workshop/build/scara_joint_velocity_controller', 'catkin_cmake_args': None, 'catkin_skip_building_tests': False, 'cmake_args': ['-DCMAKE_BUILD_TYPE=Release'], 'cmake_clean_cache': False, 'cmake_clean_first': False, 'cmake_force_configure': False, 'cmake_target': None, 'cmake_target_skip_unavailable': False, 'install_base': '/home/mpr/info_indus/ros2_ws/src/ecat_ros2_workshop/install/scara_joint_velocity_controller', 'merge_install': False, 'path': '/home/mpr/info_indus/ros2_ws/src/ecat_ros2_workshop/scara_controllers/scara_joint_velocity_controller', 'symlink_install': True, 'test_result_base': None}
[0.369s] Level 5:colcon.colcon_core.verb:set package 'scara_nodes' build argument 'cmake_args' from command line to '['-DCMAKE_BUILD_TYPE=Release']'
[0.369s] Level 5:colcon.colcon_core.verb:set package 'scara_nodes' build argument 'cmake_target' from command line to 'None'
[0.369s] Level 5:colcon.colcon_core.verb:set package 'scara_nodes' build argument 'cmake_target_skip_unavailable' from command line to 'False'
[0.369s] Level 5:colcon.colcon_core.verb:set package 'scara_nodes' build argument 'cmake_clean_cache' from command line to 'False'
[0.369s] Level 5:colcon.colcon_core.verb:set package 'scara_nodes' build argument 'cmake_clean_first' from command line to 'False'
[0.369s] Level 5:colcon.colcon_core.verb:set package 'scara_nodes' build argument 'cmake_force_configure' from command line to 'False'
[0.369s] Level 5:colcon.colcon_core.verb:set package 'scara_nodes' build argument 'ament_cmake_args' from command line to 'None'
[0.369s] Level 5:colcon.colcon_core.verb:set package 'scara_nodes' build argument 'catkin_cmake_args' from command line to 'None'
[0.369s] Level 5:colcon.colcon_core.verb:set package 'scara_nodes' build argument 'catkin_skip_building_tests' from command line to 'False'
[0.369s] DEBUG:colcon.colcon_core.verb:Building package 'scara_nodes' with the following arguments: {'ament_cmake_args': None, 'build_base': '/home/mpr/info_indus/ros2_ws/src/ecat_ros2_workshop/build/scara_nodes', 'catkin_cmake_args': None, 'catkin_skip_building_tests': False, 'cmake_args': ['-DCMAKE_BUILD_TYPE=Release'], 'cmake_clean_cache': False, 'cmake_clean_first': False, 'cmake_force_configure': False, 'cmake_target': None, 'cmake_target_skip_unavailable': False, 'install_base': '/home/mpr/info_indus/ros2_ws/src/ecat_ros2_workshop/install/scara_nodes', 'merge_install': False, 'path': '/home/mpr/info_indus/ros2_ws/src/ecat_ros2_workshop/scara_nodes', 'symlink_install': True, 'test_result_base': None}
[0.369s] Level 5:colcon.colcon_core.verb:set package 'scara_hardware' build argument 'cmake_args' from command line to '['-DCMAKE_BUILD_TYPE=Release']'
[0.369s] Level 5:colcon.colcon_core.verb:set package 'scara_hardware' build argument 'cmake_target' from command line to 'None'
[0.369s] Level 5:colcon.colcon_core.verb:set package 'scara_hardware' build argument 'cmake_target_skip_unavailable' from command line to 'False'
[0.369s] Level 5:colcon.colcon_core.verb:set package 'scara_hardware' build argument 'cmake_clean_cache' from command line to 'False'
[0.369s] Level 5:colcon.colcon_core.verb:set package 'scara_hardware' build argument 'cmake_clean_first' from command line to 'False'
[0.369s] Level 5:colcon.colcon_core.verb:set package 'scara_hardware' build argument 'cmake_force_configure' from command line to 'False'
[0.369s] Level 5:colcon.colcon_core.verb:set package 'scara_hardware' build argument 'ament_cmake_args' from command line to 'None'
[0.369s] Level 5:colcon.colcon_core.verb:set package 'scara_hardware' build argument 'catkin_cmake_args' from command line to 'None'
[0.369s] Level 5:colcon.colcon_core.verb:set package 'scara_hardware' build argument 'catkin_skip_building_tests' from command line to 'False'
[0.369s] DEBUG:colcon.colcon_core.verb:Building package 'scara_hardware' with the following arguments: {'ament_cmake_args': None, 'build_base': '/home/mpr/info_indus/ros2_ws/src/ecat_ros2_workshop/build/scara_hardware', 'catkin_cmake_args': None, 'catkin_skip_building_tests': False, 'cmake_args': ['-DCMAKE_BUILD_TYPE=Release'], 'cmake_clean_cache': False, 'cmake_clean_first': False, 'cmake_force_configure': False, 'cmake_target': None, 'cmake_target_skip_unavailable': False, 'install_base': '/home/mpr/info_indus/ros2_ws/src/ecat_ros2_workshop/install/scara_hardware', 'merge_install': False, 'path': '/home/mpr/info_indus/ros2_ws/src/ecat_ros2_workshop/scara_hardware', 'symlink_install': True, 'test_result_base': None}
[0.370s] INFO:colcon.colcon_core.executor:Executing jobs using 'parallel' executor
[0.371s] DEBUG:colcon.colcon_parallel_executor.executor.parallel:run_until_complete
[0.371s] INFO:colcon.colcon_ros.task.ament_cmake.build:Building ROS package in '/home/mpr/info_indus/ros2_ws/src/ecat_ros2_workshop/scara_description' with build type 'ament_cmake'
[0.372s] INFO:colcon.colcon_cmake.task.cmake.build:Building CMake package in '/home/mpr/info_indus/ros2_ws/src/ecat_ros2_workshop/scara_description'
[0.374s] INFO:colcon.colcon_core.plugin_system:Skipping extension 'colcon_core.shell.bat': Not used on non-Windows systems
[0.374s] INFO:colcon.colcon_core.shell:Skip shell extension 'powershell' for command environment: Not usable outside of PowerShell
[0.374s] DEBUG:colcon.colcon_core.shell:Skip shell extension 'dsv' for command environment
[0.380s] INFO:colcon.colcon_ros.task.ament_cmake.build:Building ROS package in '/home/mpr/info_indus/ros2_ws/src/ecat_ros2_workshop/scara_bringup' with build type 'ament_cmake'
[0.380s] INFO:colcon.colcon_cmake.task.cmake.build:Building CMake package in '/home/mpr/info_indus/ros2_ws/src/ecat_ros2_workshop/scara_bringup'
[0.380s] INFO:colcon.colcon_core.shell:Skip shell extension 'powershell' for command environment: Not usable outside of PowerShell
[0.381s] DEBUG:colcon.colcon_core.shell:Skip shell extension 'dsv' for command environment
[0.386s] INFO:colcon.colcon_ros.task.ament_cmake.build:Building ROS package in '/home/mpr/info_indus/ros2_ws/src/ecat_ros2_workshop/scara_controllers/scara_joint_velocity_controller' with build type 'ament_cmake'
[0.386s] INFO:colcon.colcon_cmake.task.cmake.build:Building CMake package in '/home/mpr/info_indus/ros2_ws/src/ecat_ros2_workshop/scara_controllers/scara_joint_velocity_controller'
[0.387s] INFO:colcon.colcon_core.shell:Skip shell extension 'powershell' for command environment: Not usable outside of PowerShell
[0.387s] DEBUG:colcon.colcon_core.shell:Skip shell extension 'dsv' for command environment
[0.393s] INFO:colcon.colcon_ros.task.ament_cmake.build:Building ROS package in '/home/mpr/info_indus/ros2_ws/src/ecat_ros2_workshop/scara_nodes' with build type 'ament_cmake'
[0.393s] INFO:colcon.colcon_cmake.task.cmake.build:Building CMake package in '/home/mpr/info_indus/ros2_ws/src/ecat_ros2_workshop/scara_nodes'
[0.393s] INFO:colcon.colcon_core.shell:Skip shell extension 'powershell' for command environment: Not usable outside of PowerShell
[0.394s] DEBUG:colcon.colcon_core.shell:Skip shell extension 'dsv' for command environment
[0.407s] DEBUG:colcon.colcon_core.event_handler.log_command:Invoking command in '/home/mpr/info_indus/ros2_ws/src/ecat_ros2_workshop/build/scara_description': CMAKE_PREFIX_PATH=${CMAKE_PREFIX_PATH}:/opt/ros/jazzy DEBUGINFOD_URLS=https://debuginfod.ubuntu.com /usr/bin/cmake /home/mpr/info_indus/ros2_ws/src/ecat_ros2_workshop/scara_description -DCMAKE_BUILD_TYPE=Release -DAMENT_CMAKE_SYMLINK_INSTALL=1 -DCMAKE_INSTALL_PREFIX=/home/mpr/info_indus/ros2_ws/src/ecat_ros2_workshop/install/scara_description
[0.413s] DEBUG:colcon.colcon_core.event_handler.log_command:Invoking command in '/home/mpr/info_indus/ros2_ws/src/ecat_ros2_workshop/build/scara_bringup': CMAKE_PREFIX_PATH=${CMAKE_PREFIX_PATH}:/opt/ros/jazzy DEBUGINFOD_URLS=https://debuginfod.ubuntu.com /usr/bin/cmake /home/mpr/info_indus/ros2_ws/src/ecat_ros2_workshop/scara_bringup -DCMAKE_BUILD_TYPE=Release -DAMENT_CMAKE_SYMLINK_INSTALL=1 -DCMAKE_INSTALL_PREFIX=/home/mpr/info_indus/ros2_ws/src/ecat_ros2_workshop/install/scara_bringup
[0.423s] DEBUG:colcon.colcon_core.event_handler.log_command:Invoking command in '/home/mpr/info_indus/ros2_ws/src/ecat_ros2_workshop/build/scara_joint_velocity_controller': CMAKE_PREFIX_PATH=${CMAKE_PREFIX_PATH}:/opt/ros/jazzy DEBUGINFOD_URLS=https://debuginfod.ubuntu.com /usr/bin/cmake /home/mpr/info_indus/ros2_ws/src/ecat_ros2_workshop/scara_controllers/scara_joint_velocity_controller -DCMAKE_BUILD_TYPE=Release -DAMENT_CMAKE_SYMLINK_INSTALL=1 -DCMAKE_INSTALL_PREFIX=/home/mpr/info_indus/ros2_ws/src/ecat_ros2_workshop/install/scara_joint_velocity_controller
[0.440s] DEBUG:colcon.colcon_core.event_handler.log_command:Invoking command in '/home/mpr/info_indus/ros2_ws/src/ecat_ros2_workshop/build/scara_nodes': CMAKE_PREFIX_PATH=${CMAKE_PREFIX_PATH}:/opt/ros/jazzy DEBUGINFOD_URLS=https://debuginfod.ubuntu.com /usr/bin/cmake /home/mpr/info_indus/ros2_ws/src/ecat_ros2_workshop/scara_nodes -DCMAKE_BUILD_TYPE=Release -DAMENT_CMAKE_SYMLINK_INSTALL=1 -DCMAKE_INSTALL_PREFIX=/home/mpr/info_indus/ros2_ws/src/ecat_ros2_workshop/install/scara_nodes
[3.325s] DEBUG:colcon.colcon_core.event_handler.log_command:Invoked command in '/home/mpr/info_indus/ros2_ws/src/ecat_ros2_workshop/build/scara_description' returned '0': CMAKE_PREFIX_PATH=${CMAKE_PREFIX_PATH}:/opt/ros/jazzy DEBUGINFOD_URLS=https://debuginfod.ubuntu.com /usr/bin/cmake /home/mpr/info_indus/ros2_ws/src/ecat_ros2_workshop/scara_description -DCMAKE_BUILD_TYPE=Release -DAMENT_CMAKE_SYMLINK_INSTALL=1 -DCMAKE_INSTALL_PREFIX=/home/mpr/info_indus/ros2_ws/src/ecat_ros2_workshop/install/scara_description
[3.333s] DEBUG:colcon.colcon_core.event_handler.log_command:Invoking command in '/home/mpr/info_indus/ros2_ws/src/ecat_ros2_workshop/build/scara_description': CMAKE_PREFIX_PATH=${CMAKE_PREFIX_PATH}:/opt/ros/jazzy DEBUGINFOD_URLS=https://debuginfod.ubuntu.com /usr/bin/cmake --build /home/mpr/info_indus/ros2_ws/src/ecat_ros2_workshop/build/scara_description -- -j4 -l4
[3.482s] DEBUG:colcon.colcon_core.event_handler.log_command:Invoked command in '/home/mpr/info_indus/ros2_ws/src/ecat_ros2_workshop/build/scara_description' returned '0': CMAKE_PREFIX_PATH=${CMAKE_PREFIX_PATH}:/opt/ros/jazzy DEBUGINFOD_URLS=https://debuginfod.ubuntu.com /usr/bin/cmake --build /home/mpr/info_indus/ros2_ws/src/ecat_ros2_workshop/build/scara_description -- -j4 -l4
[3.513s] DEBUG:colcon.colcon_core.event_handler.log_command:Invoking command in '/home/mpr/info_indus/ros2_ws/src/ecat_ros2_workshop/build/scara_description': CMAKE_PREFIX_PATH=${CMAKE_PREFIX_PATH}:/opt/ros/jazzy DEBUGINFOD_URLS=https://debuginfod.ubuntu.com /usr/bin/cmake --install /home/mpr/info_indus/ros2_ws/src/ecat_ros2_workshop/build/scara_description
[3.669s] DEBUG:colcon.colcon_core.event_handler.log_command:Invoked command in '/home/mpr/info_indus/ros2_ws/src/ecat_ros2_workshop/build/scara_nodes' returned '0': CMAKE_PREFIX_PATH=${CMAKE_PREFIX_PATH}:/opt/ros/jazzy DEBUGINFOD_URLS=https://debuginfod.ubuntu.com /usr/bin/cmake /home/mpr/info_indus/ros2_ws/src/ecat_ros2_workshop/scara_nodes -DCMAKE_BUILD_TYPE=Release -DAMENT_CMAKE_SYMLINK_INSTALL=1 -DCMAKE_INSTALL_PREFIX=/home/mpr/info_indus/ros2_ws/src/ecat_ros2_workshop/install/scara_nodes
[3.673s] DEBUG:colcon.colcon_core.event_handler.log_command:Invoking command in '/home/mpr/info_indus/ros2_ws/src/ecat_ros2_workshop/build/scara_nodes': CMAKE_PREFIX_PATH=${CMAKE_PREFIX_PATH}:/opt/ros/jazzy DEBUGINFOD_URLS=https://debuginfod.ubuntu.com /usr/bin/cmake --build /home/mpr/info_indus/ros2_ws/src/ecat_ros2_workshop/build/scara_nodes -- -j4 -l4
[3.791s] DEBUG:colcon.colcon_core.event_handler.log_command:Invoked command in '/home/mpr/info_indus/ros2_ws/src/ecat_ros2_workshop/build/scara_nodes' returned '0': CMAKE_PREFIX_PATH=${CMAKE_PREFIX_PATH}:/opt/ros/jazzy DEBUGINFOD_URLS=https://debuginfod.ubuntu.com /usr/bin/cmake --build /home/mpr/info_indus/ros2_ws/src/ecat_ros2_workshop/build/scara_nodes -- -j4 -l4
[3.794s] DEBUG:colcon.colcon_core.event_handler.log_command:Invoking command in '/home/mpr/info_indus/ros2_ws/src/ecat_ros2_workshop/build/scara_nodes': CMAKE_PREFIX_PATH=${CMAKE_PREFIX_PATH}:/opt/ros/jazzy DEBUGINFOD_URLS=https://debuginfod.ubuntu.com /usr/bin/cmake --install /home/mpr/info_indus/ros2_ws/src/ecat_ros2_workshop/build/scara_nodes
[4.325s] Level 1:colcon.colcon_core.environment:create_environment_scripts_only(scara_nodes)
[4.327s] DEBUG:colcon.colcon_core.event_handler.log_command:Invoked command in '/home/mpr/info_indus/ros2_ws/src/ecat_ros2_workshop/build/scara_nodes' returned '0': CMAKE_PREFIX_PATH=${CMAKE_PREFIX_PATH}:/opt/ros/jazzy DEBUGINFOD_URLS=https://debuginfod.ubuntu.com /usr/bin/cmake --install /home/mpr/info_indus/ros2_ws/src/ecat_ros2_workshop/build/scara_nodes
[4.335s] Level 1:colcon.colcon_core.environment:checking '/home/mpr/info_indus/ros2_ws/src/ecat_ros2_workshop/install/scara_nodes' for CMake module files
[4.346s] Level 1:colcon.colcon_core.environment:checking '/home/mpr/info_indus/ros2_ws/src/ecat_ros2_workshop/install/scara_nodes' for CMake config files
[4.346s] Level 1:colcon.colcon_core.shell:create_environment_hook('scara_nodes', 'cmake_prefix_path')
[4.347s] INFO:colcon.colcon_core.shell:Creating environment hook '/home/mpr/info_indus/ros2_ws/src/ecat_ros2_workshop/install/scara_nodes/share/scara_nodes/hook/cmake_prefix_path.ps1'
[4.360s] INFO:colcon.colcon_core.shell:Creating environment descriptor '/home/mpr/info_indus/ros2_ws/src/ecat_ros2_workshop/install/scara_nodes/share/scara_nodes/hook/cmake_prefix_path.dsv'
[4.364s] INFO:colcon.colcon_core.shell:Creating environment hook '/home/mpr/info_indus/ros2_ws/src/ecat_ros2_workshop/install/scara_nodes/share/scara_nodes/hook/cmake_prefix_path.sh'
[4.367s] Level 1:colcon.colcon_core.environment:checking '/home/mpr/info_indus/ros2_ws/src/ecat_ros2_workshop/install/scara_nodes/lib'
[4.368s] Level 1:colcon.colcon_core.environment:checking '/home/mpr/info_indus/ros2_ws/src/ecat_ros2_workshop/install/scara_nodes/bin'
[4.368s] Level 1:colcon.colcon_core.environment:checking '/home/mpr/info_indus/ros2_ws/src/ecat_ros2_workshop/install/scara_nodes/lib/pkgconfig/scara_nodes.pc'
[4.369s] Level 1:colcon.colcon_core.environment:checking '/home/mpr/info_indus/ros2_ws/src/ecat_ros2_workshop/install/scara_nodes/lib/python3.12/site-packages'
[4.370s] Level 1:colcon.colcon_core.environment:checking '/home/mpr/info_indus/ros2_ws/src/ecat_ros2_workshop/install/scara_nodes/bin'
[4.371s] INFO:colcon.colcon_core.shell:Creating package script '/home/mpr/info_indus/ros2_ws/src/ecat_ros2_workshop/install/scara_nodes/share/scara_nodes/package.ps1'
[4.374s] INFO:colcon.colcon_core.shell:Creating package descriptor '/home/mpr/info_indus/ros2_ws/src/ecat_ros2_workshop/install/scara_nodes/share/scara_nodes/package.dsv'
[4.376s] INFO:colcon.colcon_core.shell:Creating package script '/home/mpr/info_indus/ros2_ws/src/ecat_ros2_workshop/install/scara_nodes/share/scara_nodes/package.sh'
[4.377s] INFO:colcon.colcon_core.shell:Creating package script '/home/mpr/info_indus/ros2_ws/src/ecat_ros2_workshop/install/scara_nodes/share/scara_nodes/package.bash'
[4.378s] INFO:colcon.colcon_core.shell:Creating package script '/home/mpr/info_indus/ros2_ws/src/ecat_ros2_workshop/install/scara_nodes/share/scara_nodes/package.zsh'
[4.380s] Level 1:colcon.colcon_core.environment:create_file_with_runtime_dependencies(/home/mpr/info_indus/ros2_ws/src/ecat_ros2_workshop/install/scara_nodes/share/colcon-core/packages/scara_nodes)
[4.382s] Level 1:colcon.colcon_core.environment:create_environment_scripts_only(scara_nodes)
[4.382s] Level 1:colcon.colcon_core.environment:checking '/home/mpr/info_indus/ros2_ws/src/ecat_ros2_workshop/install/scara_nodes' for CMake module files
[4.384s] Level 1:colcon.colcon_core.environment:checking '/home/mpr/info_indus/ros2_ws/src/ecat_ros2_workshop/install/scara_nodes' for CMake config files
[4.384s] Level 1:colcon.colcon_core.shell:create_environment_hook('scara_nodes', 'cmake_prefix_path')
[4.385s] INFO:colcon.colcon_core.shell:Creating environment hook '/home/mpr/info_indus/ros2_ws/src/ecat_ros2_workshop/install/scara_nodes/share/scara_nodes/hook/cmake_prefix_path.ps1'
[4.387s] INFO:colcon.colcon_core.shell:Creating environment descriptor '/home/mpr/info_indus/ros2_ws/src/ecat_ros2_workshop/install/scara_nodes/share/scara_nodes/hook/cmake_prefix_path.dsv'
[4.389s] INFO:colcon.colcon_core.shell:Creating environment hook '/home/mpr/info_indus/ros2_ws/src/ecat_ros2_workshop/install/scara_nodes/share/scara_nodes/hook/cmake_prefix_path.sh'
[4.391s] Level 1:colcon.colcon_core.environment:checking '/home/mpr/info_indus/ros2_ws/src/ecat_ros2_workshop/install/scara_nodes/lib'
[4.391s] Level 1:colcon.colcon_core.environment:checking '/home/mpr/info_indus/ros2_ws/src/ecat_ros2_workshop/install/scara_nodes/bin'
[4.391s] Level 1:colcon.colcon_core.environment:checking '/home/mpr/info_indus/ros2_ws/src/ecat_ros2_workshop/install/scara_nodes/lib/pkgconfig/scara_nodes.pc'
[4.392s] Level 1:colcon.colcon_core.environment:checking '/home/mpr/info_indus/ros2_ws/src/ecat_ros2_workshop/install/scara_nodes/lib/python3.12/site-packages'
[4.392s] Level 1:colcon.colcon_core.environment:checking '/home/mpr/info_indus/ros2_ws/src/ecat_ros2_workshop/install/scara_nodes/bin'
[4.393s] INFO:colcon.colcon_core.shell:Creating package script '/home/mpr/info_indus/ros2_ws/src/ecat_ros2_workshop/install/scara_nodes/share/scara_nodes/package.ps1'
[4.396s] INFO:colcon.colcon_core.shell:Creating package descriptor '/home/mpr/info_indus/ros2_ws/src/ecat_ros2_workshop/install/scara_nodes/share/scara_nodes/package.dsv'
[4.397s] INFO:colcon.colcon_core.shell:Creating package script '/home/mpr/info_indus/ros2_ws/src/ecat_ros2_workshop/install/scara_nodes/share/scara_nodes/package.sh'
[4.397s] INFO:colcon.colcon_core.shell:Creating package script '/home/mpr/info_indus/ros2_ws/src/ecat_ros2_workshop/install/scara_nodes/share/scara_nodes/package.bash'
[4.398s] INFO:colcon.colcon_core.shell:Creating package script '/home/mpr/info_indus/ros2_ws/src/ecat_ros2_workshop/install/scara_nodes/share/scara_nodes/package.zsh'
[4.399s] Level 1:colcon.colcon_core.environment:create_file_with_runtime_dependencies(/home/mpr/info_indus/ros2_ws/src/ecat_ros2_workshop/install/scara_nodes/share/colcon-core/packages/scara_nodes)
[4.403s] DEBUG:colcon.colcon_core.event_handler.log_command:Invoked command in '/home/mpr/info_indus/ros2_ws/src/ecat_ros2_workshop/build/scara_bringup' returned '0': CMAKE_PREFIX_PATH=${CMAKE_PREFIX_PATH}:/opt/ros/jazzy DEBUGINFOD_URLS=https://debuginfod.ubuntu.com /usr/bin/cmake /home/mpr/info_indus/ros2_ws/src/ecat_ros2_workshop/scara_bringup -DCMAKE_BUILD_TYPE=Release -DAMENT_CMAKE_SYMLINK_INSTALL=1 -DCMAKE_INSTALL_PREFIX=/home/mpr/info_indus/ros2_ws/src/ecat_ros2_workshop/install/scara_bringup
[4.404s] DEBUG:colcon.colcon_core.event_handler.log_command:Invoking command in '/home/mpr/info_indus/ros2_ws/src/ecat_ros2_workshop/build/scara_bringup': CMAKE_PREFIX_PATH=${CMAKE_PREFIX_PATH}:/opt/ros/jazzy DEBUGINFOD_URLS=https://debuginfod.ubuntu.com /usr/bin/cmake --build /home/mpr/info_indus/ros2_ws/src/ecat_ros2_workshop/build/scara_bringup -- -j4 -l4
[4.522s] DEBUG:colcon.colcon_core.event_handler.log_command:Invoked command in '/home/mpr/info_indus/ros2_ws/src/ecat_ros2_workshop/build/scara_bringup' returned '0': CMAKE_PREFIX_PATH=${CMAKE_PREFIX_PATH}:/opt/ros/jazzy DEBUGINFOD_URLS=https://debuginfod.ubuntu.com /usr/bin/cmake --build /home/mpr/info_indus/ros2_ws/src/ecat_ros2_workshop/build/scara_bringup -- -j4 -l4
[4.525s] DEBUG:colcon.colcon_core.event_handler.log_command:Invoking command in '/home/mpr/info_indus/ros2_ws/src/ecat_ros2_workshop/build/scara_bringup': CMAKE_PREFIX_PATH=${CMAKE_PREFIX_PATH}:/opt/ros/jazzy DEBUGINFOD_URLS=https://debuginfod.ubuntu.com /usr/bin/cmake --install /home/mpr/info_indus/ros2_ws/src/ecat_ros2_workshop/build/scara_bringup
[4.672s] Level 1:colcon.colcon_core.environment:create_environment_scripts_only(scara_description)
[4.673s] Level 1:colcon.colcon_core.environment:checking '/home/mpr/info_indus/ros2_ws/src/ecat_ros2_workshop/install/scara_description' for CMake module files
[4.676s] DEBUG:colcon.colcon_core.event_handler.log_command:Invoked command in '/home/mpr/info_indus/ros2_ws/src/ecat_ros2_workshop/build/scara_description' returned '0': CMAKE_PREFIX_PATH=${CMAKE_PREFIX_PATH}:/opt/ros/jazzy DEBUGINFOD_URLS=https://debuginfod.ubuntu.com /usr/bin/cmake --install /home/mpr/info_indus/ros2_ws/src/ecat_ros2_workshop/build/scara_description
[4.677s] Level 1:colcon.colcon_core.environment:checking '/home/mpr/info_indus/ros2_ws/src/ecat_ros2_workshop/install/scara_description' for CMake config files
[4.678s] Level 1:colcon.colcon_core.shell:create_environment_hook('scara_description', 'cmake_prefix_path')
[4.679s] INFO:colcon.colcon_core.shell:Creating environment hook '/home/mpr/info_indus/ros2_ws/src/ecat_ros2_workshop/install/scara_description/share/scara_description/hook/cmake_prefix_path.ps1'
[4.681s] INFO:colcon.colcon_core.shell:Creating environment descriptor '/home/mpr/info_indus/ros2_ws/src/ecat_ros2_workshop/install/scara_description/share/scara_description/hook/cmake_prefix_path.dsv'
[4.682s] INFO:colcon.colcon_core.shell:Creating environment hook '/home/mpr/info_indus/ros2_ws/src/ecat_ros2_workshop/install/scara_description/share/scara_description/hook/cmake_prefix_path.sh'
[4.685s] Level 1:colcon.colcon_core.environment:checking '/home/mpr/info_indus/ros2_ws/src/ecat_ros2_workshop/install/scara_description/bin'
[4.685s] Level 1:colcon.colcon_core.environment:checking '/home/mpr/info_indus/ros2_ws/src/ecat_ros2_workshop/install/scara_description/lib/pkgconfig/scara_description.pc'
[4.686s] Level 1:colcon.colcon_core.environment:checking '/home/mpr/info_indus/ros2_ws/src/ecat_ros2_workshop/install/scara_description/lib/python3.12/site-packages'
[4.689s] Level 1:colcon.colcon_core.environment:checking '/home/mpr/info_indus/ros2_ws/src/ecat_ros2_workshop/install/scara_description/bin'
[4.690s] INFO:colcon.colcon_core.shell:Creating package script '/home/mpr/info_indus/ros2_ws/src/ecat_ros2_workshop/install/scara_description/share/scara_description/package.ps1'
[4.691s] INFO:colcon.colcon_core.shell:Creating package descriptor '/home/mpr/info_indus/ros2_ws/src/ecat_ros2_workshop/install/scara_description/share/scara_description/package.dsv'
[4.692s] INFO:colcon.colcon_core.shell:Creating package script '/home/mpr/info_indus/ros2_ws/src/ecat_ros2_workshop/install/scara_description/share/scara_description/package.sh'
[4.693s] INFO:colcon.colcon_core.shell:Creating package script '/home/mpr/info_indus/ros2_ws/src/ecat_ros2_workshop/install/scara_description/share/scara_description/package.bash'
[4.694s] INFO:colcon.colcon_core.shell:Creating package script '/home/mpr/info_indus/ros2_ws/src/ecat_ros2_workshop/install/scara_description/share/scara_description/package.zsh'
[4.694s] Level 1:colcon.colcon_core.environment:create_file_with_runtime_dependencies(/home/mpr/info_indus/ros2_ws/src/ecat_ros2_workshop/install/scara_description/share/colcon-core/packages/scara_description)
[4.696s] Level 1:colcon.colcon_core.environment:create_environment_scripts_only(scara_description)
[4.696s] Level 1:colcon.colcon_core.environment:checking '/home/mpr/info_indus/ros2_ws/src/ecat_ros2_workshop/install/scara_description' for CMake module files
[4.697s] Level 1:colcon.colcon_core.environment:checking '/home/mpr/info_indus/ros2_ws/src/ecat_ros2_workshop/install/scara_description' for CMake config files
[4.698s] Level 1:colcon.colcon_core.shell:create_environment_hook('scara_description', 'cmake_prefix_path')
[4.698s] INFO:colcon.colcon_core.shell:Creating environment hook '/home/mpr/info_indus/ros2_ws/src/ecat_ros2_workshop/install/scara_description/share/scara_description/hook/cmake_prefix_path.ps1'
[4.699s] INFO:colcon.colcon_core.shell:Creating environment descriptor '/home/mpr/info_indus/ros2_ws/src/ecat_ros2_workshop/install/scara_description/share/scara_description/hook/cmake_prefix_path.dsv'
[4.701s] INFO:colcon.colcon_core.shell:Creating environment hook '/home/mpr/info_indus/ros2_ws/src/ecat_ros2_workshop/install/scara_description/share/scara_description/hook/cmake_prefix_path.sh'
[4.702s] Level 1:colcon.colcon_core.environment:checking '/home/mpr/info_indus/ros2_ws/src/ecat_ros2_workshop/install/scara_description/bin'
[4.702s] Level 1:colcon.colcon_core.environment:checking '/home/mpr/info_indus/ros2_ws/src/ecat_ros2_workshop/install/scara_description/lib/pkgconfig/scara_description.pc'
[4.703s] Level 1:colcon.colcon_core.environment:checking '/home/mpr/info_indus/ros2_ws/src/ecat_ros2_workshop/install/scara_description/lib/python3.12/site-packages'
[4.703s] Level 1:colcon.colcon_core.environment:checking '/home/mpr/info_indus/ros2_ws/src/ecat_ros2_workshop/install/scara_description/bin'
[4.704s] INFO:colcon.colcon_core.shell:Creating package script '/home/mpr/info_indus/ros2_ws/src/ecat_ros2_workshop/install/scara_description/share/scara_description/package.ps1'
[4.705s] INFO:colcon.colcon_core.shell:Creating package descriptor '/home/mpr/info_indus/ros2_ws/src/ecat_ros2_workshop/install/scara_description/share/scara_description/package.dsv'
[4.706s] INFO:colcon.colcon_core.shell:Creating package script '/home/mpr/info_indus/ros2_ws/src/ecat_ros2_workshop/install/scara_description/share/scara_description/package.sh'
[4.707s] INFO:colcon.colcon_core.shell:Creating package script '/home/mpr/info_indus/ros2_ws/src/ecat_ros2_workshop/install/scara_description/share/scara_description/package.bash'
[4.708s] INFO:colcon.colcon_core.shell:Creating package script '/home/mpr/info_indus/ros2_ws/src/ecat_ros2_workshop/install/scara_description/share/scara_description/package.zsh'
[4.709s] Level 1:colcon.colcon_core.environment:create_file_with_runtime_dependencies(/home/mpr/info_indus/ros2_ws/src/ecat_ros2_workshop/install/scara_description/share/colcon-core/packages/scara_description)
[4.710s] INFO:colcon.colcon_ros.task.ament_cmake.build:Building ROS package in '/home/mpr/info_indus/ros2_ws/src/ecat_ros2_workshop/scara_hardware' with build type 'ament_cmake'
[4.710s] INFO:colcon.colcon_cmake.task.cmake.build:Building CMake package in '/home/mpr/info_indus/ros2_ws/src/ecat_ros2_workshop/scara_hardware'
[4.711s] INFO:colcon.colcon_core.shell:Skip shell extension 'powershell' for command environment: Not usable outside of PowerShell
[4.711s] DEBUG:colcon.colcon_core.shell:Skip shell extension 'dsv' for command environment
[4.735s] DEBUG:colcon.colcon_core.event_handler.log_command:Invoking command in '/home/mpr/info_indus/ros2_ws/src/ecat_ros2_workshop/build/scara_hardware': AMENT_PREFIX_PATH=/home/mpr/info_indus/ros2_ws/src/ecat_ros2_workshop/install/scara_description:${AMENT_PREFIX_PATH} CMAKE_PREFIX_PATH=/home/mpr/info_indus/ros2_ws/src/ecat_ros2_workshop/install/scara_description:/opt/ros/jazzy/opt/gz_sim_vendor:/opt/ros/jazzy/opt/gz_sensors_vendor:/opt/ros/jazzy/opt/gz_physics_vendor:/opt/ros/jazzy/opt/sdformat_vendor:/opt/ros/jazzy/opt/gz_gui_vendor:/opt/ros/jazzy/opt/gz_transport_vendor:/opt/ros/jazzy/opt/gz_rendering_vendor:/opt/ros/jazzy/opt/gz_plugin_vendor:/opt/ros/jazzy/opt/gz_fuel_tools_vendor:/opt/ros/jazzy/opt/gz_msgs_vendor:/opt/ros/jazzy/opt/gz_common_vendor:/opt/ros/jazzy/opt/gz_math_vendor:/opt/ros/jazzy/opt/gz_utils_vendor:/opt/ros/jazzy/opt/gz_tools_vendor:/opt/ros/jazzy/opt/gz_ogre_next_vendor:/opt/ros/jazzy/opt/gz_dartsim_vendor:/opt/ros/jazzy/opt/gz_cmake_vendor:/opt/ros/jazzy DEBUGINFOD_URLS=https://debuginfod.ubuntu.com /usr/bin/cmake /home/mpr/info_indus/ros2_ws/src/ecat_ros2_workshop/scara_hardware -DCMAKE_BUILD_TYPE=Release -DAMENT_CMAKE_SYMLINK_INSTALL=1 -DCMAKE_INSTALL_PREFIX=/home/mpr/info_indus/ros2_ws/src/ecat_ros2_workshop/install/scara_hardware
[5.193s] Level 1:colcon.colcon_core.environment:create_environment_scripts_only(scara_bringup)
[5.194s] Level 1:colcon.colcon_core.environment:checking '/home/mpr/info_indus/ros2_ws/src/ecat_ros2_workshop/install/scara_bringup' for CMake module files
[5.195s] Level 1:colcon.colcon_core.environment:checking '/home/mpr/info_indus/ros2_ws/src/ecat_ros2_workshop/install/scara_bringup' for CMake config files
[5.195s] Level 1:colcon.colcon_core.shell:create_environment_hook('scara_bringup', 'cmake_prefix_path')
[5.196s] INFO:colcon.colcon_core.shell:Creating environment hook '/home/mpr/info_indus/ros2_ws/src/ecat_ros2_workshop/install/scara_bringup/share/scara_bringup/hook/cmake_prefix_path.ps1'
[5.197s] DEBUG:colcon.colcon_core.event_handler.log_command:Invoked command in '/home/mpr/info_indus/ros2_ws/src/ecat_ros2_workshop/build/scara_bringup' returned '0': CMAKE_PREFIX_PATH=${CMAKE_PREFIX_PATH}:/opt/ros/jazzy DEBUGINFOD_URLS=https://debuginfod.ubuntu.com /usr/bin/cmake --install /home/mpr/info_indus/ros2_ws/src/ecat_ros2_workshop/build/scara_bringup
[5.197s] INFO:colcon.colcon_core.shell:Creating environment descriptor '/home/mpr/info_indus/ros2_ws/src/ecat_ros2_workshop/install/scara_bringup/share/scara_bringup/hook/cmake_prefix_path.dsv'
[5.198s] INFO:colcon.colcon_core.shell:Creating environment hook '/home/mpr/info_indus/ros2_ws/src/ecat_ros2_workshop/install/scara_bringup/share/scara_bringup/hook/cmake_prefix_path.sh'
[5.199s] Level 1:colcon.colcon_core.environment:checking '/home/mpr/info_indus/ros2_ws/src/ecat_ros2_workshop/install/scara_bringup/bin'
[5.199s] Level 1:colcon.colcon_core.environment:checking '/home/mpr/info_indus/ros2_ws/src/ecat_ros2_workshop/install/scara_bringup/lib/pkgconfig/scara_bringup.pc'
[5.199s] Level 1:colcon.colcon_core.environment:checking '/home/mpr/info_indus/ros2_ws/src/ecat_ros2_workshop/install/scara_bringup/lib/python3.12/site-packages'
[5.200s] Level 1:colcon.colcon_core.environment:checking '/home/mpr/info_indus/ros2_ws/src/ecat_ros2_workshop/install/scara_bringup/bin'
[5.200s] INFO:colcon.colcon_core.shell:Creating package script '/home/mpr/info_indus/ros2_ws/src/ecat_ros2_workshop/install/scara_bringup/share/scara_bringup/package.ps1'
[5.201s] INFO:colcon.colcon_core.shell:Creating package descriptor '/home/mpr/info_indus/ros2_ws/src/ecat_ros2_workshop/install/scara_bringup/share/scara_bringup/package.dsv'
[5.201s] INFO:colcon.colcon_core.shell:Creating package script '/home/mpr/info_indus/ros2_ws/src/ecat_ros2_workshop/install/scara_bringup/share/scara_bringup/package.sh'
[5.202s] INFO:colcon.colcon_core.shell:Creating package script '/home/mpr/info_indus/ros2_ws/src/ecat_ros2_workshop/install/scara_bringup/share/scara_bringup/package.bash'
[5.202s] INFO:colcon.colcon_core.shell:Creating package script '/home/mpr/info_indus/ros2_ws/src/ecat_ros2_workshop/install/scara_bringup/share/scara_bringup/package.zsh'
[5.203s] Level 1:colcon.colcon_core.environment:create_file_with_runtime_dependencies(/home/mpr/info_indus/ros2_ws/src/ecat_ros2_workshop/install/scara_bringup/share/colcon-core/packages/scara_bringup)
[5.203s] Level 1:colcon.colcon_core.environment:create_environment_scripts_only(scara_bringup)
[5.204s] Level 1:colcon.colcon_core.environment:checking '/home/mpr/info_indus/ros2_ws/src/ecat_ros2_workshop/install/scara_bringup' for CMake module files
[5.205s] Level 1:colcon.colcon_core.environment:checking '/home/mpr/info_indus/ros2_ws/src/ecat_ros2_workshop/install/scara_bringup' for CMake config files
[5.205s] Level 1:colcon.colcon_core.shell:create_environment_hook('scara_bringup', 'cmake_prefix_path')
[5.205s] INFO:colcon.colcon_core.shell:Creating environment hook '/home/mpr/info_indus/ros2_ws/src/ecat_ros2_workshop/install/scara_bringup/share/scara_bringup/hook/cmake_prefix_path.ps1'
[5.207s] INFO:colcon.colcon_core.shell:Creating environment descriptor '/home/mpr/info_indus/ros2_ws/src/ecat_ros2_workshop/install/scara_bringup/share/scara_bringup/hook/cmake_prefix_path.dsv'
[5.207s] INFO:colcon.colcon_core.shell:Creating environment hook '/home/mpr/info_indus/ros2_ws/src/ecat_ros2_workshop/install/scara_bringup/share/scara_bringup/hook/cmake_prefix_path.sh'
[5.208s] Level 1:colcon.colcon_core.environment:checking '/home/mpr/info_indus/ros2_ws/src/ecat_ros2_workshop/install/scara_bringup/bin'
[5.208s] Level 1:colcon.colcon_core.environment:checking '/home/mpr/info_indus/ros2_ws/src/ecat_ros2_workshop/install/scara_bringup/lib/pkgconfig/scara_bringup.pc'
[5.209s] Level 1:colcon.colcon_core.environment:checking '/home/mpr/info_indus/ros2_ws/src/ecat_ros2_workshop/install/scara_bringup/lib/python3.12/site-packages'
[5.209s] Level 1:colcon.colcon_core.environment:checking '/home/mpr/info_indus/ros2_ws/src/ecat_ros2_workshop/install/scara_bringup/bin'
[5.210s] INFO:colcon.colcon_core.shell:Creating package script '/home/mpr/info_indus/ros2_ws/src/ecat_ros2_workshop/install/scara_bringup/share/scara_bringup/package.ps1'
[5.211s] INFO:colcon.colcon_core.shell:Creating package descriptor '/home/mpr/info_indus/ros2_ws/src/ecat_ros2_workshop/install/scara_bringup/share/scara_bringup/package.dsv'
[5.212s] INFO:colcon.colcon_core.shell:Creating package script '/home/mpr/info_indus/ros2_ws/src/ecat_ros2_workshop/install/scara_bringup/share/scara_bringup/package.sh'
[5.212s] INFO:colcon.colcon_core.shell:Creating package script '/home/mpr/info_indus/ros2_ws/src/ecat_ros2_workshop/install/scara_bringup/share/scara_bringup/package.bash'
[5.213s] INFO:colcon.colcon_core.shell:Creating package script '/home/mpr/info_indus/ros2_ws/src/ecat_ros2_workshop/install/scara_bringup/share/scara_bringup/package.zsh'
[5.214s] Level 1:colcon.colcon_core.environment:create_file_with_runtime_dependencies(/home/mpr/info_indus/ros2_ws/src/ecat_ros2_workshop/install/scara_bringup/share/colcon-core/packages/scara_bringup)
[5.251s] DEBUG:colcon.colcon_core.event_handler.log_command:Invoked command in '/home/mpr/info_indus/ros2_ws/src/ecat_ros2_workshop/build/scara_joint_velocity_controller' returned '0': CMAKE_PREFIX_PATH=${CMAKE_PREFIX_PATH}:/opt/ros/jazzy DEBUGINFOD_URLS=https://debuginfod.ubuntu.com /usr/bin/cmake /home/mpr/info_indus/ros2_ws/src/ecat_ros2_workshop/scara_controllers/scara_joint_velocity_controller -DCMAKE_BUILD_TYPE=Release -DAMENT_CMAKE_SYMLINK_INSTALL=1 -DCMAKE_INSTALL_PREFIX=/home/mpr/info_indus/ros2_ws/src/ecat_ros2_workshop/install/scara_joint_velocity_controller
[5.254s] DEBUG:colcon.colcon_core.event_handler.log_command:Invoking command in '/home/mpr/info_indus/ros2_ws/src/ecat_ros2_workshop/build/scara_joint_velocity_controller': CMAKE_PREFIX_PATH=${CMAKE_PREFIX_PATH}:/opt/ros/jazzy DEBUGINFOD_URLS=https://debuginfod.ubuntu.com /usr/bin/cmake --build /home/mpr/info_indus/ros2_ws/src/ecat_ros2_workshop/build/scara_joint_velocity_controller -- -j4 -l4
[8.106s] DEBUG:colcon.colcon_core.event_handler.log_command:Invoked command in '/home/mpr/info_indus/ros2_ws/src/ecat_ros2_workshop/build/scara_hardware' returned '0': AMENT_PREFIX_PATH=/home/mpr/info_indus/ros2_ws/src/ecat_ros2_workshop/install/scara_description:${AMENT_PREFIX_PATH} CMAKE_PREFIX_PATH=/home/mpr/info_indus/ros2_ws/src/ecat_ros2_workshop/install/scara_description:/opt/ros/jazzy/opt/gz_sim_vendor:/opt/ros/jazzy/opt/gz_sensors_vendor:/opt/ros/jazzy/opt/gz_physics_vendor:/opt/ros/jazzy/opt/sdformat_vendor:/opt/ros/jazzy/opt/gz_gui_vendor:/opt/ros/jazzy/opt/gz_transport_vendor:/opt/ros/jazzy/opt/gz_rendering_vendor:/opt/ros/jazzy/opt/gz_plugin_vendor:/opt/ros/jazzy/opt/gz_fuel_tools_vendor:/opt/ros/jazzy/opt/gz_msgs_vendor:/opt/ros/jazzy/opt/gz_common_vendor:/opt/ros/jazzy/opt/gz_math_vendor:/opt/ros/jazzy/opt/gz_utils_vendor:/opt/ros/jazzy/opt/gz_tools_vendor:/opt/ros/jazzy/opt/gz_ogre_next_vendor:/opt/ros/jazzy/opt/gz_dartsim_vendor:/opt/ros/jazzy/opt/gz_cmake_vendor:/opt/ros/jazzy DEBUGINFOD_URLS=https://debuginfod.ubuntu.com /usr/bin/cmake /home/mpr/info_indus/ros2_ws/src/ecat_ros2_workshop/scara_hardware -DCMAKE_BUILD_TYPE=Release -DAMENT_CMAKE_SYMLINK_INSTALL=1 -DCMAKE_INSTALL_PREFIX=/home/mpr/info_indus/ros2_ws/src/ecat_ros2_workshop/install/scara_hardware
[8.108s] DEBUG:colcon.colcon_core.event_handler.log_command:Invoking command in '/home/mpr/info_indus/ros2_ws/src/ecat_ros2_workshop/build/scara_hardware': AMENT_PREFIX_PATH=/home/mpr/info_indus/ros2_ws/src/ecat_ros2_workshop/install/scara_description:${AMENT_PREFIX_PATH} CMAKE_PREFIX_PATH=/home/mpr/info_indus/ros2_ws/src/ecat_ros2_workshop/install/scara_description:/opt/ros/jazzy/opt/gz_sim_vendor:/opt/ros/jazzy/opt/gz_sensors_vendor:/opt/ros/jazzy/opt/gz_physics_vendor:/opt/ros/jazzy/opt/sdformat_vendor:/opt/ros/jazzy/opt/gz_gui_vendor:/opt/ros/jazzy/opt/gz_transport_vendor:/opt/ros/jazzy/opt/gz_rendering_vendor:/opt/ros/jazzy/opt/gz_plugin_vendor:/opt/ros/jazzy/opt/gz_fuel_tools_vendor:/opt/ros/jazzy/opt/gz_msgs_vendor:/opt/ros/jazzy/opt/gz_common_vendor:/opt/ros/jazzy/opt/gz_math_vendor:/opt/ros/jazzy/opt/gz_utils_vendor:/opt/ros/jazzy/opt/gz_tools_vendor:/opt/ros/jazzy/opt/gz_ogre_next_vendor:/opt/ros/jazzy/opt/gz_dartsim_vendor:/opt/ros/jazzy/opt/gz_cmake_vendor:/opt/ros/jazzy DEBUGINFOD_URLS=https://debuginfod.ubuntu.com /usr/bin/cmake --build /home/mpr/info_indus/ros2_ws/src/ecat_ros2_workshop/build/scara_hardware -- -j4 -l4
[22.065s] DEBUG:colcon.colcon_core.event_handler.log_command:Invoked command in '/home/mpr/info_indus/ros2_ws/src/ecat_ros2_workshop/build/scara_hardware' returned '0': AMENT_PREFIX_PATH=/home/mpr/info_indus/ros2_ws/src/ecat_ros2_workshop/install/scara_description:${AMENT_PREFIX_PATH} CMAKE_PREFIX_PATH=/home/mpr/info_indus/ros2_ws/src/ecat_ros2_workshop/install/scara_description:/opt/ros/jazzy/opt/gz_sim_vendor:/opt/ros/jazzy/opt/gz_sensors_vendor:/opt/ros/jazzy/opt/gz_physics_vendor:/opt/ros/jazzy/opt/sdformat_vendor:/opt/ros/jazzy/opt/gz_gui_vendor:/opt/ros/jazzy/opt/gz_transport_vendor:/opt/ros/jazzy/opt/gz_rendering_vendor:/opt/ros/jazzy/opt/gz_plugin_vendor:/opt/ros/jazzy/opt/gz_fuel_tools_vendor:/opt/ros/jazzy/opt/gz_msgs_vendor:/opt/ros/jazzy/opt/gz_common_vendor:/opt/ros/jazzy/opt/gz_math_vendor:/opt/ros/jazzy/opt/gz_utils_vendor:/opt/ros/jazzy/opt/gz_tools_vendor:/opt/ros/jazzy/opt/gz_ogre_next_vendor:/opt/ros/jazzy/opt/gz_dartsim_vendor:/opt/ros/jazzy/opt/gz_cmake_vendor:/opt/ros/jazzy DEBUGINFOD_URLS=https://debuginfod.ubuntu.com /usr/bin/cmake --build /home/mpr/info_indus/ros2_ws/src/ecat_ros2_workshop/build/scara_hardware -- -j4 -l4
[22.067s] DEBUG:colcon.colcon_core.event_handler.log_command:Invoking command in '/home/mpr/info_indus/ros2_ws/src/ecat_ros2_workshop/build/scara_hardware': AMENT_PREFIX_PATH=/home/mpr/info_indus/ros2_ws/src/ecat_ros2_workshop/install/scara_description:${AMENT_PREFIX_PATH} CMAKE_PREFIX_PATH=/home/mpr/info_indus/ros2_ws/src/ecat_ros2_workshop/install/scara_description:/opt/ros/jazzy/opt/gz_sim_vendor:/opt/ros/jazzy/opt/gz_sensors_vendor:/opt/ros/jazzy/opt/gz_physics_vendor:/opt/ros/jazzy/opt/sdformat_vendor:/opt/ros/jazzy/opt/gz_gui_vendor:/opt/ros/jazzy/opt/gz_transport_vendor:/opt/ros/jazzy/opt/gz_rendering_vendor:/opt/ros/jazzy/opt/gz_plugin_vendor:/opt/ros/jazzy/opt/gz_fuel_tools_vendor:/opt/ros/jazzy/opt/gz_msgs_vendor:/opt/ros/jazzy/opt/gz_common_vendor:/opt/ros/jazzy/opt/gz_math_vendor:/opt/ros/jazzy/opt/gz_utils_vendor:/opt/ros/jazzy/opt/gz_tools_vendor:/opt/ros/jazzy/opt/gz_ogre_next_vendor:/opt/ros/jazzy/opt/gz_dartsim_vendor:/opt/ros/jazzy/opt/gz_cmake_vendor:/opt/ros/jazzy DEBUGINFOD_URLS=https://debuginfod.ubuntu.com /usr/bin/cmake --install /home/mpr/info_indus/ros2_ws/src/ecat_ros2_workshop/build/scara_hardware
[22.667s] Level 1:colcon.colcon_core.environment:create_environment_scripts_only(scara_hardware)
[22.667s] Level 1:colcon.colcon_core.environment:checking '/home/mpr/info_indus/ros2_ws/src/ecat_ros2_workshop/install/scara_hardware' for CMake module files
[22.668s] DEBUG:colcon.colcon_core.event_handler.log_command:Invoked command in '/home/mpr/info_indus/ros2_ws/src/ecat_ros2_workshop/build/scara_hardware' returned '0': AMENT_PREFIX_PATH=/home/mpr/info_indus/ros2_ws/src/ecat_ros2_workshop/install/scara_description:${AMENT_PREFIX_PATH} CMAKE_PREFIX_PATH=/home/mpr/info_indus/ros2_ws/src/ecat_ros2_workshop/install/scara_description:/opt/ros/jazzy/opt/gz_sim_vendor:/opt/ros/jazzy/opt/gz_sensors_vendor:/opt/ros/jazzy/opt/gz_physics_vendor:/opt/ros/jazzy/opt/sdformat_vendor:/opt/ros/jazzy/opt/gz_gui_vendor:/opt/ros/jazzy/opt/gz_transport_vendor:/opt/ros/jazzy/opt/gz_rendering_vendor:/opt/ros/jazzy/opt/gz_plugin_vendor:/opt/ros/jazzy/opt/gz_fuel_tools_vendor:/opt/ros/jazzy/opt/gz_msgs_vendor:/opt/ros/jazzy/opt/gz_common_vendor:/opt/ros/jazzy/opt/gz_math_vendor:/opt/ros/jazzy/opt/gz_utils_vendor:/opt/ros/jazzy/opt/gz_tools_vendor:/opt/ros/jazzy/opt/gz_ogre_next_vendor:/opt/ros/jazzy/opt/gz_dartsim_vendor:/opt/ros/jazzy/opt/gz_cmake_vendor:/opt/ros/jazzy DEBUGINFOD_URLS=https://debuginfod.ubuntu.com /usr/bin/cmake --install /home/mpr/info_indus/ros2_ws/src/ecat_ros2_workshop/build/scara_hardware
[22.669s] Level 1:colcon.colcon_core.environment:checking '/home/mpr/info_indus/ros2_ws/src/ecat_ros2_workshop/install/scara_hardware' for CMake config files
[22.669s] Level 1:colcon.colcon_core.shell:create_environment_hook('scara_hardware', 'cmake_prefix_path')
[22.670s] INFO:colcon.colcon_core.shell:Creating environment hook '/home/mpr/info_indus/ros2_ws/src/ecat_ros2_workshop/install/scara_hardware/share/scara_hardware/hook/cmake_prefix_path.ps1'
[22.670s] INFO:colcon.colcon_core.shell:Creating environment descriptor '/home/mpr/info_indus/ros2_ws/src/ecat_ros2_workshop/install/scara_hardware/share/scara_hardware/hook/cmake_prefix_path.dsv'
[22.671s] INFO:colcon.colcon_core.shell:Creating environment hook '/home/mpr/info_indus/ros2_ws/src/ecat_ros2_workshop/install/scara_hardware/share/scara_hardware/hook/cmake_prefix_path.sh'
[22.672s] Level 1:colcon.colcon_core.environment:checking '/home/mpr/info_indus/ros2_ws/src/ecat_ros2_workshop/install/scara_hardware/lib'
[22.672s] Level 1:colcon.colcon_core.shell:create_environment_hook('scara_hardware', 'ld_library_path_lib')
[22.672s] INFO:colcon.colcon_core.shell:Creating environment hook '/home/mpr/info_indus/ros2_ws/src/ecat_ros2_workshop/install/scara_hardware/share/scara_hardware/hook/ld_library_path_lib.ps1'
[22.673s] INFO:colcon.colcon_core.shell:Creating environment descriptor '/home/mpr/info_indus/ros2_ws/src/ecat_ros2_workshop/install/scara_hardware/share/scara_hardware/hook/ld_library_path_lib.dsv'
[22.673s] INFO:colcon.colcon_core.shell:Creating environment hook '/home/mpr/info_indus/ros2_ws/src/ecat_ros2_workshop/install/scara_hardware/share/scara_hardware/hook/ld_library_path_lib.sh'
[22.673s] Level 1:colcon.colcon_core.environment:checking '/home/mpr/info_indus/ros2_ws/src/ecat_ros2_workshop/install/scara_hardware/bin'
[22.674s] Level 1:colcon.colcon_core.environment:checking '/home/mpr/info_indus/ros2_ws/src/ecat_ros2_workshop/install/scara_hardware/lib/pkgconfig/scara_hardware.pc'
[22.674s] Level 1:colcon.colcon_core.environment:checking '/home/mpr/info_indus/ros2_ws/src/ecat_ros2_workshop/install/scara_hardware/lib/python3.12/site-packages'
[22.674s] Level 1:colcon.colcon_core.environment:checking '/home/mpr/info_indus/ros2_ws/src/ecat_ros2_workshop/install/scara_hardware/bin'
[22.675s] INFO:colcon.colcon_core.shell:Creating package script '/home/mpr/info_indus/ros2_ws/src/ecat_ros2_workshop/install/scara_hardware/share/scara_hardware/package.ps1'
[22.676s] INFO:colcon.colcon_core.shell:Creating package descriptor '/home/mpr/info_indus/ros2_ws/src/ecat_ros2_workshop/install/scara_hardware/share/scara_hardware/package.dsv'
[22.676s] INFO:colcon.colcon_core.shell:Creating package script '/home/mpr/info_indus/ros2_ws/src/ecat_ros2_workshop/install/scara_hardware/share/scara_hardware/package.sh'
[22.677s] INFO:colcon.colcon_core.shell:Creating package script '/home/mpr/info_indus/ros2_ws/src/ecat_ros2_workshop/install/scara_hardware/share/scara_hardware/package.bash'
[22.677s] INFO:colcon.colcon_core.shell:Creating package script '/home/mpr/info_indus/ros2_ws/src/ecat_ros2_workshop/install/scara_hardware/share/scara_hardware/package.zsh'
[22.677s] Level 1:colcon.colcon_core.environment:create_file_with_runtime_dependencies(/home/mpr/info_indus/ros2_ws/src/ecat_ros2_workshop/install/scara_hardware/share/colcon-core/packages/scara_hardware)
[22.678s] Level 1:colcon.colcon_core.environment:create_environment_scripts_only(scara_hardware)
[22.678s] Level 1:colcon.colcon_core.environment:checking '/home/mpr/info_indus/ros2_ws/src/ecat_ros2_workshop/install/scara_hardware' for CMake module files
[22.679s] Level 1:colcon.colcon_core.environment:checking '/home/mpr/info_indus/ros2_ws/src/ecat_ros2_workshop/install/scara_hardware' for CMake config files
[22.680s] Level 1:colcon.colcon_core.shell:create_environment_hook('scara_hardware', 'cmake_prefix_path')
[22.680s] INFO:colcon.colcon_core.shell:Creating environment hook '/home/mpr/info_indus/ros2_ws/src/ecat_ros2_workshop/install/scara_hardware/share/scara_hardware/hook/cmake_prefix_path.ps1'
[22.680s] INFO:colcon.colcon_core.shell:Creating environment descriptor '/home/mpr/info_indus/ros2_ws/src/ecat_ros2_workshop/install/scara_hardware/share/scara_hardware/hook/cmake_prefix_path.dsv'
[22.681s] INFO:colcon.colcon_core.shell:Creating environment hook '/home/mpr/info_indus/ros2_ws/src/ecat_ros2_workshop/install/scara_hardware/share/scara_hardware/hook/cmake_prefix_path.sh'
[22.682s] Level 1:colcon.colcon_core.environment:checking '/home/mpr/info_indus/ros2_ws/src/ecat_ros2_workshop/install/scara_hardware/lib'
[22.682s] Level 1:colcon.colcon_core.shell:create_environment_hook('scara_hardware', 'ld_library_path_lib')
[22.682s] INFO:colcon.colcon_core.shell:Creating environment hook '/home/mpr/info_indus/ros2_ws/src/ecat_ros2_workshop/install/scara_hardware/share/scara_hardware/hook/ld_library_path_lib.ps1'
[22.682s] INFO:colcon.colcon_core.shell:Creating environment descriptor '/home/mpr/info_indus/ros2_ws/src/ecat_ros2_workshop/install/scara_hardware/share/scara_hardware/hook/ld_library_path_lib.dsv'
[22.683s] INFO:colcon.colcon_core.shell:Creating environment hook '/home/mpr/info_indus/ros2_ws/src/ecat_ros2_workshop/install/scara_hardware/share/scara_hardware/hook/ld_library_path_lib.sh'
[22.683s] Level 1:colcon.colcon_core.environment:checking '/home/mpr/info_indus/ros2_ws/src/ecat_ros2_workshop/install/scara_hardware/bin'
[22.683s] Level 1:colcon.colcon_core.environment:checking '/home/mpr/info_indus/ros2_ws/src/ecat_ros2_workshop/install/scara_hardware/lib/pkgconfig/scara_hardware.pc'
[22.684s] Level 1:colcon.colcon_core.environment:checking '/home/mpr/info_indus/ros2_ws/src/ecat_ros2_workshop/install/scara_hardware/lib/python3.12/site-packages'
[22.684s] Level 1:colcon.colcon_core.environment:checking '/home/mpr/info_indus/ros2_ws/src/ecat_ros2_workshop/install/scara_hardware/bin'
[22.685s] INFO:colcon.colcon_core.shell:Creating package script '/home/mpr/info_indus/ros2_ws/src/ecat_ros2_workshop/install/scara_hardware/share/scara_hardware/package.ps1'
[22.685s] INFO:colcon.colcon_core.shell:Creating package descriptor '/home/mpr/info_indus/ros2_ws/src/ecat_ros2_workshop/install/scara_hardware/share/scara_hardware/package.dsv'
[22.686s] INFO:colcon.colcon_core.shell:Creating package script '/home/mpr/info_indus/ros2_ws/src/ecat_ros2_workshop/install/scara_hardware/share/scara_hardware/package.sh'
[22.687s] INFO:colcon.colcon_core.shell:Creating package script '/home/mpr/info_indus/ros2_ws/src/ecat_ros2_workshop/install/scara_hardware/share/scara_hardware/package.bash'
[22.688s] INFO:colcon.colcon_core.shell:Creating package script '/home/mpr/info_indus/ros2_ws/src/ecat_ros2_workshop/install/scara_hardware/share/scara_hardware/package.zsh'
[22.688s] Level 1:colcon.colcon_core.environment:create_file_with_runtime_dependencies(/home/mpr/info_indus/ros2_ws/src/ecat_ros2_workshop/install/scara_hardware/share/colcon-core/packages/scara_hardware)
[27.873s] DEBUG:colcon.colcon_core.event_handler.log_command:Invoked command in '/home/mpr/info_indus/ros2_ws/src/ecat_ros2_workshop/build/scara_joint_velocity_controller' returned '0': CMAKE_PREFIX_PATH=${CMAKE_PREFIX_PATH}:/opt/ros/jazzy DEBUGINFOD_URLS=https://debuginfod.ubuntu.com /usr/bin/cmake --build /home/mpr/info_indus/ros2_ws/src/ecat_ros2_workshop/build/scara_joint_velocity_controller -- -j4 -l4
[27.876s] DEBUG:colcon.colcon_core.event_handler.log_command:Invoking command in '/home/mpr/info_indus/ros2_ws/src/ecat_ros2_workshop/build/scara_joint_velocity_controller': CMAKE_PREFIX_PATH=${CMAKE_PREFIX_PATH}:/opt/ros/jazzy DEBUGINFOD_URLS=https://debuginfod.ubuntu.com /usr/bin/cmake --install /home/mpr/info_indus/ros2_ws/src/ecat_ros2_workshop/build/scara_joint_velocity_controller
[28.422s] Level 1:colcon.colcon_core.environment:create_environment_scripts_only(scara_joint_velocity_controller)
[28.422s] Level 1:colcon.colcon_core.environment:checking '/home/mpr/info_indus/ros2_ws/src/ecat_ros2_workshop/install/scara_joint_velocity_controller' for CMake module files
[28.423s] DEBUG:colcon.colcon_core.event_handler.log_command:Invoked command in '/home/mpr/info_indus/ros2_ws/src/ecat_ros2_workshop/build/scara_joint_velocity_controller' returned '0': CMAKE_PREFIX_PATH=${CMAKE_PREFIX_PATH}:/opt/ros/jazzy DEBUGINFOD_URLS=https://debuginfod.ubuntu.com /usr/bin/cmake --install /home/mpr/info_indus/ros2_ws/src/ecat_ros2_workshop/build/scara_joint_velocity_controller
[28.423s] Level 1:colcon.colcon_core.environment:checking '/home/mpr/info_indus/ros2_ws/src/ecat_ros2_workshop/install/scara_joint_velocity_controller' for CMake config files
[28.424s] Level 1:colcon.colcon_core.shell:create_environment_hook('scara_joint_velocity_controller', 'cmake_prefix_path')
[28.424s] INFO:colcon.colcon_core.shell:Creating environment hook '/home/mpr/info_indus/ros2_ws/src/ecat_ros2_workshop/install/scara_joint_velocity_controller/share/scara_joint_velocity_controller/hook/cmake_prefix_path.ps1'
[28.425s] INFO:colcon.colcon_core.shell:Creating environment descriptor '/home/mpr/info_indus/ros2_ws/src/ecat_ros2_workshop/install/scara_joint_velocity_controller/share/scara_joint_velocity_controller/hook/cmake_prefix_path.dsv'
[28.425s] INFO:colcon.colcon_core.shell:Creating environment hook '/home/mpr/info_indus/ros2_ws/src/ecat_ros2_workshop/install/scara_joint_velocity_controller/share/scara_joint_velocity_controller/hook/cmake_prefix_path.sh'
[28.426s] Level 1:colcon.colcon_core.environment:checking '/home/mpr/info_indus/ros2_ws/src/ecat_ros2_workshop/install/scara_joint_velocity_controller/lib'
[28.426s] Level 1:colcon.colcon_core.shell:create_environment_hook('scara_joint_velocity_controller', 'ld_library_path_lib')
[28.426s] INFO:colcon.colcon_core.shell:Creating environment hook '/home/mpr/info_indus/ros2_ws/src/ecat_ros2_workshop/install/scara_joint_velocity_controller/share/scara_joint_velocity_controller/hook/ld_library_path_lib.ps1'
[28.427s] INFO:colcon.colcon_core.shell:Creating environment descriptor '/home/mpr/info_indus/ros2_ws/src/ecat_ros2_workshop/install/scara_joint_velocity_controller/share/scara_joint_velocity_controller/hook/ld_library_path_lib.dsv'
[28.427s] INFO:colcon.colcon_core.shell:Creating environment hook '/home/mpr/info_indus/ros2_ws/src/ecat_ros2_workshop/install/scara_joint_velocity_controller/share/scara_joint_velocity_controller/hook/ld_library_path_lib.sh'
[28.427s] Level 1:colcon.colcon_core.environment:checking '/home/mpr/info_indus/ros2_ws/src/ecat_ros2_workshop/install/scara_joint_velocity_controller/bin'
[28.428s] Level 1:colcon.colcon_core.environment:checking '/home/mpr/info_indus/ros2_ws/src/ecat_ros2_workshop/install/scara_joint_velocity_controller/lib/pkgconfig/scara_joint_velocity_controller.pc'
[28.428s] Level 1:colcon.colcon_core.environment:checking '/home/mpr/info_indus/ros2_ws/src/ecat_ros2_workshop/install/scara_joint_velocity_controller/lib/python3.12/site-packages'
[28.428s] Level 1:colcon.colcon_core.environment:checking '/home/mpr/info_indus/ros2_ws/src/ecat_ros2_workshop/install/scara_joint_velocity_controller/bin'
[28.429s] INFO:colcon.colcon_core.shell:Creating package script '/home/mpr/info_indus/ros2_ws/src/ecat_ros2_workshop/install/scara_joint_velocity_controller/share/scara_joint_velocity_controller/package.ps1'
[28.430s] INFO:colcon.colcon_core.shell:Creating package descriptor '/home/mpr/info_indus/ros2_ws/src/ecat_ros2_workshop/install/scara_joint_velocity_controller/share/scara_joint_velocity_controller/package.dsv'
[28.431s] INFO:colcon.colcon_core.shell:Creating package script '/home/mpr/info_indus/ros2_ws/src/ecat_ros2_workshop/install/scara_joint_velocity_controller/share/scara_joint_velocity_controller/package.sh'
[28.432s] INFO:colcon.colcon_core.shell:Creating package script '/home/mpr/info_indus/ros2_ws/src/ecat_ros2_workshop/install/scara_joint_velocity_controller/share/scara_joint_velocity_controller/package.bash'
[28.432s] INFO:colcon.colcon_core.shell:Creating package script '/home/mpr/info_indus/ros2_ws/src/ecat_ros2_workshop/install/scara_joint_velocity_controller/share/scara_joint_velocity_controller/package.zsh'
[28.433s] Level 1:colcon.colcon_core.environment:create_file_with_runtime_dependencies(/home/mpr/info_indus/ros2_ws/src/ecat_ros2_workshop/install/scara_joint_velocity_controller/share/colcon-core/packages/scara_joint_velocity_controller)
[28.434s] Level 1:colcon.colcon_core.environment:create_environment_scripts_only(scara_joint_velocity_controller)
[28.434s] Level 1:colcon.colcon_core.environment:checking '/home/mpr/info_indus/ros2_ws/src/ecat_ros2_workshop/install/scara_joint_velocity_controller' for CMake module files
[28.435s] Level 1:colcon.colcon_core.environment:checking '/home/mpr/info_indus/ros2_ws/src/ecat_ros2_workshop/install/scara_joint_velocity_controller' for CMake config files
[28.436s] Level 1:colcon.colcon_core.shell:create_environment_hook('scara_joint_velocity_controller', 'cmake_prefix_path')
[28.436s] INFO:colcon.colcon_core.shell:Creating environment hook '/home/mpr/info_indus/ros2_ws/src/ecat_ros2_workshop/install/scara_joint_velocity_controller/share/scara_joint_velocity_controller/hook/cmake_prefix_path.ps1'
[28.437s] INFO:colcon.colcon_core.shell:Creating environment descriptor '/home/mpr/info_indus/ros2_ws/src/ecat_ros2_workshop/install/scara_joint_velocity_controller/share/scara_joint_velocity_controller/hook/cmake_prefix_path.dsv'
[28.438s] INFO:colcon.colcon_core.shell:Creating environment hook '/home/mpr/info_indus/ros2_ws/src/ecat_ros2_workshop/install/scara_joint_velocity_controller/share/scara_joint_velocity_controller/hook/cmake_prefix_path.sh'
[28.440s] Level 1:colcon.colcon_core.environment:checking '/home/mpr/info_indus/ros2_ws/src/ecat_ros2_workshop/install/scara_joint_velocity_controller/lib'
[28.440s] Level 1:colcon.colcon_core.shell:create_environment_hook('scara_joint_velocity_controller', 'ld_library_path_lib')
[28.440s] INFO:colcon.colcon_core.shell:Creating environment hook '/home/mpr/info_indus/ros2_ws/src/ecat_ros2_workshop/install/scara_joint_velocity_controller/share/scara_joint_velocity_controller/hook/ld_library_path_lib.ps1'
[28.442s] INFO:colcon.colcon_core.shell:Creating environment descriptor '/home/mpr/info_indus/ros2_ws/src/ecat_ros2_workshop/install/scara_joint_velocity_controller/share/scara_joint_velocity_controller/hook/ld_library_path_lib.dsv'
[28.443s] INFO:colcon.colcon_core.shell:Creating environment hook '/home/mpr/info_indus/ros2_ws/src/ecat_ros2_workshop/install/scara_joint_velocity_controller/share/scara_joint_velocity_controller/hook/ld_library_path_lib.sh'
[28.444s] Level 1:colcon.colcon_core.environment:checking '/home/mpr/info_indus/ros2_ws/src/ecat_ros2_workshop/install/scara_joint_velocity_controller/bin'
[28.444s] Level 1:colcon.colcon_core.environment:checking '/home/mpr/info_indus/ros2_ws/src/ecat_ros2_workshop/install/scara_joint_velocity_controller/lib/pkgconfig/scara_joint_velocity_controller.pc'
[28.444s] Level 1:colcon.colcon_core.environment:checking '/home/mpr/info_indus/ros2_ws/src/ecat_ros2_workshop/install/scara_joint_velocity_controller/lib/python3.12/site-packages'
[28.445s] Level 1:colcon.colcon_core.environment:checking '/home/mpr/info_indus/ros2_ws/src/ecat_ros2_workshop/install/scara_joint_velocity_controller/bin'
[28.446s] INFO:colcon.colcon_core.shell:Creating package script '/home/mpr/info_indus/ros2_ws/src/ecat_ros2_workshop/install/scara_joint_velocity_controller/share/scara_joint_velocity_controller/package.ps1'
[28.447s] INFO:colcon.colcon_core.shell:Creating package descriptor '/home/mpr/info_indus/ros2_ws/src/ecat_ros2_workshop/install/scara_joint_velocity_controller/share/scara_joint_velocity_controller/package.dsv'
[28.447s] INFO:colcon.colcon_core.shell:Creating package script '/home/mpr/info_indus/ros2_ws/src/ecat_ros2_workshop/install/scara_joint_velocity_controller/share/scara_joint_velocity_controller/package.sh'
[28.448s] INFO:colcon.colcon_core.shell:Creating package script '/home/mpr/info_indus/ros2_ws/src/ecat_ros2_workshop/install/scara_joint_velocity_controller/share/scara_joint_velocity_controller/package.bash'
[28.448s] INFO:colcon.colcon_core.shell:Creating package script '/home/mpr/info_indus/ros2_ws/src/ecat_ros2_workshop/install/scara_joint_velocity_controller/share/scara_joint_velocity_controller/package.zsh'
[28.449s] Level 1:colcon.colcon_core.environment:create_file_with_runtime_dependencies(/home/mpr/info_indus/ros2_ws/src/ecat_ros2_workshop/install/scara_joint_velocity_controller/share/colcon-core/packages/scara_joint_velocity_controller)
[28.449s] DEBUG:colcon.colcon_parallel_executor.executor.parallel:closing loop
[28.450s] DEBUG:colcon.colcon_parallel_executor.executor.parallel:loop closed
[28.450s] DEBUG:colcon.colcon_parallel_executor.executor.parallel:run_until_complete finished with '0'
[28.450s] DEBUG:colcon.colcon_core.event_reactor:joining thread
[28.451s] DEBUG:colcon.colcon_core.event_reactor:joined thread
[28.452s] INFO:colcon.colcon_core.shell:Creating prefix script '/home/mpr/info_indus/ros2_ws/src/ecat_ros2_workshop/install/local_setup.ps1'
[28.454s] INFO:colcon.colcon_core.shell:Creating prefix util module '/home/mpr/info_indus/ros2_ws/src/ecat_ros2_workshop/install/_local_setup_util_ps1.py'
[28.456s] INFO:colcon.colcon_core.shell:Creating prefix chain script '/home/mpr/info_indus/ros2_ws/src/ecat_ros2_workshop/install/setup.ps1'
[28.459s] INFO:colcon.colcon_core.shell:Creating prefix script '/home/mpr/info_indus/ros2_ws/src/ecat_ros2_workshop/install/local_setup.sh'
[28.460s] INFO:colcon.colcon_core.shell:Creating prefix util module '/home/mpr/info_indus/ros2_ws/src/ecat_ros2_workshop/install/_local_setup_util_sh.py'
[28.463s] INFO:colcon.colcon_core.shell:Creating prefix chain script '/home/mpr/info_indus/ros2_ws/src/ecat_ros2_workshop/install/setup.sh'
[28.465s] INFO:colcon.colcon_core.shell:Creating prefix script '/home/mpr/info_indus/ros2_ws/src/ecat_ros2_workshop/install/local_setup.bash'
[28.467s] INFO:colcon.colcon_core.shell:Creating prefix chain script '/home/mpr/info_indus/ros2_ws/src/ecat_ros2_workshop/install/setup.bash'
[28.469s] INFO:colcon.colcon_core.shell:Creating prefix script '/home/mpr/info_indus/ros2_ws/src/ecat_ros2_workshop/install/local_setup.zsh'
[28.470s] INFO:colcon.colcon_core.shell:Creating prefix chain script '/home/mpr/info_indus/ros2_ws/src/ecat_ros2_workshop/install/setup.zsh'
