[0.205s] DEBUG:colcon:Command line arguments: ['/usr/bin/colcon', 'build', '--cmake-args', '-DCMAKE_BUILD_TYPE=Release', '--symlink-install']
[0.205s] DEBUG:colcon:Parsed command line arguments: Namespace(log_base=None, log_level=None, verb_name='build', build_base='build', install_base='install', merge_install=False, symlink_install=True, test_result_base=None, continue_on_error=False, executor='parallel', parallel_workers=4, event_handlers=None, ignore_user_meta=False, metas=['./colcon.meta'], base_paths=['.'], packages_ignore=None, packages_ignore_regex=None, paths=None, packages_up_to=None, packages_up_to_regex=None, packages_above=None, packages_above_and_dependencies=None, packages_above_depth=None, packages_select_by_dep=None, packages_skip_by_dep=None, packages_skip_up_to=None, packages_select_build_failed=False, packages_skip_build_finished=False, packages_select_test_failures=False, packages_skip_test_passed=False, packages_select=None, packages_skip=None, packages_select_regex=None, packages_skip_regex=None, packages_start=None, packages_end=None, allow_overriding=[], cmake_args=['-DCMAKE_BUILD_TYPE=Release'], cmake_target=None, cmake_target_skip_unavailable=False, cmake_clean_cache=False, cmake_clean_first=False, cmake_force_configure=False, ament_cmake_args=None, catkin_cmake_args=None, catkin_skip_building_tests=False, mixin_files=None, mixin=None, verb_parser=<colcon_mixin.mixin.mixin_argument.MixinArgumentDecorator object at 0xffffa1358230>, verb_extension=<colcon_core.verb.build.BuildVerb object at 0xffffa14d8ce0>, main=<bound method BuildVerb.main of <colcon_core.verb.build.BuildVerb object at 0xffffa14d8ce0>>, mixin_verb=('build',))
[0.268s] Level 1:colcon.colcon_core.package_discovery:discover_packages(colcon_meta) check parameters
[0.268s] Level 1:colcon.colcon_core.package_discovery:discover_packages(recursive) check parameters
[0.268s] Level 1:colcon.colcon_core.package_discovery:discover_packages(ignore) check parameters
[0.268s] Level 1:colcon.colcon_core.package_discovery:discover_packages(path) check parameters
[0.268s] Level 1:colcon.colcon_core.package_discovery:discover_packages(colcon_meta) discover
[0.268s] Level 1:colcon.colcon_core.package_discovery:discover_packages(recursive) discover
[0.268s] INFO:colcon.colcon_core.package_discovery:Crawling recursively for packages in '/home/mpr/info_indus/ros2_ws/src/ecat_ros2_workshop'
[0.268s] Level 1:colcon.colcon_core.package_identification:_identify(.) by extensions ['ignore', 'ignore_ament_install']
[0.268s] Level 1:colcon.colcon_core.package_identification:_identify(.) by extension 'ignore'
[0.268s] Level 1:colcon.colcon_core.package_identification:_identify(.) by extension 'ignore_ament_install'
[0.268s] Level 1:colcon.colcon_core.package_identification:_identify(.) by extensions ['colcon_pkg']
[0.269s] Level 1:colcon.colcon_core.package_identification:_identify(.) by extension 'colcon_pkg'
[0.269s] Level 1:colcon.colcon_core.package_identification:_identify(.) by extensions ['colcon_meta']
[0.269s] Level 1:colcon.colcon_core.package_identification:_identify(.) by extension 'colcon_meta'
[0.269s] Level 1:colcon.colcon_core.package_identification:_identify(.) by extensions ['ros']
[0.269s] Level 1:colcon.colcon_core.package_identification:_identify(.) by extension 'ros'
[0.306s] Level 1:colcon.colcon_core.package_identification:_identify(.) by extensions ['cmake', 'python']
[0.306s] Level 1:colcon.colcon_core.package_identification:_identify(.) by extension 'cmake'
[0.307s] Level 1:colcon.colcon_core.package_identification:_identify(.) by extension 'python'
[0.307s] Level 1:colcon.colcon_core.package_identification:_identify(.) by extensions ['python_setup_py']
[0.307s] Level 1:colcon.colcon_core.package_identification:_identify(.) by extension 'python_setup_py'
[0.307s] Level 1:colcon.colcon_core.package_identification:_identify(build) by extensions ['ignore', 'ignore_ament_install']
[0.307s] Level 1:colcon.colcon_core.package_identification:_identify(build) by extension 'ignore'
[0.307s] Level 1:colcon.colcon_core.package_identification:_identify(build) ignored
[0.307s] Level 1:colcon.colcon_core.package_identification:_identify(docs) by extensions ['ignore', 'ignore_ament_install']
[0.307s] Level 1:colcon.colcon_core.package_identification:_identify(docs) by extension 'ignore'
[0.307s] Level 1:colcon.colcon_core.package_identification:_identify(docs) by extension 'ignore_ament_install'
[0.308s] Level 1:colcon.colcon_core.package_identification:_identify(docs) by extensions ['colcon_pkg']
[0.308s] Level 1:colcon.colcon_core.package_identification:_identify(docs) by extension 'colcon_pkg'
[0.308s] Level 1:colcon.colcon_core.package_identification:_identify(docs) by extensions ['colcon_meta']
[0.308s] Level 1:colcon.colcon_core.package_identification:_identify(docs) by extension 'colcon_meta'
[0.308s] Level 1:colcon.colcon_core.package_identification:_identify(docs) by extensions ['ros']
[0.308s] Level 1:colcon.colcon_core.package_identification:_identify(docs) by extension 'ros'
[0.308s] Level 1:colcon.colcon_core.package_identification:_identify(docs) by extensions ['cmake', 'python']
[0.308s] Level 1:colcon.colcon_core.package_identification:_identify(docs) by extension 'cmake'
[0.308s] Level 1:colcon.colcon_core.package_identification:_identify(docs) by extension 'python'
[0.308s] Level 1:colcon.colcon_core.package_identification:_identify(docs) by extensions ['python_setup_py']
[0.308s] Level 1:colcon.colcon_core.package_identification:_identify(docs) by extension 'python_setup_py'
[0.308s] Level 1:colcon.colcon_core.package_identification:_identify(docs/about) by extensions ['ignore', 'ignore_ament_install']
[0.308s] Level 1:colcon.colcon_core.package_identification:_identify(docs/about) by extension 'ignore'
[0.308s] Level 1:colcon.colcon_core.package_identification:_identify(docs/about) by extension 'ignore_ament_install'
[0.308s] Level 1:colcon.colcon_core.package_identification:_identify(docs/about) by extensions ['colcon_pkg']
[0.308s] Level 1:colcon.colcon_core.package_identification:_identify(docs/about) by extension 'colcon_pkg'
[0.308s] Level 1:colcon.colcon_core.package_identification:_identify(docs/about) by extensions ['colcon_meta']
[0.308s] Level 1:colcon.colcon_core.package_identification:_identify(docs/about) by extension 'colcon_meta'
[0.308s] Level 1:colcon.colcon_core.package_identification:_identify(docs/about) by extensions ['ros']
[0.308s] Level 1:colcon.colcon_core.package_identification:_identify(docs/about) by extension 'ros'
[0.309s] Level 1:colcon.colcon_core.package_identification:_identify(docs/about) by extensions ['cmake', 'python']
[0.309s] Level 1:colcon.colcon_core.package_identification:_identify(docs/about) by extension 'cmake'
[0.309s] Level 1:colcon.colcon_core.package_identification:_identify(docs/about) by extension 'python'
[0.309s] Level 1:colcon.colcon_core.package_identification:_identify(docs/about) by extensions ['python_setup_py']
[0.309s] Level 1:colcon.colcon_core.package_identification:_identify(docs/about) by extension 'python_setup_py'
[0.309s] Level 1:colcon.colcon_core.package_identification:_identify(docs/getting-started) by extensions ['ignore', 'ignore_ament_install']
[0.309s] Level 1:colcon.colcon_core.package_identification:_identify(docs/getting-started) by extension 'ignore'
[0.309s] Level 1:colcon.colcon_core.package_identification:_identify(docs/getting-started) by extension 'ignore_ament_install'
[0.309s] Level 1:colcon.colcon_core.package_identification:_identify(docs/getting-started) by extensions ['colcon_pkg']
[0.309s] Level 1:colcon.colcon_core.package_identification:_identify(docs/getting-started) by extension 'colcon_pkg'
[0.309s] Level 1:colcon.colcon_core.package_identification:_identify(docs/getting-started) by extensions ['colcon_meta']
[0.309s] Level 1:colcon.colcon_core.package_identification:_identify(docs/getting-started) by extension 'colcon_meta'
[0.309s] Level 1:colcon.colcon_core.package_identification:_identify(docs/getting-started) by extensions ['ros']
[0.309s] Level 1:colcon.colcon_core.package_identification:_identify(docs/getting-started) by extension 'ros'
[0.309s] Level 1:colcon.colcon_core.package_identification:_identify(docs/getting-started) by extensions ['cmake', 'python']
[0.309s] Level 1:colcon.colcon_core.package_identification:_identify(docs/getting-started) by extension 'cmake'
[0.309s] Level 1:colcon.colcon_core.package_identification:_identify(docs/getting-started) by extension 'python'
[0.309s] Level 1:colcon.colcon_core.package_identification:_identify(docs/getting-started) by extensions ['python_setup_py']
[0.309s] Level 1:colcon.colcon_core.package_identification:_identify(docs/getting-started) by extension 'python_setup_py'
[0.310s] Level 1:colcon.colcon_core.package_identification:_identify(docs/images) by extensions ['ignore', 'ignore_ament_install']
[0.310s] Level 1:colcon.colcon_core.package_identification:_identify(docs/images) by extension 'ignore'
[0.310s] Level 1:colcon.colcon_core.package_identification:_identify(docs/images) by extension 'ignore_ament_install'
[0.310s] Level 1:colcon.colcon_core.package_identification:_identify(docs/images) by extensions ['colcon_pkg']
[0.310s] Level 1:colcon.colcon_core.package_identification:_identify(docs/images) by extension 'colcon_pkg'
[0.310s] Level 1:colcon.colcon_core.package_identification:_identify(docs/images) by extensions ['colcon_meta']
[0.310s] Level 1:colcon.colcon_core.package_identification:_identify(docs/images) by extension 'colcon_meta'
[0.310s] Level 1:colcon.colcon_core.package_identification:_identify(docs/images) by extensions ['ros']
[0.310s] Level 1:colcon.colcon_core.package_identification:_identify(docs/images) by extension 'ros'
[0.310s] Level 1:colcon.colcon_core.package_identification:_identify(docs/images) by extensions ['cmake', 'python']
[0.310s] Level 1:colcon.colcon_core.package_identification:_identify(docs/images) by extension 'cmake'
[0.310s] Level 1:colcon.colcon_core.package_identification:_identify(docs/images) by extension 'python'
[0.310s] Level 1:colcon.colcon_core.package_identification:_identify(docs/images) by extensions ['python_setup_py']
[0.310s] Level 1:colcon.colcon_core.package_identification:_identify(docs/images) by extension 'python_setup_py'
[0.310s] Level 1:colcon.colcon_core.package_identification:_identify(docs/tutorials) by extensions ['ignore', 'ignore_ament_install']
[0.310s] Level 1:colcon.colcon_core.package_identification:_identify(docs/tutorials) by extension 'ignore'
[0.310s] Level 1:colcon.colcon_core.package_identification:_identify(docs/tutorials) by extension 'ignore_ament_install'
[0.310s] Level 1:colcon.colcon_core.package_identification:_identify(docs/tutorials) by extensions ['colcon_pkg']
[0.311s] Level 1:colcon.colcon_core.package_identification:_identify(docs/tutorials) by extension 'colcon_pkg'
[0.311s] Level 1:colcon.colcon_core.package_identification:_identify(docs/tutorials) by extensions ['colcon_meta']
[0.311s] Level 1:colcon.colcon_core.package_identification:_identify(docs/tutorials) by extension 'colcon_meta'
[0.311s] Level 1:colcon.colcon_core.package_identification:_identify(docs/tutorials) by extensions ['ros']
[0.311s] Level 1:colcon.colcon_core.package_identification:_identify(docs/tutorials) by extension 'ros'
[0.311s] Level 1:colcon.colcon_core.package_identification:_identify(docs/tutorials) by extensions ['cmake', 'python']
[0.311s] Level 1:colcon.colcon_core.package_identification:_identify(docs/tutorials) by extension 'cmake'
[0.311s] Level 1:colcon.colcon_core.package_identification:_identify(docs/tutorials) by extension 'python'
[0.311s] Level 1:colcon.colcon_core.package_identification:_identify(docs/tutorials) by extensions ['python_setup_py']
[0.311s] Level 1:colcon.colcon_core.package_identification:_identify(docs/tutorials) by extension 'python_setup_py'
[0.311s] Level 1:colcon.colcon_core.package_identification:_identify(install) by extensions ['ignore', 'ignore_ament_install']
[0.311s] Level 1:colcon.colcon_core.package_identification:_identify(install) by extension 'ignore'
[0.311s] Level 1:colcon.colcon_core.package_identification:_identify(install) ignored
[0.311s] Level 1:colcon.colcon_core.package_identification:_identify(log) by extensions ['ignore', 'ignore_ament_install']
[0.311s] Level 1:colcon.colcon_core.package_identification:_identify(log) by extension 'ignore'
[0.311s] Level 1:colcon.colcon_core.package_identification:_identify(log) ignored
[0.311s] Level 1:colcon.colcon_core.package_identification:_identify(resources) by extensions ['ignore', 'ignore_ament_install']
[0.312s] Level 1:colcon.colcon_core.package_identification:_identify(resources) by extension 'ignore'
[0.312s] Level 1:colcon.colcon_core.package_identification:_identify(resources) by extension 'ignore_ament_install'
[0.312s] Level 1:colcon.colcon_core.package_identification:_identify(resources) by extensions ['colcon_pkg']
[0.312s] Level 1:colcon.colcon_core.package_identification:_identify(resources) by extension 'colcon_pkg'
[0.312s] Level 1:colcon.colcon_core.package_identification:_identify(resources) by extensions ['colcon_meta']
[0.312s] Level 1:colcon.colcon_core.package_identification:_identify(resources) by extension 'colcon_meta'
[0.312s] Level 1:colcon.colcon_core.package_identification:_identify(resources) by extensions ['ros']
[0.312s] Level 1:colcon.colcon_core.package_identification:_identify(resources) by extension 'ros'
[0.312s] Level 1:colcon.colcon_core.package_identification:_identify(resources) by extensions ['cmake', 'python']
[0.312s] Level 1:colcon.colcon_core.package_identification:_identify(resources) by extension 'cmake'
[0.312s] Level 1:colcon.colcon_core.package_identification:_identify(resources) by extension 'python'
[0.312s] Level 1:colcon.colcon_core.package_identification:_identify(resources) by extensions ['python_setup_py']
[0.312s] Level 1:colcon.colcon_core.package_identification:_identify(resources) by extension 'python_setup_py'
[0.312s] Level 1:colcon.colcon_core.package_identification:_identify(scara_bringup) by extensions ['ignore', 'ignore_ament_install']
[0.312s] Level 1:colcon.colcon_core.package_identification:_identify(scara_bringup) by extension 'ignore'
[0.312s] Level 1:colcon.colcon_core.package_identification:_identify(scara_bringup) by extension 'ignore_ament_install'
[0.312s] Level 1:colcon.colcon_core.package_identification:_identify(scara_bringup) by extensions ['colcon_pkg']
[0.312s] Level 1:colcon.colcon_core.package_identification:_identify(scara_bringup) by extension 'colcon_pkg'
[0.312s] Level 1:colcon.colcon_core.package_identification:_identify(scara_bringup) by extensions ['colcon_meta']
[0.312s] Level 1:colcon.colcon_core.package_identification:_identify(scara_bringup) by extension 'colcon_meta'
[0.313s] Level 1:colcon.colcon_core.package_identification:_identify(scara_bringup) by extensions ['ros']
[0.313s] Level 1:colcon.colcon_core.package_identification:_identify(scara_bringup) by extension 'ros'
[0.318s] DEBUG:colcon.colcon_core.package_identification:Package 'scara_bringup' with type 'ros.ament_cmake' and name 'scara_bringup'
[0.318s] Level 1:colcon.colcon_core.package_identification:_identify(scara_controllers) by extensions ['ignore', 'ignore_ament_install']
[0.318s] Level 1:colcon.colcon_core.package_identification:_identify(scara_controllers) by extension 'ignore'
[0.318s] Level 1:colcon.colcon_core.package_identification:_identify(scara_controllers) by extension 'ignore_ament_install'
[0.319s] Level 1:colcon.colcon_core.package_identification:_identify(scara_controllers) by extensions ['colcon_pkg']
[0.319s] Level 1:colcon.colcon_core.package_identification:_identify(scara_controllers) by extension 'colcon_pkg'
[0.319s] Level 1:colcon.colcon_core.package_identification:_identify(scara_controllers) by extensions ['colcon_meta']
[0.319s] Level 1:colcon.colcon_core.package_identification:_identify(scara_controllers) by extension 'colcon_meta'
[0.319s] Level 1:colcon.colcon_core.package_identification:_identify(scara_controllers) by extensions ['ros']
[0.319s] Level 1:colcon.colcon_core.package_identification:_identify(scara_controllers) by extension 'ros'
[0.319s] Level 1:colcon.colcon_core.package_identification:_identify(scara_controllers) by extensions ['cmake', 'python']
[0.319s] Level 1:colcon.colcon_core.package_identification:_identify(scara_controllers) by extension 'cmake'
[0.319s] Level 1:colcon.colcon_core.package_identification:_identify(scara_controllers) by extension 'python'
[0.319s] Level 1:colcon.colcon_core.package_identification:_identify(scara_controllers) by extensions ['python_setup_py']
[0.319s] Level 1:colcon.colcon_core.package_identification:_identify(scara_controllers) by extension 'python_setup_py'
[0.319s] Level 1:colcon.colcon_core.package_identification:_identify(scara_controllers/scara_joint_velocity_controller) by extensions ['ignore', 'ignore_ament_install']
[0.319s] Level 1:colcon.colcon_core.package_identification:_identify(scara_controllers/scara_joint_velocity_controller) by extension 'ignore'
[0.319s] Level 1:colcon.colcon_core.package_identification:_identify(scara_controllers/scara_joint_velocity_controller) by extension 'ignore_ament_install'
[0.319s] Level 1:colcon.colcon_core.package_identification:_identify(scara_controllers/scara_joint_velocity_controller) by extensions ['colcon_pkg']
[0.319s] Level 1:colcon.colcon_core.package_identification:_identify(scara_controllers/scara_joint_velocity_controller) by extension 'colcon_pkg'
[0.319s] Level 1:colcon.colcon_core.package_identification:_identify(scara_controllers/scara_joint_velocity_controller) by extensions ['colcon_meta']
[0.319s] Level 1:colcon.colcon_core.package_identification:_identify(scara_controllers/scara_joint_velocity_controller) by extension 'colcon_meta'
[0.319s] Level 1:colcon.colcon_core.package_identification:_identify(scara_controllers/scara_joint_velocity_controller) by extensions ['ros']
[0.320s] Level 1:colcon.colcon_core.package_identification:_identify(scara_controllers/scara_joint_velocity_controller) by extension 'ros'
[0.321s] DEBUG:colcon.colcon_core.package_identification:Package 'scara_controllers/scara_joint_velocity_controller' with type 'ros.ament_cmake' and name 'scara_joint_velocity_controller'
[0.321s] Level 1:colcon.colcon_core.package_identification:_identify(scara_description) by extensions ['ignore', 'ignore_ament_install']
[0.321s] Level 1:colcon.colcon_core.package_identification:_identify(scara_description) by extension 'ignore'
[0.321s] Level 1:colcon.colcon_core.package_identification:_identify(scara_description) by extension 'ignore_ament_install'
[0.321s] Level 1:colcon.colcon_core.package_identification:_identify(scara_description) by extensions ['colcon_pkg']
[0.321s] Level 1:colcon.colcon_core.package_identification:_identify(scara_description) by extension 'colcon_pkg'
[0.321s] Level 1:colcon.colcon_core.package_identification:_identify(scara_description) by extensions ['colcon_meta']
[0.321s] Level 1:colcon.colcon_core.package_identification:_identify(scara_description) by extension 'colcon_meta'
[0.321s] Level 1:colcon.colcon_core.package_identification:_identify(scara_description) by extensions ['ros']
[0.321s] Level 1:colcon.colcon_core.package_identification:_identify(scara_description) by extension 'ros'
[0.322s] DEBUG:colcon.colcon_core.package_identification:Package 'scara_description' with type 'ros.ament_cmake' and name 'scara_description'
[0.322s] Level 1:colcon.colcon_core.package_identification:_identify(scara_hardware) by extensions ['ignore', 'ignore_ament_install']
[0.322s] Level 1:colcon.colcon_core.package_identification:_identify(scara_hardware) by extension 'ignore'
[0.322s] Level 1:colcon.colcon_core.package_identification:_identify(scara_hardware) by extension 'ignore_ament_install'
[0.322s] Level 1:colcon.colcon_core.package_identification:_identify(scara_hardware) by extensions ['colcon_pkg']
[0.322s] Level 1:colcon.colcon_core.package_identification:_identify(scara_hardware) by extension 'colcon_pkg'
[0.322s] Level 1:colcon.colcon_core.package_identification:_identify(scara_hardware) by extensions ['colcon_meta']
[0.322s] Level 1:colcon.colcon_core.package_identification:_identify(scara_hardware) by extension 'colcon_meta'
[0.322s] Level 1:colcon.colcon_core.package_identification:_identify(scara_hardware) by extensions ['ros']
[0.322s] Level 1:colcon.colcon_core.package_identification:_identify(scara_hardware) by extension 'ros'
[0.323s] DEBUG:colcon.colcon_core.package_identification:Package 'scara_hardware' with type 'ros.ament_cmake' and name 'scara_hardware'
[0.323s] Level 1:colcon.colcon_core.package_identification:_identify(scara_nodes) by extensions ['ignore', 'ignore_ament_install']
[0.323s] Level 1:colcon.colcon_core.package_identification:_identify(scara_nodes) by extension 'ignore'
[0.323s] Level 1:colcon.colcon_core.package_identification:_identify(scara_nodes) by extension 'ignore_ament_install'
[0.324s] Level 1:colcon.colcon_core.package_identification:_identify(scara_nodes) by extensions ['colcon_pkg']
[0.324s] Level 1:colcon.colcon_core.package_identification:_identify(scara_nodes) by extension 'colcon_pkg'
[0.324s] Level 1:colcon.colcon_core.package_identification:_identify(scara_nodes) by extensions ['colcon_meta']
[0.324s] Level 1:colcon.colcon_core.package_identification:_identify(scara_nodes) by extension 'colcon_meta'
[0.324s] Level 1:colcon.colcon_core.package_identification:_identify(scara_nodes) by extensions ['ros']
[0.324s] Level 1:colcon.colcon_core.package_identification:_identify(scara_nodes) by extension 'ros'
[0.324s] DEBUG:colcon.colcon_core.package_identification:Package 'scara_nodes' with type 'ros.ament_cmake' and name 'scara_nodes'
[0.324s] Level 1:colcon.colcon_core.package_discovery:discover_packages(recursive) using defaults
[0.324s] Level 1:colcon.colcon_core.package_discovery:discover_packages(ignore) discover
[0.325s] Level 1:colcon.colcon_core.package_discovery:discover_packages(ignore) using defaults
[0.325s] Level 1:colcon.colcon_core.package_discovery:discover_packages(path) discover
[0.325s] Level 1:colcon.colcon_core.package_discovery:discover_packages(path) using defaults
[0.356s] Level 1:colcon.colcon_core.package_discovery:discover_packages(prefix_path) check parameters
[0.356s] Level 1:colcon.colcon_core.package_discovery:discover_packages(prefix_path) discover
[0.359s] DEBUG:colcon.colcon_installed_package_information.package_discovery:Found 5 installed packages in /home/mpr/info_indus/ros2_ws/src/ecat_ros2_workshop/install
[0.362s] DEBUG:colcon.colcon_installed_package_information.package_discovery:Found 368 installed packages in /opt/ros/jazzy
[0.363s] Level 1:colcon.colcon_core.package_discovery:discover_packages(prefix_path) using defaults
[0.435s] Level 5:colcon.colcon_core.verb:set package 'scara_bringup' build argument 'cmake_args' from command line to '['-DCMAKE_BUILD_TYPE=Release']'
[0.435s] Level 5:colcon.colcon_core.verb:set package 'scara_bringup' build argument 'cmake_target' from command line to 'None'
[0.435s] Level 5:colcon.colcon_core.verb:set package 'scara_bringup' build argument 'cmake_target_skip_unavailable' from command line to 'False'
[0.435s] Level 5:colcon.colcon_core.verb:set package 'scara_bringup' build argument 'cmake_clean_cache' from command line to 'False'
[0.435s] Level 5:colcon.colcon_core.verb:set package 'scara_bringup' build argument 'cmake_clean_first' from command line to 'False'
[0.436s] Level 5:colcon.colcon_core.verb:set package 'scara_bringup' build argument 'cmake_force_configure' from command line to 'False'
[0.436s] Level 5:colcon.colcon_core.verb:set package 'scara_bringup' build argument 'ament_cmake_args' from command line to 'None'
[0.436s] Level 5:colcon.colcon_core.verb:set package 'scara_bringup' build argument 'catkin_cmake_args' from command line to 'None'
[0.436s] Level 5:colcon.colcon_core.verb:set package 'scara_bringup' build argument 'catkin_skip_building_tests' from command line to 'False'
[0.436s] DEBUG:colcon.colcon_core.verb:Building package 'scara_bringup' with the following arguments: {'ament_cmake_args': None, 'build_base': '/home/mpr/info_indus/ros2_ws/src/ecat_ros2_workshop/build/scara_bringup', 'catkin_cmake_args': None, 'catkin_skip_building_tests': False, 'cmake_args': ['-DCMAKE_BUILD_TYPE=Release'], 'cmake_clean_cache': False, 'cmake_clean_first': False, 'cmake_force_configure': False, 'cmake_target': None, 'cmake_target_skip_unavailable': False, 'install_base': '/home/mpr/info_indus/ros2_ws/src/ecat_ros2_workshop/install/scara_bringup', 'merge_install': False, 'path': '/home/mpr/info_indus/ros2_ws/src/ecat_ros2_workshop/scara_bringup', 'symlink_install': True, 'test_result_base': None}
[0.436s] Level 5:colcon.colcon_core.verb:set package 'scara_description' build argument 'cmake_args' from command line to '['-DCMAKE_BUILD_TYPE=Release']'
[0.436s] Level 5:colcon.colcon_core.verb:set package 'scara_description' build argument 'cmake_target' from command line to 'None'
[0.436s] Level 5:colcon.colcon_core.verb:set package 'scara_description' build argument 'cmake_target_skip_unavailable' from command line to 'False'
[0.436s] Level 5:colcon.colcon_core.verb:set package 'scara_description' build argument 'cmake_clean_cache' from command line to 'False'
[0.436s] Level 5:colcon.colcon_core.verb:set package 'scara_description' build argument 'cmake_clean_first' from command line to 'False'
[0.436s] Level 5:colcon.colcon_core.verb:set package 'scara_description' build argument 'cmake_force_configure' from command line to 'False'
[0.436s] Level 5:colcon.colcon_core.verb:set package 'scara_description' build argument 'ament_cmake_args' from command line to 'None'
[0.436s] Level 5:colcon.colcon_core.verb:set package 'scara_description' build argument 'catkin_cmake_args' from command line to 'None'
[0.436s] Level 5:colcon.colcon_core.verb:set package 'scara_description' build argument 'catkin_skip_building_tests' from command line to 'False'
[0.436s] DEBUG:colcon.colcon_core.verb:Building package 'scara_description' with the following arguments: {'ament_cmake_args': None, 'build_base': '/home/mpr/info_indus/ros2_ws/src/ecat_ros2_workshop/build/scara_description', 'catkin_cmake_args': None, 'catkin_skip_building_tests': False, 'cmake_args': ['-DCMAKE_BUILD_TYPE=Release'], 'cmake_clean_cache': False, 'cmake_clean_first': False, 'cmake_force_configure': False, 'cmake_target': None, 'cmake_target_skip_unavailable': False, 'install_base': '/home/mpr/info_indus/ros2_ws/src/ecat_ros2_workshop/install/scara_description', 'merge_install': False, 'path': '/home/mpr/info_indus/ros2_ws/src/ecat_ros2_workshop/scara_description', 'symlink_install': True, 'test_result_base': None}
[0.437s] Level 5:colcon.colcon_core.verb:set package 'scara_joint_velocity_controller' build argument 'cmake_args' from command line to '['-DCMAKE_BUILD_TYPE=Release']'
[0.437s] Level 5:colcon.colcon_core.verb:set package 'scara_joint_velocity_controller' build argument 'cmake_target' from command line to 'None'
[0.437s] Level 5:colcon.colcon_core.verb:set package 'scara_joint_velocity_controller' build argument 'cmake_target_skip_unavailable' from command line to 'False'
[0.437s] Level 5:colcon.colcon_core.verb:set package 'scara_joint_velocity_controller' build argument 'cmake_clean_cache' from command line to 'False'
[0.437s] Level 5:colcon.colcon_core.verb:set package 'scara_joint_velocity_controller' build argument 'cmake_clean_first' from command line to 'False'
[0.437s] Level 5:colcon.colcon_core.verb:set package 'scara_joint_velocity_controller' build argument 'cmake_force_configure' from command line to 'False'
[0.437s] Level 5:colcon.colcon_core.verb:set package 'scara_joint_velocity_controller' build argument 'ament_cmake_args' from command line to 'None'
[0.437s] Level 5:colcon.colcon_core.verb:set package 'scara_joint_velocity_controller' build argument 'catkin_cmake_args' from command line to 'None'
[0.437s] Level 5:colcon.colcon_core.verb:set package 'scara_joint_velocity_controller' build argument 'catkin_skip_building_tests' from command line to 'False'
[0.437s] DEBUG:colcon.colcon_core.verb:Building package 'scara_joint_velocity_controller' with the following arguments: {'ament_cmake_args': None, 'build_base': '/home/mpr/info_indus/ros2_ws/src/ecat_ros2_workshop/build/scara_joint_velocity_controller', 'catkin_cmake_args': None, 'catkin_skip_building_tests': False, 'cmake_args': ['-DCMAKE_BUILD_TYPE=Release'], 'cmake_clean_cache': False, 'cmake_clean_first': False, 'cmake_force_configure': False, 'cmake_target': None, 'cmake_target_skip_unavailable': False, 'install_base': '/home/mpr/info_indus/ros2_ws/src/ecat_ros2_workshop/install/scara_joint_velocity_controller', 'merge_install': False, 'path': '/home/mpr/info_indus/ros2_ws/src/ecat_ros2_workshop/scara_controllers/scara_joint_velocity_controller', 'symlink_install': True, 'test_result_base': None}
[0.437s] Level 5:colcon.colcon_core.verb:set package 'scara_nodes' build argument 'cmake_args' from command line to '['-DCMAKE_BUILD_TYPE=Release']'
[0.437s] Level 5:colcon.colcon_core.verb:set package 'scara_nodes' build argument 'cmake_target' from command line to 'None'
[0.437s] Level 5:colcon.colcon_core.verb:set package 'scara_nodes' build argument 'cmake_target_skip_unavailable' from command line to 'False'
[0.437s] Level 5:colcon.colcon_core.verb:set package 'scara_nodes' build argument 'cmake_clean_cache' from command line to 'False'
[0.438s] Level 5:colcon.colcon_core.verb:set package 'scara_nodes' build argument 'cmake_clean_first' from command line to 'False'
[0.438s] Level 5:colcon.colcon_core.verb:set package 'scara_nodes' build argument 'cmake_force_configure' from command line to 'False'
[0.438s] Level 5:colcon.colcon_core.verb:set package 'scara_nodes' build argument 'ament_cmake_args' from command line to 'None'
[0.438s] Level 5:colcon.colcon_core.verb:set package 'scara_nodes' build argument 'catkin_cmake_args' from command line to 'None'
[0.438s] Level 5:colcon.colcon_core.verb:set package 'scara_nodes' build argument 'catkin_skip_building_tests' from command line to 'False'
[0.438s] DEBUG:colcon.colcon_core.verb:Building package 'scara_nodes' with the following arguments: {'ament_cmake_args': None, 'build_base': '/home/mpr/info_indus/ros2_ws/src/ecat_ros2_workshop/build/scara_nodes', 'catkin_cmake_args': None, 'catkin_skip_building_tests': False, 'cmake_args': ['-DCMAKE_BUILD_TYPE=Release'], 'cmake_clean_cache': False, 'cmake_clean_first': False, 'cmake_force_configure': False, 'cmake_target': None, 'cmake_target_skip_unavailable': False, 'install_base': '/home/mpr/info_indus/ros2_ws/src/ecat_ros2_workshop/install/scara_nodes', 'merge_install': False, 'path': '/home/mpr/info_indus/ros2_ws/src/ecat_ros2_workshop/scara_nodes', 'symlink_install': True, 'test_result_base': None}
[0.438s] Level 5:colcon.colcon_core.verb:set package 'scara_hardware' build argument 'cmake_args' from command line to '['-DCMAKE_BUILD_TYPE=Release']'
[0.438s] Level 5:colcon.colcon_core.verb:set package 'scara_hardware' build argument 'cmake_target' from command line to 'None'
[0.438s] Level 5:colcon.colcon_core.verb:set package 'scara_hardware' build argument 'cmake_target_skip_unavailable' from command line to 'False'
[0.438s] Level 5:colcon.colcon_core.verb:set package 'scara_hardware' build argument 'cmake_clean_cache' from command line to 'False'
[0.438s] Level 5:colcon.colcon_core.verb:set package 'scara_hardware' build argument 'cmake_clean_first' from command line to 'False'
[0.438s] Level 5:colcon.colcon_core.verb:set package 'scara_hardware' build argument 'cmake_force_configure' from command line to 'False'
[0.438s] Level 5:colcon.colcon_core.verb:set package 'scara_hardware' build argument 'ament_cmake_args' from command line to 'None'
[0.438s] Level 5:colcon.colcon_core.verb:set package 'scara_hardware' build argument 'catkin_cmake_args' from command line to 'None'
[0.438s] Level 5:colcon.colcon_core.verb:set package 'scara_hardware' build argument 'catkin_skip_building_tests' from command line to 'False'
[0.438s] DEBUG:colcon.colcon_core.verb:Building package 'scara_hardware' with the following arguments: {'ament_cmake_args': None, 'build_base': '/home/mpr/info_indus/ros2_ws/src/ecat_ros2_workshop/build/scara_hardware', 'catkin_cmake_args': None, 'catkin_skip_building_tests': False, 'cmake_args': ['-DCMAKE_BUILD_TYPE=Release'], 'cmake_clean_cache': False, 'cmake_clean_first': False, 'cmake_force_configure': False, 'cmake_target': None, 'cmake_target_skip_unavailable': False, 'install_base': '/home/mpr/info_indus/ros2_ws/src/ecat_ros2_workshop/install/scara_hardware', 'merge_install': False, 'path': '/home/mpr/info_indus/ros2_ws/src/ecat_ros2_workshop/scara_hardware', 'symlink_install': True, 'test_result_base': None}
[0.438s] INFO:colcon.colcon_core.executor:Executing jobs using 'parallel' executor
[0.440s] DEBUG:colcon.colcon_parallel_executor.executor.parallel:run_until_complete
[0.440s] INFO:colcon.colcon_ros.task.ament_cmake.build:Building ROS package in '/home/mpr/info_indus/ros2_ws/src/ecat_ros2_workshop/scara_description' with build type 'ament_cmake'
[0.440s] INFO:colcon.colcon_cmake.task.cmake.build:Building CMake package in '/home/mpr/info_indus/ros2_ws/src/ecat_ros2_workshop/scara_description'
[0.447s] INFO:colcon.colcon_core.plugin_system:Skipping extension 'colcon_core.shell.bat': Not used on non-Windows systems
[0.447s] INFO:colcon.colcon_core.shell:Skip shell extension 'powershell' for command environment: Not usable outside of PowerShell
[0.447s] DEBUG:colcon.colcon_core.shell:Skip shell extension 'dsv' for command environment
[0.454s] INFO:colcon.colcon_ros.task.ament_cmake.build:Building ROS package in '/home/mpr/info_indus/ros2_ws/src/ecat_ros2_workshop/scara_bringup' with build type 'ament_cmake'
[0.455s] INFO:colcon.colcon_cmake.task.cmake.build:Building CMake package in '/home/mpr/info_indus/ros2_ws/src/ecat_ros2_workshop/scara_bringup'
[0.455s] INFO:colcon.colcon_core.shell:Skip shell extension 'powershell' for command environment: Not usable outside of PowerShell
[0.455s] DEBUG:colcon.colcon_core.shell:Skip shell extension 'dsv' for command environment
[0.466s] INFO:colcon.colcon_ros.task.ament_cmake.build:Building ROS package in '/home/mpr/info_indus/ros2_ws/src/ecat_ros2_workshop/scara_controllers/scara_joint_velocity_controller' with build type 'ament_cmake'
[0.467s] INFO:colcon.colcon_cmake.task.cmake.build:Building CMake package in '/home/mpr/info_indus/ros2_ws/src/ecat_ros2_workshop/scara_controllers/scara_joint_velocity_controller'
[0.468s] INFO:colcon.colcon_core.shell:Skip shell extension 'powershell' for command environment: Not usable outside of PowerShell
[0.468s] DEBUG:colcon.colcon_core.shell:Skip shell extension 'dsv' for command environment
[0.481s] INFO:colcon.colcon_ros.task.ament_cmake.build:Building ROS package in '/home/mpr/info_indus/ros2_ws/src/ecat_ros2_workshop/scara_nodes' with build type 'ament_cmake'
[0.483s] INFO:colcon.colcon_cmake.task.cmake.build:Building CMake package in '/home/mpr/info_indus/ros2_ws/src/ecat_ros2_workshop/scara_nodes'
[0.483s] INFO:colcon.colcon_core.shell:Skip shell extension 'powershell' for command environment: Not usable outside of PowerShell
[0.484s] DEBUG:colcon.colcon_core.shell:Skip shell extension 'dsv' for command environment
[0.505s] DEBUG:colcon.colcon_core.event_handler.log_command:Invoking command in '/home/mpr/info_indus/ros2_ws/src/ecat_ros2_workshop/build/scara_description': CMAKE_PREFIX_PATH=${CMAKE_PREFIX_PATH}:/opt/ros/jazzy DEBUGINFOD_URLS=https://debuginfod.ubuntu.com /usr/bin/cmake --build /home/mpr/info_indus/ros2_ws/src/ecat_ros2_workshop/build/scara_description -- -j4 -l4
[0.519s] DEBUG:colcon.colcon_core.event_handler.log_command:Invoking command in '/home/mpr/info_indus/ros2_ws/src/ecat_ros2_workshop/build/scara_bringup': CMAKE_PREFIX_PATH=${CMAKE_PREFIX_PATH}:/opt/ros/jazzy DEBUGINFOD_URLS=https://debuginfod.ubuntu.com /usr/bin/cmake --build /home/mpr/info_indus/ros2_ws/src/ecat_ros2_workshop/build/scara_bringup -- -j4 -l4
[0.538s] DEBUG:colcon.colcon_core.event_handler.log_command:Invoking command in '/home/mpr/info_indus/ros2_ws/src/ecat_ros2_workshop/build/scara_joint_velocity_controller': CMAKE_PREFIX_PATH=${CMAKE_PREFIX_PATH}:/opt/ros/jazzy DEBUGINFOD_URLS=https://debuginfod.ubuntu.com /usr/bin/cmake --build /home/mpr/info_indus/ros2_ws/src/ecat_ros2_workshop/build/scara_joint_velocity_controller -- -j4 -l4
[0.589s] DEBUG:colcon.colcon_core.event_handler.log_command:Invoking command in '/home/mpr/info_indus/ros2_ws/src/ecat_ros2_workshop/build/scara_nodes': CMAKE_PREFIX_PATH=${CMAKE_PREFIX_PATH}:/opt/ros/jazzy DEBUGINFOD_URLS=https://debuginfod.ubuntu.com /usr/bin/cmake --build /home/mpr/info_indus/ros2_ws/src/ecat_ros2_workshop/build/scara_nodes -- -j4 -l4
[0.786s] DEBUG:colcon.colcon_core.event_handler.log_command:Invoked command in '/home/mpr/info_indus/ros2_ws/src/ecat_ros2_workshop/build/scara_description' returned '0': CMAKE_PREFIX_PATH=${CMAKE_PREFIX_PATH}:/opt/ros/jazzy DEBUGINFOD_URLS=https://debuginfod.ubuntu.com /usr/bin/cmake --build /home/mpr/info_indus/ros2_ws/src/ecat_ros2_workshop/build/scara_description -- -j4 -l4
[0.819s] DEBUG:colcon.colcon_core.event_handler.log_command:Invoking command in '/home/mpr/info_indus/ros2_ws/src/ecat_ros2_workshop/build/scara_description': CMAKE_PREFIX_PATH=${CMAKE_PREFIX_PATH}:/opt/ros/jazzy DEBUGINFOD_URLS=https://debuginfod.ubuntu.com /usr/bin/cmake --install /home/mpr/info_indus/ros2_ws/src/ecat_ros2_workshop/build/scara_description
[0.833s] DEBUG:colcon.colcon_core.event_handler.log_command:Invoked command in '/home/mpr/info_indus/ros2_ws/src/ecat_ros2_workshop/build/scara_bringup' returned '0': CMAKE_PREFIX_PATH=${CMAKE_PREFIX_PATH}:/opt/ros/jazzy DEBUGINFOD_URLS=https://debuginfod.ubuntu.com /usr/bin/cmake --build /home/mpr/info_indus/ros2_ws/src/ecat_ros2_workshop/build/scara_bringup -- -j4 -l4
[0.843s] DEBUG:colcon.colcon_core.event_handler.log_command:Invoking command in '/home/mpr/info_indus/ros2_ws/src/ecat_ros2_workshop/build/scara_bringup': CMAKE_PREFIX_PATH=${CMAKE_PREFIX_PATH}:/opt/ros/jazzy DEBUGINFOD_URLS=https://debuginfod.ubuntu.com /usr/bin/cmake --install /home/mpr/info_indus/ros2_ws/src/ecat_ros2_workshop/build/scara_bringup
[0.879s] DEBUG:colcon.colcon_core.event_handler.log_command:Invoked command in '/home/mpr/info_indus/ros2_ws/src/ecat_ros2_workshop/build/scara_nodes' returned '0': CMAKE_PREFIX_PATH=${CMAKE_PREFIX_PATH}:/opt/ros/jazzy DEBUGINFOD_URLS=https://debuginfod.ubuntu.com /usr/bin/cmake --build /home/mpr/info_indus/ros2_ws/src/ecat_ros2_workshop/build/scara_nodes -- -j4 -l4
[0.880s] DEBUG:colcon.colcon_core.event_handler.log_command:Invoking command in '/home/mpr/info_indus/ros2_ws/src/ecat_ros2_workshop/build/scara_nodes': CMAKE_PREFIX_PATH=${CMAKE_PREFIX_PATH}:/opt/ros/jazzy DEBUGINFOD_URLS=https://debuginfod.ubuntu.com /usr/bin/cmake --install /home/mpr/info_indus/ros2_ws/src/ecat_ros2_workshop/build/scara_nodes
[0.944s] Level 1:colcon.colcon_core.environment:create_environment_scripts_only(scara_bringup)
[0.946s] DEBUG:colcon.colcon_core.event_handler.log_command:Invoked command in '/home/mpr/info_indus/ros2_ws/src/ecat_ros2_workshop/build/scara_bringup' returned '0': CMAKE_PREFIX_PATH=${CMAKE_PREFIX_PATH}:/opt/ros/jazzy DEBUGINFOD_URLS=https://debuginfod.ubuntu.com /usr/bin/cmake --install /home/mpr/info_indus/ros2_ws/src/ecat_ros2_workshop/build/scara_bringup
[0.953s] Level 1:colcon.colcon_core.environment:checking '/home/mpr/info_indus/ros2_ws/src/ecat_ros2_workshop/install/scara_bringup' for CMake module files
[0.954s] Level 1:colcon.colcon_core.environment:checking '/home/mpr/info_indus/ros2_ws/src/ecat_ros2_workshop/install/scara_bringup' for CMake config files
[0.955s] Level 1:colcon.colcon_core.shell:create_environment_hook('scara_bringup', 'cmake_prefix_path')
[0.956s] INFO:colcon.colcon_core.shell:Creating environment hook '/home/mpr/info_indus/ros2_ws/src/ecat_ros2_workshop/install/scara_bringup/share/scara_bringup/hook/cmake_prefix_path.ps1'
[0.961s] INFO:colcon.colcon_core.shell:Creating environment descriptor '/home/mpr/info_indus/ros2_ws/src/ecat_ros2_workshop/install/scara_bringup/share/scara_bringup/hook/cmake_prefix_path.dsv'
[0.962s] INFO:colcon.colcon_core.shell:Creating environment hook '/home/mpr/info_indus/ros2_ws/src/ecat_ros2_workshop/install/scara_bringup/share/scara_bringup/hook/cmake_prefix_path.sh'
[0.972s] Level 1:colcon.colcon_core.environment:checking '/home/mpr/info_indus/ros2_ws/src/ecat_ros2_workshop/install/scara_bringup/bin'
[0.973s] Level 1:colcon.colcon_core.environment:checking '/home/mpr/info_indus/ros2_ws/src/ecat_ros2_workshop/install/scara_bringup/lib/pkgconfig/scara_bringup.pc'
[0.974s] Level 1:colcon.colcon_core.environment:checking '/home/mpr/info_indus/ros2_ws/src/ecat_ros2_workshop/install/scara_bringup/lib/python3.12/site-packages'
[0.977s] Level 1:colcon.colcon_core.environment:checking '/home/mpr/info_indus/ros2_ws/src/ecat_ros2_workshop/install/scara_bringup/bin'
[0.979s] INFO:colcon.colcon_core.shell:Creating package script '/home/mpr/info_indus/ros2_ws/src/ecat_ros2_workshop/install/scara_bringup/share/scara_bringup/package.ps1'
[0.983s] INFO:colcon.colcon_core.shell:Creating package descriptor '/home/mpr/info_indus/ros2_ws/src/ecat_ros2_workshop/install/scara_bringup/share/scara_bringup/package.dsv'
[0.986s] INFO:colcon.colcon_core.shell:Creating package script '/home/mpr/info_indus/ros2_ws/src/ecat_ros2_workshop/install/scara_bringup/share/scara_bringup/package.sh'
[0.989s] INFO:colcon.colcon_core.shell:Creating package script '/home/mpr/info_indus/ros2_ws/src/ecat_ros2_workshop/install/scara_bringup/share/scara_bringup/package.bash'
[0.991s] INFO:colcon.colcon_core.shell:Creating package script '/home/mpr/info_indus/ros2_ws/src/ecat_ros2_workshop/install/scara_bringup/share/scara_bringup/package.zsh'
[0.993s] Level 1:colcon.colcon_core.environment:create_file_with_runtime_dependencies(/home/mpr/info_indus/ros2_ws/src/ecat_ros2_workshop/install/scara_bringup/share/colcon-core/packages/scara_bringup)
[1.001s] Level 1:colcon.colcon_core.environment:create_environment_scripts_only(scara_bringup)
[1.002s] Level 1:colcon.colcon_core.environment:checking '/home/mpr/info_indus/ros2_ws/src/ecat_ros2_workshop/install/scara_bringup' for CMake module files
[1.003s] Level 1:colcon.colcon_core.environment:checking '/home/mpr/info_indus/ros2_ws/src/ecat_ros2_workshop/install/scara_bringup' for CMake config files
[1.004s] Level 1:colcon.colcon_core.shell:create_environment_hook('scara_bringup', 'cmake_prefix_path')
[1.005s] INFO:colcon.colcon_core.shell:Creating environment hook '/home/mpr/info_indus/ros2_ws/src/ecat_ros2_workshop/install/scara_bringup/share/scara_bringup/hook/cmake_prefix_path.ps1'
[1.006s] INFO:colcon.colcon_core.shell:Creating environment descriptor '/home/mpr/info_indus/ros2_ws/src/ecat_ros2_workshop/install/scara_bringup/share/scara_bringup/hook/cmake_prefix_path.dsv'
[1.007s] INFO:colcon.colcon_core.shell:Creating environment hook '/home/mpr/info_indus/ros2_ws/src/ecat_ros2_workshop/install/scara_bringup/share/scara_bringup/hook/cmake_prefix_path.sh'
[1.008s] Level 1:colcon.colcon_core.environment:checking '/home/mpr/info_indus/ros2_ws/src/ecat_ros2_workshop/install/scara_bringup/bin'
[1.008s] Level 1:colcon.colcon_core.environment:checking '/home/mpr/info_indus/ros2_ws/src/ecat_ros2_workshop/install/scara_bringup/lib/pkgconfig/scara_bringup.pc'
[1.009s] Level 1:colcon.colcon_core.environment:checking '/home/mpr/info_indus/ros2_ws/src/ecat_ros2_workshop/install/scara_bringup/lib/python3.12/site-packages'
[1.010s] Level 1:colcon.colcon_core.environment:checking '/home/mpr/info_indus/ros2_ws/src/ecat_ros2_workshop/install/scara_bringup/bin'
[1.011s] INFO:colcon.colcon_core.shell:Creating package script '/home/mpr/info_indus/ros2_ws/src/ecat_ros2_workshop/install/scara_bringup/share/scara_bringup/package.ps1'
[1.013s] INFO:colcon.colcon_core.shell:Creating package descriptor '/home/mpr/info_indus/ros2_ws/src/ecat_ros2_workshop/install/scara_bringup/share/scara_bringup/package.dsv'
[1.015s] INFO:colcon.colcon_core.shell:Creating package script '/home/mpr/info_indus/ros2_ws/src/ecat_ros2_workshop/install/scara_bringup/share/scara_bringup/package.sh'
[1.017s] INFO:colcon.colcon_core.shell:Creating package script '/home/mpr/info_indus/ros2_ws/src/ecat_ros2_workshop/install/scara_bringup/share/scara_bringup/package.bash'
[1.018s] INFO:colcon.colcon_core.shell:Creating package script '/home/mpr/info_indus/ros2_ws/src/ecat_ros2_workshop/install/scara_bringup/share/scara_bringup/package.zsh'
[1.019s] Level 1:colcon.colcon_core.environment:create_file_with_runtime_dependencies(/home/mpr/info_indus/ros2_ws/src/ecat_ros2_workshop/install/scara_bringup/share/colcon-core/packages/scara_bringup)
[1.025s] DEBUG:colcon.colcon_core.event_handler.log_command:Invoked command in '/home/mpr/info_indus/ros2_ws/src/ecat_ros2_workshop/build/scara_joint_velocity_controller' returned '0': CMAKE_PREFIX_PATH=${CMAKE_PREFIX_PATH}:/opt/ros/jazzy DEBUGINFOD_URLS=https://debuginfod.ubuntu.com /usr/bin/cmake --build /home/mpr/info_indus/ros2_ws/src/ecat_ros2_workshop/build/scara_joint_velocity_controller -- -j4 -l4
[1.029s] DEBUG:colcon.colcon_core.event_handler.log_command:Invoking command in '/home/mpr/info_indus/ros2_ws/src/ecat_ros2_workshop/build/scara_joint_velocity_controller': CMAKE_PREFIX_PATH=${CMAKE_PREFIX_PATH}:/opt/ros/jazzy DEBUGINFOD_URLS=https://debuginfod.ubuntu.com /usr/bin/cmake --install /home/mpr/info_indus/ros2_ws/src/ecat_ros2_workshop/build/scara_joint_velocity_controller
[1.030s] Level 1:colcon.colcon_core.environment:create_environment_scripts_only(scara_nodes)
[1.031s] Level 1:colcon.colcon_core.environment:checking '/home/mpr/info_indus/ros2_ws/src/ecat_ros2_workshop/install/scara_nodes' for CMake module files
[1.031s] DEBUG:colcon.colcon_core.event_handler.log_command:Invoked command in '/home/mpr/info_indus/ros2_ws/src/ecat_ros2_workshop/build/scara_nodes' returned '0': CMAKE_PREFIX_PATH=${CMAKE_PREFIX_PATH}:/opt/ros/jazzy DEBUGINFOD_URLS=https://debuginfod.ubuntu.com /usr/bin/cmake --install /home/mpr/info_indus/ros2_ws/src/ecat_ros2_workshop/build/scara_nodes
[1.032s] Level 1:colcon.colcon_core.environment:checking '/home/mpr/info_indus/ros2_ws/src/ecat_ros2_workshop/install/scara_nodes' for CMake config files
[1.033s] Level 1:colcon.colcon_core.shell:create_environment_hook('scara_nodes', 'cmake_prefix_path')
[1.033s] INFO:colcon.colcon_core.shell:Creating environment hook '/home/mpr/info_indus/ros2_ws/src/ecat_ros2_workshop/install/scara_nodes/share/scara_nodes/hook/cmake_prefix_path.ps1'
[1.034s] INFO:colcon.colcon_core.shell:Creating environment descriptor '/home/mpr/info_indus/ros2_ws/src/ecat_ros2_workshop/install/scara_nodes/share/scara_nodes/hook/cmake_prefix_path.dsv'
[1.036s] INFO:colcon.colcon_core.shell:Creating environment hook '/home/mpr/info_indus/ros2_ws/src/ecat_ros2_workshop/install/scara_nodes/share/scara_nodes/hook/cmake_prefix_path.sh'
[1.038s] Level 1:colcon.colcon_core.environment:checking '/home/mpr/info_indus/ros2_ws/src/ecat_ros2_workshop/install/scara_nodes/lib'
[1.038s] Level 1:colcon.colcon_core.environment:checking '/home/mpr/info_indus/ros2_ws/src/ecat_ros2_workshop/install/scara_nodes/bin'
[1.039s] Level 1:colcon.colcon_core.environment:checking '/home/mpr/info_indus/ros2_ws/src/ecat_ros2_workshop/install/scara_nodes/lib/pkgconfig/scara_nodes.pc'
[1.039s] Level 1:colcon.colcon_core.environment:checking '/home/mpr/info_indus/ros2_ws/src/ecat_ros2_workshop/install/scara_nodes/lib/python3.12/site-packages'
[1.040s] Level 1:colcon.colcon_core.environment:checking '/home/mpr/info_indus/ros2_ws/src/ecat_ros2_workshop/install/scara_nodes/bin'
[1.041s] INFO:colcon.colcon_core.shell:Creating package script '/home/mpr/info_indus/ros2_ws/src/ecat_ros2_workshop/install/scara_nodes/share/scara_nodes/package.ps1'
[1.043s] INFO:colcon.colcon_core.shell:Creating package descriptor '/home/mpr/info_indus/ros2_ws/src/ecat_ros2_workshop/install/scara_nodes/share/scara_nodes/package.dsv'
[1.045s] INFO:colcon.colcon_core.shell:Creating package script '/home/mpr/info_indus/ros2_ws/src/ecat_ros2_workshop/install/scara_nodes/share/scara_nodes/package.sh'
[1.047s] INFO:colcon.colcon_core.shell:Creating package script '/home/mpr/info_indus/ros2_ws/src/ecat_ros2_workshop/install/scara_nodes/share/scara_nodes/package.bash'
[1.048s] INFO:colcon.colcon_core.shell:Creating package script '/home/mpr/info_indus/ros2_ws/src/ecat_ros2_workshop/install/scara_nodes/share/scara_nodes/package.zsh'
[1.050s] Level 1:colcon.colcon_core.environment:create_file_with_runtime_dependencies(/home/mpr/info_indus/ros2_ws/src/ecat_ros2_workshop/install/scara_nodes/share/colcon-core/packages/scara_nodes)
[1.052s] Level 1:colcon.colcon_core.environment:create_environment_scripts_only(scara_nodes)
[1.052s] Level 1:colcon.colcon_core.environment:checking '/home/mpr/info_indus/ros2_ws/src/ecat_ros2_workshop/install/scara_nodes' for CMake module files
[1.054s] Level 1:colcon.colcon_core.environment:checking '/home/mpr/info_indus/ros2_ws/src/ecat_ros2_workshop/install/scara_nodes' for CMake config files
[1.055s] Level 1:colcon.colcon_core.shell:create_environment_hook('scara_nodes', 'cmake_prefix_path')
[1.055s] INFO:colcon.colcon_core.shell:Creating environment hook '/home/mpr/info_indus/ros2_ws/src/ecat_ros2_workshop/install/scara_nodes/share/scara_nodes/hook/cmake_prefix_path.ps1'
[1.057s] INFO:colcon.colcon_core.shell:Creating environment descriptor '/home/mpr/info_indus/ros2_ws/src/ecat_ros2_workshop/install/scara_nodes/share/scara_nodes/hook/cmake_prefix_path.dsv'
[1.058s] INFO:colcon.colcon_core.shell:Creating environment hook '/home/mpr/info_indus/ros2_ws/src/ecat_ros2_workshop/install/scara_nodes/share/scara_nodes/hook/cmake_prefix_path.sh'
[1.061s] Level 1:colcon.colcon_core.environment:checking '/home/mpr/info_indus/ros2_ws/src/ecat_ros2_workshop/install/scara_nodes/lib'
[1.061s] Level 1:colcon.colcon_core.environment:checking '/home/mpr/info_indus/ros2_ws/src/ecat_ros2_workshop/install/scara_nodes/bin'
[1.061s] Level 1:colcon.colcon_core.environment:checking '/home/mpr/info_indus/ros2_ws/src/ecat_ros2_workshop/install/scara_nodes/lib/pkgconfig/scara_nodes.pc'
[1.062s] Level 1:colcon.colcon_core.environment:checking '/home/mpr/info_indus/ros2_ws/src/ecat_ros2_workshop/install/scara_nodes/lib/python3.12/site-packages'
[1.063s] Level 1:colcon.colcon_core.environment:checking '/home/mpr/info_indus/ros2_ws/src/ecat_ros2_workshop/install/scara_nodes/bin'
[1.063s] INFO:colcon.colcon_core.shell:Creating package script '/home/mpr/info_indus/ros2_ws/src/ecat_ros2_workshop/install/scara_nodes/share/scara_nodes/package.ps1'
[1.067s] INFO:colcon.colcon_core.shell:Creating package descriptor '/home/mpr/info_indus/ros2_ws/src/ecat_ros2_workshop/install/scara_nodes/share/scara_nodes/package.dsv'
[1.069s] INFO:colcon.colcon_core.shell:Creating package script '/home/mpr/info_indus/ros2_ws/src/ecat_ros2_workshop/install/scara_nodes/share/scara_nodes/package.sh'
[1.071s] INFO:colcon.colcon_core.shell:Creating package script '/home/mpr/info_indus/ros2_ws/src/ecat_ros2_workshop/install/scara_nodes/share/scara_nodes/package.bash'
[1.072s] INFO:colcon.colcon_core.shell:Creating package script '/home/mpr/info_indus/ros2_ws/src/ecat_ros2_workshop/install/scara_nodes/share/scara_nodes/package.zsh'
[1.074s] Level 1:colcon.colcon_core.environment:create_file_with_runtime_dependencies(/home/mpr/info_indus/ros2_ws/src/ecat_ros2_workshop/install/scara_nodes/share/colcon-core/packages/scara_nodes)
[1.112s] Level 1:colcon.colcon_core.environment:create_environment_scripts_only(scara_joint_velocity_controller)
[1.113s] Level 1:colcon.colcon_core.environment:checking '/home/mpr/info_indus/ros2_ws/src/ecat_ros2_workshop/install/scara_joint_velocity_controller' for CMake module files
[1.114s] DEBUG:colcon.colcon_core.event_handler.log_command:Invoked command in '/home/mpr/info_indus/ros2_ws/src/ecat_ros2_workshop/build/scara_joint_velocity_controller' returned '0': CMAKE_PREFIX_PATH=${CMAKE_PREFIX_PATH}:/opt/ros/jazzy DEBUGINFOD_URLS=https://debuginfod.ubuntu.com /usr/bin/cmake --install /home/mpr/info_indus/ros2_ws/src/ecat_ros2_workshop/build/scara_joint_velocity_controller
[1.116s] Level 1:colcon.colcon_core.environment:checking '/home/mpr/info_indus/ros2_ws/src/ecat_ros2_workshop/install/scara_joint_velocity_controller' for CMake config files
[1.117s] Level 1:colcon.colcon_core.shell:create_environment_hook('scara_joint_velocity_controller', 'cmake_prefix_path')
[1.117s] INFO:colcon.colcon_core.shell:Creating environment hook '/home/mpr/info_indus/ros2_ws/src/ecat_ros2_workshop/install/scara_joint_velocity_controller/share/scara_joint_velocity_controller/hook/cmake_prefix_path.ps1'
[1.118s] INFO:colcon.colcon_core.shell:Creating environment descriptor '/home/mpr/info_indus/ros2_ws/src/ecat_ros2_workshop/install/scara_joint_velocity_controller/share/scara_joint_velocity_controller/hook/cmake_prefix_path.dsv'
[1.119s] INFO:colcon.colcon_core.shell:Creating environment hook '/home/mpr/info_indus/ros2_ws/src/ecat_ros2_workshop/install/scara_joint_velocity_controller/share/scara_joint_velocity_controller/hook/cmake_prefix_path.sh'
[1.121s] Level 1:colcon.colcon_core.environment:checking '/home/mpr/info_indus/ros2_ws/src/ecat_ros2_workshop/install/scara_joint_velocity_controller/lib'
[1.121s] Level 1:colcon.colcon_core.shell:create_environment_hook('scara_joint_velocity_controller', 'ld_library_path_lib')
[1.121s] INFO:colcon.colcon_core.shell:Creating environment hook '/home/mpr/info_indus/ros2_ws/src/ecat_ros2_workshop/install/scara_joint_velocity_controller/share/scara_joint_velocity_controller/hook/ld_library_path_lib.ps1'
[1.123s] INFO:colcon.colcon_core.shell:Creating environment descriptor '/home/mpr/info_indus/ros2_ws/src/ecat_ros2_workshop/install/scara_joint_velocity_controller/share/scara_joint_velocity_controller/hook/ld_library_path_lib.dsv'
[1.124s] INFO:colcon.colcon_core.shell:Creating environment hook '/home/mpr/info_indus/ros2_ws/src/ecat_ros2_workshop/install/scara_joint_velocity_controller/share/scara_joint_velocity_controller/hook/ld_library_path_lib.sh'
[1.125s] Level 1:colcon.colcon_core.environment:checking '/home/mpr/info_indus/ros2_ws/src/ecat_ros2_workshop/install/scara_joint_velocity_controller/bin'
[1.125s] Level 1:colcon.colcon_core.environment:checking '/home/mpr/info_indus/ros2_ws/src/ecat_ros2_workshop/install/scara_joint_velocity_controller/lib/pkgconfig/scara_joint_velocity_controller.pc'
[1.126s] Level 1:colcon.colcon_core.environment:checking '/home/mpr/info_indus/ros2_ws/src/ecat_ros2_workshop/install/scara_joint_velocity_controller/lib/python3.12/site-packages'
[1.127s] Level 1:colcon.colcon_core.environment:checking '/home/mpr/info_indus/ros2_ws/src/ecat_ros2_workshop/install/scara_joint_velocity_controller/bin'
[1.127s] INFO:colcon.colcon_core.shell:Creating package script '/home/mpr/info_indus/ros2_ws/src/ecat_ros2_workshop/install/scara_joint_velocity_controller/share/scara_joint_velocity_controller/package.ps1'
[1.130s] INFO:colcon.colcon_core.shell:Creating package descriptor '/home/mpr/info_indus/ros2_ws/src/ecat_ros2_workshop/install/scara_joint_velocity_controller/share/scara_joint_velocity_controller/package.dsv'
[1.131s] INFO:colcon.colcon_core.shell:Creating package script '/home/mpr/info_indus/ros2_ws/src/ecat_ros2_workshop/install/scara_joint_velocity_controller/share/scara_joint_velocity_controller/package.sh'
[1.132s] INFO:colcon.colcon_core.shell:Creating package script '/home/mpr/info_indus/ros2_ws/src/ecat_ros2_workshop/install/scara_joint_velocity_controller/share/scara_joint_velocity_controller/package.bash'
[1.134s] INFO:colcon.colcon_core.shell:Creating package script '/home/mpr/info_indus/ros2_ws/src/ecat_ros2_workshop/install/scara_joint_velocity_controller/share/scara_joint_velocity_controller/package.zsh'
[1.135s] Level 1:colcon.colcon_core.environment:create_file_with_runtime_dependencies(/home/mpr/info_indus/ros2_ws/src/ecat_ros2_workshop/install/scara_joint_velocity_controller/share/colcon-core/packages/scara_joint_velocity_controller)
[1.137s] Level 1:colcon.colcon_core.environment:create_environment_scripts_only(scara_joint_velocity_controller)
[1.138s] Level 1:colcon.colcon_core.environment:checking '/home/mpr/info_indus/ros2_ws/src/ecat_ros2_workshop/install/scara_joint_velocity_controller' for CMake module files
[1.139s] Level 1:colcon.colcon_core.environment:checking '/home/mpr/info_indus/ros2_ws/src/ecat_ros2_workshop/install/scara_joint_velocity_controller' for CMake config files
[1.140s] Level 1:colcon.colcon_core.shell:create_environment_hook('scara_joint_velocity_controller', 'cmake_prefix_path')
[1.141s] INFO:colcon.colcon_core.shell:Creating environment hook '/home/mpr/info_indus/ros2_ws/src/ecat_ros2_workshop/install/scara_joint_velocity_controller/share/scara_joint_velocity_controller/hook/cmake_prefix_path.ps1'
[1.142s] INFO:colcon.colcon_core.shell:Creating environment descriptor '/home/mpr/info_indus/ros2_ws/src/ecat_ros2_workshop/install/scara_joint_velocity_controller/share/scara_joint_velocity_controller/hook/cmake_prefix_path.dsv'
[1.143s] INFO:colcon.colcon_core.shell:Creating environment hook '/home/mpr/info_indus/ros2_ws/src/ecat_ros2_workshop/install/scara_joint_velocity_controller/share/scara_joint_velocity_controller/hook/cmake_prefix_path.sh'
[1.144s] Level 1:colcon.colcon_core.environment:checking '/home/mpr/info_indus/ros2_ws/src/ecat_ros2_workshop/install/scara_joint_velocity_controller/lib'
[1.144s] Level 1:colcon.colcon_core.shell:create_environment_hook('scara_joint_velocity_controller', 'ld_library_path_lib')
[1.145s] INFO:colcon.colcon_core.shell:Creating environment hook '/home/mpr/info_indus/ros2_ws/src/ecat_ros2_workshop/install/scara_joint_velocity_controller/share/scara_joint_velocity_controller/hook/ld_library_path_lib.ps1'
[1.145s] INFO:colcon.colcon_core.shell:Creating environment descriptor '/home/mpr/info_indus/ros2_ws/src/ecat_ros2_workshop/install/scara_joint_velocity_controller/share/scara_joint_velocity_controller/hook/ld_library_path_lib.dsv'
[1.146s] INFO:colcon.colcon_core.shell:Creating environment hook '/home/mpr/info_indus/ros2_ws/src/ecat_ros2_workshop/install/scara_joint_velocity_controller/share/scara_joint_velocity_controller/hook/ld_library_path_lib.sh'
[1.148s] Level 1:colcon.colcon_core.environment:checking '/home/mpr/info_indus/ros2_ws/src/ecat_ros2_workshop/install/scara_joint_velocity_controller/bin'
[1.148s] Level 1:colcon.colcon_core.environment:checking '/home/mpr/info_indus/ros2_ws/src/ecat_ros2_workshop/install/scara_joint_velocity_controller/lib/pkgconfig/scara_joint_velocity_controller.pc'
[1.149s] Level 1:colcon.colcon_core.environment:checking '/home/mpr/info_indus/ros2_ws/src/ecat_ros2_workshop/install/scara_joint_velocity_controller/lib/python3.12/site-packages'
[1.149s] Level 1:colcon.colcon_core.environment:checking '/home/mpr/info_indus/ros2_ws/src/ecat_ros2_workshop/install/scara_joint_velocity_controller/bin'
[1.150s] INFO:colcon.colcon_core.shell:Creating package script '/home/mpr/info_indus/ros2_ws/src/ecat_ros2_workshop/install/scara_joint_velocity_controller/share/scara_joint_velocity_controller/package.ps1'
[1.151s] INFO:colcon.colcon_core.shell:Creating package descriptor '/home/mpr/info_indus/ros2_ws/src/ecat_ros2_workshop/install/scara_joint_velocity_controller/share/scara_joint_velocity_controller/package.dsv'
[1.152s] INFO:colcon.colcon_core.shell:Creating package script '/home/mpr/info_indus/ros2_ws/src/ecat_ros2_workshop/install/scara_joint_velocity_controller/share/scara_joint_velocity_controller/package.sh'
[1.153s] INFO:colcon.colcon_core.shell:Creating package script '/home/mpr/info_indus/ros2_ws/src/ecat_ros2_workshop/install/scara_joint_velocity_controller/share/scara_joint_velocity_controller/package.bash'
[1.153s] INFO:colcon.colcon_core.shell:Creating package script '/home/mpr/info_indus/ros2_ws/src/ecat_ros2_workshop/install/scara_joint_velocity_controller/share/scara_joint_velocity_controller/package.zsh'
[1.154s] Level 1:colcon.colcon_core.environment:create_file_with_runtime_dependencies(/home/mpr/info_indus/ros2_ws/src/ecat_ros2_workshop/install/scara_joint_velocity_controller/share/colcon-core/packages/scara_joint_velocity_controller)
[1.158s] Level 1:colcon.colcon_core.environment:create_environment_scripts_only(scara_description)
[1.159s] Level 1:colcon.colcon_core.environment:checking '/home/mpr/info_indus/ros2_ws/src/ecat_ros2_workshop/install/scara_description' for CMake module files
[1.160s] DEBUG:colcon.colcon_core.event_handler.log_command:Invoked command in '/home/mpr/info_indus/ros2_ws/src/ecat_ros2_workshop/build/scara_description' returned '0': CMAKE_PREFIX_PATH=${CMAKE_PREFIX_PATH}:/opt/ros/jazzy DEBUGINFOD_URLS=https://debuginfod.ubuntu.com /usr/bin/cmake --install /home/mpr/info_indus/ros2_ws/src/ecat_ros2_workshop/build/scara_description
[1.160s] Level 1:colcon.colcon_core.environment:checking '/home/mpr/info_indus/ros2_ws/src/ecat_ros2_workshop/install/scara_description' for CMake config files
[1.161s] Level 1:colcon.colcon_core.shell:create_environment_hook('scara_description', 'cmake_prefix_path')
[1.161s] INFO:colcon.colcon_core.shell:Creating environment hook '/home/mpr/info_indus/ros2_ws/src/ecat_ros2_workshop/install/scara_description/share/scara_description/hook/cmake_prefix_path.ps1'
[1.162s] INFO:colcon.colcon_core.shell:Creating environment descriptor '/home/mpr/info_indus/ros2_ws/src/ecat_ros2_workshop/install/scara_description/share/scara_description/hook/cmake_prefix_path.dsv'
[1.163s] INFO:colcon.colcon_core.shell:Creating environment hook '/home/mpr/info_indus/ros2_ws/src/ecat_ros2_workshop/install/scara_description/share/scara_description/hook/cmake_prefix_path.sh'
[1.165s] Level 1:colcon.colcon_core.environment:checking '/home/mpr/info_indus/ros2_ws/src/ecat_ros2_workshop/install/scara_description/bin'
[1.165s] Level 1:colcon.colcon_core.environment:checking '/home/mpr/info_indus/ros2_ws/src/ecat_ros2_workshop/install/scara_description/lib/pkgconfig/scara_description.pc'
[1.166s] Level 1:colcon.colcon_core.environment:checking '/home/mpr/info_indus/ros2_ws/src/ecat_ros2_workshop/install/scara_description/lib/python3.12/site-packages'
[1.166s] Level 1:colcon.colcon_core.environment:checking '/home/mpr/info_indus/ros2_ws/src/ecat_ros2_workshop/install/scara_description/bin'
[1.167s] INFO:colcon.colcon_core.shell:Creating package script '/home/mpr/info_indus/ros2_ws/src/ecat_ros2_workshop/install/scara_description/share/scara_description/package.ps1'
[1.168s] INFO:colcon.colcon_core.shell:Creating package descriptor '/home/mpr/info_indus/ros2_ws/src/ecat_ros2_workshop/install/scara_description/share/scara_description/package.dsv'
[1.169s] INFO:colcon.colcon_core.shell:Creating package script '/home/mpr/info_indus/ros2_ws/src/ecat_ros2_workshop/install/scara_description/share/scara_description/package.sh'
[1.170s] INFO:colcon.colcon_core.shell:Creating package script '/home/mpr/info_indus/ros2_ws/src/ecat_ros2_workshop/install/scara_description/share/scara_description/package.bash'
[1.171s] INFO:colcon.colcon_core.shell:Creating package script '/home/mpr/info_indus/ros2_ws/src/ecat_ros2_workshop/install/scara_description/share/scara_description/package.zsh'
[1.172s] Level 1:colcon.colcon_core.environment:create_file_with_runtime_dependencies(/home/mpr/info_indus/ros2_ws/src/ecat_ros2_workshop/install/scara_description/share/colcon-core/packages/scara_description)
[1.174s] Level 1:colcon.colcon_core.environment:create_environment_scripts_only(scara_description)
[1.174s] Level 1:colcon.colcon_core.environment:checking '/home/mpr/info_indus/ros2_ws/src/ecat_ros2_workshop/install/scara_description' for CMake module files
[1.176s] Level 1:colcon.colcon_core.environment:checking '/home/mpr/info_indus/ros2_ws/src/ecat_ros2_workshop/install/scara_description' for CMake config files
[1.176s] Level 1:colcon.colcon_core.shell:create_environment_hook('scara_description', 'cmake_prefix_path')
[1.177s] INFO:colcon.colcon_core.shell:Creating environment hook '/home/mpr/info_indus/ros2_ws/src/ecat_ros2_workshop/install/scara_description/share/scara_description/hook/cmake_prefix_path.ps1'
[1.178s] INFO:colcon.colcon_core.shell:Creating environment descriptor '/home/mpr/info_indus/ros2_ws/src/ecat_ros2_workshop/install/scara_description/share/scara_description/hook/cmake_prefix_path.dsv'
[1.179s] INFO:colcon.colcon_core.shell:Creating environment hook '/home/mpr/info_indus/ros2_ws/src/ecat_ros2_workshop/install/scara_description/share/scara_description/hook/cmake_prefix_path.sh'
[1.181s] Level 1:colcon.colcon_core.environment:checking '/home/mpr/info_indus/ros2_ws/src/ecat_ros2_workshop/install/scara_description/bin'
[1.181s] Level 1:colcon.colcon_core.environment:checking '/home/mpr/info_indus/ros2_ws/src/ecat_ros2_workshop/install/scara_description/lib/pkgconfig/scara_description.pc'
[1.181s] Level 1:colcon.colcon_core.environment:checking '/home/mpr/info_indus/ros2_ws/src/ecat_ros2_workshop/install/scara_description/lib/python3.12/site-packages'
[1.182s] Level 1:colcon.colcon_core.environment:checking '/home/mpr/info_indus/ros2_ws/src/ecat_ros2_workshop/install/scara_description/bin'
[1.183s] INFO:colcon.colcon_core.shell:Creating package script '/home/mpr/info_indus/ros2_ws/src/ecat_ros2_workshop/install/scara_description/share/scara_description/package.ps1'
[1.184s] INFO:colcon.colcon_core.shell:Creating package descriptor '/home/mpr/info_indus/ros2_ws/src/ecat_ros2_workshop/install/scara_description/share/scara_description/package.dsv'
[1.185s] INFO:colcon.colcon_core.shell:Creating package script '/home/mpr/info_indus/ros2_ws/src/ecat_ros2_workshop/install/scara_description/share/scara_description/package.sh'
[1.185s] INFO:colcon.colcon_core.shell:Creating package script '/home/mpr/info_indus/ros2_ws/src/ecat_ros2_workshop/install/scara_description/share/scara_description/package.bash'
[1.186s] INFO:colcon.colcon_core.shell:Creating package script '/home/mpr/info_indus/ros2_ws/src/ecat_ros2_workshop/install/scara_description/share/scara_description/package.zsh'
[1.187s] Level 1:colcon.colcon_core.environment:create_file_with_runtime_dependencies(/home/mpr/info_indus/ros2_ws/src/ecat_ros2_workshop/install/scara_description/share/colcon-core/packages/scara_description)
[1.188s] INFO:colcon.colcon_ros.task.ament_cmake.build:Building ROS package in '/home/mpr/info_indus/ros2_ws/src/ecat_ros2_workshop/scara_hardware' with build type 'ament_cmake'
[1.189s] INFO:colcon.colcon_cmake.task.cmake.build:Building CMake package in '/home/mpr/info_indus/ros2_ws/src/ecat_ros2_workshop/scara_hardware'
[1.190s] INFO:colcon.colcon_core.shell:Skip shell extension 'powershell' for command environment: Not usable outside of PowerShell
[1.190s] DEBUG:colcon.colcon_core.shell:Skip shell extension 'dsv' for command environment
[1.212s] DEBUG:colcon.colcon_core.event_handler.log_command:Invoking command in '/home/mpr/info_indus/ros2_ws/src/ecat_ros2_workshop/build/scara_hardware': CMAKE_PREFIX_PATH=/home/mpr/info_indus/ros2_ws/src/ecat_ros2_workshop/install/scara_description:/home/mpr/info_indus/ros2_ws/src/ecat_ros2_workshop/install/scara_nodes:/home/mpr/info_indus/ros2_ws/src/ecat_ros2_workshop/install/scara_joint_velocity_controller:/home/mpr/info_indus/ros2_ws/src/ecat_ros2_workshop/install/scara_hardware:/home/mpr/info_indus/ros2_ws/src/ecat_ros2_workshop/install/scara_bringup:/opt/ros/jazzy/opt/gz_sim_vendor:/opt/ros/jazzy/opt/gz_sensors_vendor:/opt/ros/jazzy/opt/gz_physics_vendor:/opt/ros/jazzy/opt/sdformat_vendor:/opt/ros/jazzy/opt/gz_gui_vendor:/opt/ros/jazzy/opt/gz_transport_vendor:/opt/ros/jazzy/opt/gz_rendering_vendor:/opt/ros/jazzy/opt/gz_plugin_vendor:/opt/ros/jazzy/opt/gz_fuel_tools_vendor:/opt/ros/jazzy/opt/gz_msgs_vendor:/opt/ros/jazzy/opt/gz_common_vendor:/opt/ros/jazzy/opt/gz_math_vendor:/opt/ros/jazzy/opt/gz_utils_vendor:/opt/ros/jazzy/opt/gz_tools_vendor:/opt/ros/jazzy/opt/gz_ogre_next_vendor:/opt/ros/jazzy/opt/gz_dartsim_vendor:/opt/ros/jazzy/opt/gz_cmake_vendor:/opt/ros/jazzy DEBUGINFOD_URLS=https://debuginfod.ubuntu.com /usr/bin/cmake --build /home/mpr/info_indus/ros2_ws/src/ecat_ros2_workshop/build/scara_hardware -- -j4 -l4
[1.380s] DEBUG:colcon.colcon_core.event_handler.log_command:Invoked command in '/home/mpr/info_indus/ros2_ws/src/ecat_ros2_workshop/build/scara_hardware' returned '0': CMAKE_PREFIX_PATH=/home/mpr/info_indus/ros2_ws/src/ecat_ros2_workshop/install/scara_description:/home/mpr/info_indus/ros2_ws/src/ecat_ros2_workshop/install/scara_nodes:/home/mpr/info_indus/ros2_ws/src/ecat_ros2_workshop/install/scara_joint_velocity_controller:/home/mpr/info_indus/ros2_ws/src/ecat_ros2_workshop/install/scara_hardware:/home/mpr/info_indus/ros2_ws/src/ecat_ros2_workshop/install/scara_bringup:/opt/ros/jazzy/opt/gz_sim_vendor:/opt/ros/jazzy/opt/gz_sensors_vendor:/opt/ros/jazzy/opt/gz_physics_vendor:/opt/ros/jazzy/opt/sdformat_vendor:/opt/ros/jazzy/opt/gz_gui_vendor:/opt/ros/jazzy/opt/gz_transport_vendor:/opt/ros/jazzy/opt/gz_rendering_vendor:/opt/ros/jazzy/opt/gz_plugin_vendor:/opt/ros/jazzy/opt/gz_fuel_tools_vendor:/opt/ros/jazzy/opt/gz_msgs_vendor:/opt/ros/jazzy/opt/gz_common_vendor:/opt/ros/jazzy/opt/gz_math_vendor:/opt/ros/jazzy/opt/gz_utils_vendor:/opt/ros/jazzy/opt/gz_tools_vendor:/opt/ros/jazzy/opt/gz_ogre_next_vendor:/opt/ros/jazzy/opt/gz_dartsim_vendor:/opt/ros/jazzy/opt/gz_cmake_vendor:/opt/ros/jazzy DEBUGINFOD_URLS=https://debuginfod.ubuntu.com /usr/bin/cmake --build /home/mpr/info_indus/ros2_ws/src/ecat_ros2_workshop/build/scara_hardware -- -j4 -l4
[1.385s] DEBUG:colcon.colcon_core.event_handler.log_command:Invoking command in '/home/mpr/info_indus/ros2_ws/src/ecat_ros2_workshop/build/scara_hardware': CMAKE_PREFIX_PATH=/home/mpr/info_indus/ros2_ws/src/ecat_ros2_workshop/install/scara_description:/home/mpr/info_indus/ros2_ws/src/ecat_ros2_workshop/install/scara_nodes:/home/mpr/info_indus/ros2_ws/src/ecat_ros2_workshop/install/scara_joint_velocity_controller:/home/mpr/info_indus/ros2_ws/src/ecat_ros2_workshop/install/scara_hardware:/home/mpr/info_indus/ros2_ws/src/ecat_ros2_workshop/install/scara_bringup:/opt/ros/jazzy/opt/gz_sim_vendor:/opt/ros/jazzy/opt/gz_sensors_vendor:/opt/ros/jazzy/opt/gz_physics_vendor:/opt/ros/jazzy/opt/sdformat_vendor:/opt/ros/jazzy/opt/gz_gui_vendor:/opt/ros/jazzy/opt/gz_transport_vendor:/opt/ros/jazzy/opt/gz_rendering_vendor:/opt/ros/jazzy/opt/gz_plugin_vendor:/opt/ros/jazzy/opt/gz_fuel_tools_vendor:/opt/ros/jazzy/opt/gz_msgs_vendor:/opt/ros/jazzy/opt/gz_common_vendor:/opt/ros/jazzy/opt/gz_math_vendor:/opt/ros/jazzy/opt/gz_utils_vendor:/opt/ros/jazzy/opt/gz_tools_vendor:/opt/ros/jazzy/opt/gz_ogre_next_vendor:/opt/ros/jazzy/opt/gz_dartsim_vendor:/opt/ros/jazzy/opt/gz_cmake_vendor:/opt/ros/jazzy DEBUGINFOD_URLS=https://debuginfod.ubuntu.com /usr/bin/cmake --install /home/mpr/info_indus/ros2_ws/src/ecat_ros2_workshop/build/scara_hardware
[1.435s] Level 1:colcon.colcon_core.environment:create_environment_scripts_only(scara_hardware)
[1.435s] Level 1:colcon.colcon_core.environment:checking '/home/mpr/info_indus/ros2_ws/src/ecat_ros2_workshop/install/scara_hardware' for CMake module files
[1.436s] DEBUG:colcon.colcon_core.event_handler.log_command:Invoked command in '/home/mpr/info_indus/ros2_ws/src/ecat_ros2_workshop/build/scara_hardware' returned '0': CMAKE_PREFIX_PATH=/home/mpr/info_indus/ros2_ws/src/ecat_ros2_workshop/install/scara_description:/home/mpr/info_indus/ros2_ws/src/ecat_ros2_workshop/install/scara_nodes:/home/mpr/info_indus/ros2_ws/src/ecat_ros2_workshop/install/scara_joint_velocity_controller:/home/mpr/info_indus/ros2_ws/src/ecat_ros2_workshop/install/scara_hardware:/home/mpr/info_indus/ros2_ws/src/ecat_ros2_workshop/install/scara_bringup:/opt/ros/jazzy/opt/gz_sim_vendor:/opt/ros/jazzy/opt/gz_sensors_vendor:/opt/ros/jazzy/opt/gz_physics_vendor:/opt/ros/jazzy/opt/sdformat_vendor:/opt/ros/jazzy/opt/gz_gui_vendor:/opt/ros/jazzy/opt/gz_transport_vendor:/opt/ros/jazzy/opt/gz_rendering_vendor:/opt/ros/jazzy/opt/gz_plugin_vendor:/opt/ros/jazzy/opt/gz_fuel_tools_vendor:/opt/ros/jazzy/opt/gz_msgs_vendor:/opt/ros/jazzy/opt/gz_common_vendor:/opt/ros/jazzy/opt/gz_math_vendor:/opt/ros/jazzy/opt/gz_utils_vendor:/opt/ros/jazzy/opt/gz_tools_vendor:/opt/ros/jazzy/opt/gz_ogre_next_vendor:/opt/ros/jazzy/opt/gz_dartsim_vendor:/opt/ros/jazzy/opt/gz_cmake_vendor:/opt/ros/jazzy DEBUGINFOD_URLS=https://debuginfod.ubuntu.com /usr/bin/cmake --install /home/mpr/info_indus/ros2_ws/src/ecat_ros2_workshop/build/scara_hardware
[1.436s] Level 1:colcon.colcon_core.environment:checking '/home/mpr/info_indus/ros2_ws/src/ecat_ros2_workshop/install/scara_hardware' for CMake config files
[1.437s] Level 1:colcon.colcon_core.shell:create_environment_hook('scara_hardware', 'cmake_prefix_path')
[1.437s] INFO:colcon.colcon_core.shell:Creating environment hook '/home/mpr/info_indus/ros2_ws/src/ecat_ros2_workshop/install/scara_hardware/share/scara_hardware/hook/cmake_prefix_path.ps1'
[1.438s] INFO:colcon.colcon_core.shell:Creating environment descriptor '/home/mpr/info_indus/ros2_ws/src/ecat_ros2_workshop/install/scara_hardware/share/scara_hardware/hook/cmake_prefix_path.dsv'
[1.438s] INFO:colcon.colcon_core.shell:Creating environment hook '/home/mpr/info_indus/ros2_ws/src/ecat_ros2_workshop/install/scara_hardware/share/scara_hardware/hook/cmake_prefix_path.sh'
[1.439s] Level 1:colcon.colcon_core.environment:checking '/home/mpr/info_indus/ros2_ws/src/ecat_ros2_workshop/install/scara_hardware/lib'
[1.439s] Level 1:colcon.colcon_core.shell:create_environment_hook('scara_hardware', 'ld_library_path_lib')
[1.439s] INFO:colcon.colcon_core.shell:Creating environment hook '/home/mpr/info_indus/ros2_ws/src/ecat_ros2_workshop/install/scara_hardware/share/scara_hardware/hook/ld_library_path_lib.ps1'
[1.440s] INFO:colcon.colcon_core.shell:Creating environment descriptor '/home/mpr/info_indus/ros2_ws/src/ecat_ros2_workshop/install/scara_hardware/share/scara_hardware/hook/ld_library_path_lib.dsv'
[1.440s] INFO:colcon.colcon_core.shell:Creating environment hook '/home/mpr/info_indus/ros2_ws/src/ecat_ros2_workshop/install/scara_hardware/share/scara_hardware/hook/ld_library_path_lib.sh'
[1.441s] Level 1:colcon.colcon_core.environment:checking '/home/mpr/info_indus/ros2_ws/src/ecat_ros2_workshop/install/scara_hardware/bin'
[1.441s] Level 1:colcon.colcon_core.environment:checking '/home/mpr/info_indus/ros2_ws/src/ecat_ros2_workshop/install/scara_hardware/lib/pkgconfig/scara_hardware.pc'
[1.441s] Level 1:colcon.colcon_core.environment:checking '/home/mpr/info_indus/ros2_ws/src/ecat_ros2_workshop/install/scara_hardware/lib/python3.12/site-packages'
[1.442s] Level 1:colcon.colcon_core.environment:checking '/home/mpr/info_indus/ros2_ws/src/ecat_ros2_workshop/install/scara_hardware/bin'
[1.442s] INFO:colcon.colcon_core.shell:Creating package script '/home/mpr/info_indus/ros2_ws/src/ecat_ros2_workshop/install/scara_hardware/share/scara_hardware/package.ps1'
[1.443s] INFO:colcon.colcon_core.shell:Creating package descriptor '/home/mpr/info_indus/ros2_ws/src/ecat_ros2_workshop/install/scara_hardware/share/scara_hardware/package.dsv'
[1.443s] INFO:colcon.colcon_core.shell:Creating package script '/home/mpr/info_indus/ros2_ws/src/ecat_ros2_workshop/install/scara_hardware/share/scara_hardware/package.sh'
[1.444s] INFO:colcon.colcon_core.shell:Creating package script '/home/mpr/info_indus/ros2_ws/src/ecat_ros2_workshop/install/scara_hardware/share/scara_hardware/package.bash'
[1.444s] INFO:colcon.colcon_core.shell:Creating package script '/home/mpr/info_indus/ros2_ws/src/ecat_ros2_workshop/install/scara_hardware/share/scara_hardware/package.zsh'
[1.445s] Level 1:colcon.colcon_core.environment:create_file_with_runtime_dependencies(/home/mpr/info_indus/ros2_ws/src/ecat_ros2_workshop/install/scara_hardware/share/colcon-core/packages/scara_hardware)
[1.445s] Level 1:colcon.colcon_core.environment:create_environment_scripts_only(scara_hardware)
[1.446s] Level 1:colcon.colcon_core.environment:checking '/home/mpr/info_indus/ros2_ws/src/ecat_ros2_workshop/install/scara_hardware' for CMake module files
[1.446s] Level 1:colcon.colcon_core.environment:checking '/home/mpr/info_indus/ros2_ws/src/ecat_ros2_workshop/install/scara_hardware' for CMake config files
[1.447s] Level 1:colcon.colcon_core.shell:create_environment_hook('scara_hardware', 'cmake_prefix_path')
[1.447s] INFO:colcon.colcon_core.shell:Creating environment hook '/home/mpr/info_indus/ros2_ws/src/ecat_ros2_workshop/install/scara_hardware/share/scara_hardware/hook/cmake_prefix_path.ps1'
[1.448s] INFO:colcon.colcon_core.shell:Creating environment descriptor '/home/mpr/info_indus/ros2_ws/src/ecat_ros2_workshop/install/scara_hardware/share/scara_hardware/hook/cmake_prefix_path.dsv'
[1.448s] INFO:colcon.colcon_core.shell:Creating environment hook '/home/mpr/info_indus/ros2_ws/src/ecat_ros2_workshop/install/scara_hardware/share/scara_hardware/hook/cmake_prefix_path.sh'
[1.449s] Level 1:colcon.colcon_core.environment:checking '/home/mpr/info_indus/ros2_ws/src/ecat_ros2_workshop/install/scara_hardware/lib'
[1.449s] Level 1:colcon.colcon_core.shell:create_environment_hook('scara_hardware', 'ld_library_path_lib')
[1.449s] INFO:colcon.colcon_core.shell:Creating environment hook '/home/mpr/info_indus/ros2_ws/src/ecat_ros2_workshop/install/scara_hardware/share/scara_hardware/hook/ld_library_path_lib.ps1'
[1.450s] INFO:colcon.colcon_core.shell:Creating environment descriptor '/home/mpr/info_indus/ros2_ws/src/ecat_ros2_workshop/install/scara_hardware/share/scara_hardware/hook/ld_library_path_lib.dsv'
[1.450s] INFO:colcon.colcon_core.shell:Creating environment hook '/home/mpr/info_indus/ros2_ws/src/ecat_ros2_workshop/install/scara_hardware/share/scara_hardware/hook/ld_library_path_lib.sh'
[1.451s] Level 1:colcon.colcon_core.environment:checking '/home/mpr/info_indus/ros2_ws/src/ecat_ros2_workshop/install/scara_hardware/bin'
[1.451s] Level 1:colcon.colcon_core.environment:checking '/home/mpr/info_indus/ros2_ws/src/ecat_ros2_workshop/install/scara_hardware/lib/pkgconfig/scara_hardware.pc'
[1.451s] Level 1:colcon.colcon_core.environment:checking '/home/mpr/info_indus/ros2_ws/src/ecat_ros2_workshop/install/scara_hardware/lib/python3.12/site-packages'
[1.452s] Level 1:colcon.colcon_core.environment:checking '/home/mpr/info_indus/ros2_ws/src/ecat_ros2_workshop/install/scara_hardware/bin'
[1.452s] INFO:colcon.colcon_core.shell:Creating package script '/home/mpr/info_indus/ros2_ws/src/ecat_ros2_workshop/install/scara_hardware/share/scara_hardware/package.ps1'
[1.453s] INFO:colcon.colcon_core.shell:Creating package descriptor '/home/mpr/info_indus/ros2_ws/src/ecat_ros2_workshop/install/scara_hardware/share/scara_hardware/package.dsv'
[1.453s] INFO:colcon.colcon_core.shell:Creating package script '/home/mpr/info_indus/ros2_ws/src/ecat_ros2_workshop/install/scara_hardware/share/scara_hardware/package.sh'
[1.454s] INFO:colcon.colcon_core.shell:Creating package script '/home/mpr/info_indus/ros2_ws/src/ecat_ros2_workshop/install/scara_hardware/share/scara_hardware/package.bash'
[1.454s] INFO:colcon.colcon_core.shell:Creating package script '/home/mpr/info_indus/ros2_ws/src/ecat_ros2_workshop/install/scara_hardware/share/scara_hardware/package.zsh'
[1.455s] Level 1:colcon.colcon_core.environment:create_file_with_runtime_dependencies(/home/mpr/info_indus/ros2_ws/src/ecat_ros2_workshop/install/scara_hardware/share/colcon-core/packages/scara_hardware)
[1.455s] DEBUG:colcon.colcon_parallel_executor.executor.parallel:closing loop
[1.456s] DEBUG:colcon.colcon_parallel_executor.executor.parallel:loop closed
[1.456s] DEBUG:colcon.colcon_parallel_executor.executor.parallel:run_until_complete finished with '0'
[1.456s] DEBUG:colcon.colcon_core.event_reactor:joining thread
[1.457s] DEBUG:colcon.colcon_core.event_reactor:joined thread
[1.457s] INFO:colcon.colcon_core.shell:Creating prefix script '/home/mpr/info_indus/ros2_ws/src/ecat_ros2_workshop/install/local_setup.ps1'
[1.459s] INFO:colcon.colcon_core.shell:Creating prefix util module '/home/mpr/info_indus/ros2_ws/src/ecat_ros2_workshop/install/_local_setup_util_ps1.py'
[1.460s] INFO:colcon.colcon_core.shell:Creating prefix chain script '/home/mpr/info_indus/ros2_ws/src/ecat_ros2_workshop/install/setup.ps1'
[1.462s] INFO:colcon.colcon_core.shell:Creating prefix script '/home/mpr/info_indus/ros2_ws/src/ecat_ros2_workshop/install/local_setup.sh'
[1.463s] INFO:colcon.colcon_core.shell:Creating prefix util module '/home/mpr/info_indus/ros2_ws/src/ecat_ros2_workshop/install/_local_setup_util_sh.py'
[1.464s] INFO:colcon.colcon_core.shell:Creating prefix chain script '/home/mpr/info_indus/ros2_ws/src/ecat_ros2_workshop/install/setup.sh'
[1.466s] INFO:colcon.colcon_core.shell:Creating prefix script '/home/mpr/info_indus/ros2_ws/src/ecat_ros2_workshop/install/local_setup.bash'
[1.467s] INFO:colcon.colcon_core.shell:Creating prefix chain script '/home/mpr/info_indus/ros2_ws/src/ecat_ros2_workshop/install/setup.bash'
[1.469s] INFO:colcon.colcon_core.shell:Creating prefix script '/home/mpr/info_indus/ros2_ws/src/ecat_ros2_workshop/install/local_setup.zsh'
[1.470s] INFO:colcon.colcon_core.shell:Creating prefix chain script '/home/mpr/info_indus/ros2_ws/src/ecat_ros2_workshop/install/setup.zsh'
