[0.151s] DEBUG:colcon:Command line arguments: ['/usr/bin/colcon', 'build', '--cmake-args', '-DCMAKE_BUILD_TYPE=Release', '--symlink-install']
[0.151s] DEBUG:colcon:Parsed command line arguments: Namespace(log_base=None, log_level=None, verb_name='build', build_base='build', install_base='install', merge_install=False, symlink_install=True, test_result_base=None, continue_on_error=False, executor='parallel', parallel_workers=4, event_handlers=None, ignore_user_meta=False, metas=['./colcon.meta'], base_paths=['.'], packages_ignore=None, packages_ignore_regex=None, paths=None, packages_up_to=None, packages_up_to_regex=None, packages_above=None, packages_above_and_dependencies=None, packages_above_depth=None, packages_select_by_dep=None, packages_skip_by_dep=None, packages_skip_up_to=None, packages_select_build_failed=False, packages_skip_build_finished=False, packages_select_test_failures=False, packages_skip_test_passed=False, packages_select=None, packages_skip=None, packages_select_regex=None, packages_skip_regex=None, packages_start=None, packages_end=None, allow_overriding=[], cmake_args=['-DCMAKE_BUILD_TYPE=Release'], cmake_target=None, cmake_target_skip_unavailable=False, cmake_clean_cache=False, cmake_clean_first=False, cmake_force_configure=False, ament_cmake_args=None, catkin_cmake_args=None, catkin_skip_building_tests=False, mixin_files=None, mixin=None, verb_parser=<colcon_mixin.mixin.mixin_argument.MixinArgumentDecorator object at 0xffff81c886b0>, verb_extension=<colcon_core.verb.build.BuildVerb object at 0xffff81e08da0>, main=<bound method BuildVerb.main of <colcon_core.verb.build.BuildVerb object at 0xffff81e08da0>>, mixin_verb=('build',))
[0.207s] Level 1:colcon.colcon_core.package_discovery:discover_packages(colcon_meta) check parameters
[0.208s] Level 1:colcon.colcon_core.package_discovery:discover_packages(recursive) check parameters
[0.208s] Level 1:colcon.colcon_core.package_discovery:discover_packages(ignore) check parameters
[0.208s] Level 1:colcon.colcon_core.package_discovery:discover_packages(path) check parameters
[0.208s] Level 1:colcon.colcon_core.package_discovery:discover_packages(colcon_meta) discover
[0.208s] Level 1:colcon.colcon_core.package_discovery:discover_packages(recursive) discover
[0.208s] INFO:colcon.colcon_core.package_discovery:Crawling recursively for packages in '/home/mpr/info_indus/ros2_ws/src/ecat_ros2_workshop'
[0.208s] Level 1:colcon.colcon_core.package_identification:_identify(.) by extensions ['ignore', 'ignore_ament_install']
[0.208s] Level 1:colcon.colcon_core.package_identification:_identify(.) by extension 'ignore'
[0.208s] Level 1:colcon.colcon_core.package_identification:_identify(.) by extension 'ignore_ament_install'
[0.208s] Level 1:colcon.colcon_core.package_identification:_identify(.) by extensions ['colcon_pkg']
[0.208s] Level 1:colcon.colcon_core.package_identification:_identify(.) by extension 'colcon_pkg'
[0.208s] Level 1:colcon.colcon_core.package_identification:_identify(.) by extensions ['colcon_meta']
[0.208s] Level 1:colcon.colcon_core.package_identification:_identify(.) by extension 'colcon_meta'
[0.209s] Level 1:colcon.colcon_core.package_identification:_identify(.) by extensions ['ros']
[0.209s] Level 1:colcon.colcon_core.package_identification:_identify(.) by extension 'ros'
[0.246s] Level 1:colcon.colcon_core.package_identification:_identify(.) by extensions ['cmake', 'python']
[0.246s] Level 1:colcon.colcon_core.package_identification:_identify(.) by extension 'cmake'
[0.246s] Level 1:colcon.colcon_core.package_identification:_identify(.) by extension 'python'
[0.246s] Level 1:colcon.colcon_core.package_identification:_identify(.) by extensions ['python_setup_py']
[0.246s] Level 1:colcon.colcon_core.package_identification:_identify(.) by extension 'python_setup_py'
[0.246s] Level 1:colcon.colcon_core.package_identification:_identify(build) by extensions ['ignore', 'ignore_ament_install']
[0.247s] Level 1:colcon.colcon_core.package_identification:_identify(build) by extension 'ignore'
[0.247s] Level 1:colcon.colcon_core.package_identification:_identify(build) ignored
[0.247s] Level 1:colcon.colcon_core.package_identification:_identify(docs) by extensions ['ignore', 'ignore_ament_install']
[0.247s] Level 1:colcon.colcon_core.package_identification:_identify(docs) by extension 'ignore'
[0.247s] Level 1:colcon.colcon_core.package_identification:_identify(docs) by extension 'ignore_ament_install'
[0.247s] Level 1:colcon.colcon_core.package_identification:_identify(docs) by extensions ['colcon_pkg']
[0.247s] Level 1:colcon.colcon_core.package_identification:_identify(docs) by extension 'colcon_pkg'
[0.247s] Level 1:colcon.colcon_core.package_identification:_identify(docs) by extensions ['colcon_meta']
[0.247s] Level 1:colcon.colcon_core.package_identification:_identify(docs) by extension 'colcon_meta'
[0.247s] Level 1:colcon.colcon_core.package_identification:_identify(docs) by extensions ['ros']
[0.247s] Level 1:colcon.colcon_core.package_identification:_identify(docs) by extension 'ros'
[0.247s] Level 1:colcon.colcon_core.package_identification:_identify(docs) by extensions ['cmake', 'python']
[0.247s] Level 1:colcon.colcon_core.package_identification:_identify(docs) by extension 'cmake'
[0.247s] Level 1:colcon.colcon_core.package_identification:_identify(docs) by extension 'python'
[0.248s] Level 1:colcon.colcon_core.package_identification:_identify(docs) by extensions ['python_setup_py']
[0.248s] Level 1:colcon.colcon_core.package_identification:_identify(docs) by extension 'python_setup_py'
[0.248s] Level 1:colcon.colcon_core.package_identification:_identify(docs/about) by extensions ['ignore', 'ignore_ament_install']
[0.248s] Level 1:colcon.colcon_core.package_identification:_identify(docs/about) by extension 'ignore'
[0.248s] Level 1:colcon.colcon_core.package_identification:_identify(docs/about) by extension 'ignore_ament_install'
[0.248s] Level 1:colcon.colcon_core.package_identification:_identify(docs/about) by extensions ['colcon_pkg']
[0.248s] Level 1:colcon.colcon_core.package_identification:_identify(docs/about) by extension 'colcon_pkg'
[0.248s] Level 1:colcon.colcon_core.package_identification:_identify(docs/about) by extensions ['colcon_meta']
[0.248s] Level 1:colcon.colcon_core.package_identification:_identify(docs/about) by extension 'colcon_meta'
[0.248s] Level 1:colcon.colcon_core.package_identification:_identify(docs/about) by extensions ['ros']
[0.248s] Level 1:colcon.colcon_core.package_identification:_identify(docs/about) by extension 'ros'
[0.248s] Level 1:colcon.colcon_core.package_identification:_identify(docs/about) by extensions ['cmake', 'python']
[0.248s] Level 1:colcon.colcon_core.package_identification:_identify(docs/about) by extension 'cmake'
[0.248s] Level 1:colcon.colcon_core.package_identification:_identify(docs/about) by extension 'python'
[0.248s] Level 1:colcon.colcon_core.package_identification:_identify(docs/about) by extensions ['python_setup_py']
[0.248s] Level 1:colcon.colcon_core.package_identification:_identify(docs/about) by extension 'python_setup_py'
[0.248s] Level 1:colcon.colcon_core.package_identification:_identify(docs/getting-started) by extensions ['ignore', 'ignore_ament_install']
[0.249s] Level 1:colcon.colcon_core.package_identification:_identify(docs/getting-started) by extension 'ignore'
[0.249s] Level 1:colcon.colcon_core.package_identification:_identify(docs/getting-started) by extension 'ignore_ament_install'
[0.249s] Level 1:colcon.colcon_core.package_identification:_identify(docs/getting-started) by extensions ['colcon_pkg']
[0.249s] Level 1:colcon.colcon_core.package_identification:_identify(docs/getting-started) by extension 'colcon_pkg'
[0.249s] Level 1:colcon.colcon_core.package_identification:_identify(docs/getting-started) by extensions ['colcon_meta']
[0.249s] Level 1:colcon.colcon_core.package_identification:_identify(docs/getting-started) by extension 'colcon_meta'
[0.249s] Level 1:colcon.colcon_core.package_identification:_identify(docs/getting-started) by extensions ['ros']
[0.249s] Level 1:colcon.colcon_core.package_identification:_identify(docs/getting-started) by extension 'ros'
[0.249s] Level 1:colcon.colcon_core.package_identification:_identify(docs/getting-started) by extensions ['cmake', 'python']
[0.249s] Level 1:colcon.colcon_core.package_identification:_identify(docs/getting-started) by extension 'cmake'
[0.249s] Level 1:colcon.colcon_core.package_identification:_identify(docs/getting-started) by extension 'python'
[0.249s] Level 1:colcon.colcon_core.package_identification:_identify(docs/getting-started) by extensions ['python_setup_py']
[0.249s] Level 1:colcon.colcon_core.package_identification:_identify(docs/getting-started) by extension 'python_setup_py'
[0.249s] Level 1:colcon.colcon_core.package_identification:_identify(docs/images) by extensions ['ignore', 'ignore_ament_install']
[0.249s] Level 1:colcon.colcon_core.package_identification:_identify(docs/images) by extension 'ignore'
[0.249s] Level 1:colcon.colcon_core.package_identification:_identify(docs/images) by extension 'ignore_ament_install'
[0.249s] Level 1:colcon.colcon_core.package_identification:_identify(docs/images) by extensions ['colcon_pkg']
[0.250s] Level 1:colcon.colcon_core.package_identification:_identify(docs/images) by extension 'colcon_pkg'
[0.250s] Level 1:colcon.colcon_core.package_identification:_identify(docs/images) by extensions ['colcon_meta']
[0.250s] Level 1:colcon.colcon_core.package_identification:_identify(docs/images) by extension 'colcon_meta'
[0.250s] Level 1:colcon.colcon_core.package_identification:_identify(docs/images) by extensions ['ros']
[0.250s] Level 1:colcon.colcon_core.package_identification:_identify(docs/images) by extension 'ros'
[0.250s] Level 1:colcon.colcon_core.package_identification:_identify(docs/images) by extensions ['cmake', 'python']
[0.250s] Level 1:colcon.colcon_core.package_identification:_identify(docs/images) by extension 'cmake'
[0.250s] Level 1:colcon.colcon_core.package_identification:_identify(docs/images) by extension 'python'
[0.250s] Level 1:colcon.colcon_core.package_identification:_identify(docs/images) by extensions ['python_setup_py']
[0.250s] Level 1:colcon.colcon_core.package_identification:_identify(docs/images) by extension 'python_setup_py'
[0.250s] Level 1:colcon.colcon_core.package_identification:_identify(docs/tutorials) by extensions ['ignore', 'ignore_ament_install']
[0.250s] Level 1:colcon.colcon_core.package_identification:_identify(docs/tutorials) by extension 'ignore'
[0.250s] Level 1:colcon.colcon_core.package_identification:_identify(docs/tutorials) by extension 'ignore_ament_install'
[0.250s] Level 1:colcon.colcon_core.package_identification:_identify(docs/tutorials) by extensions ['colcon_pkg']
[0.250s] Level 1:colcon.colcon_core.package_identification:_identify(docs/tutorials) by extension 'colcon_pkg'
[0.250s] Level 1:colcon.colcon_core.package_identification:_identify(docs/tutorials) by extensions ['colcon_meta']
[0.250s] Level 1:colcon.colcon_core.package_identification:_identify(docs/tutorials) by extension 'colcon_meta'
[0.250s] Level 1:colcon.colcon_core.package_identification:_identify(docs/tutorials) by extensions ['ros']
[0.250s] Level 1:colcon.colcon_core.package_identification:_identify(docs/tutorials) by extension 'ros'
[0.251s] Level 1:colcon.colcon_core.package_identification:_identify(docs/tutorials) by extensions ['cmake', 'python']
[0.251s] Level 1:colcon.colcon_core.package_identification:_identify(docs/tutorials) by extension 'cmake'
[0.251s] Level 1:colcon.colcon_core.package_identification:_identify(docs/tutorials) by extension 'python'
[0.251s] Level 1:colcon.colcon_core.package_identification:_identify(docs/tutorials) by extensions ['python_setup_py']
[0.251s] Level 1:colcon.colcon_core.package_identification:_identify(docs/tutorials) by extension 'python_setup_py'
[0.251s] Level 1:colcon.colcon_core.package_identification:_identify(install) by extensions ['ignore', 'ignore_ament_install']
[0.251s] Level 1:colcon.colcon_core.package_identification:_identify(install) by extension 'ignore'
[0.251s] Level 1:colcon.colcon_core.package_identification:_identify(install) ignored
[0.251s] Level 1:colcon.colcon_core.package_identification:_identify(log) by extensions ['ignore', 'ignore_ament_install']
[0.251s] Level 1:colcon.colcon_core.package_identification:_identify(log) by extension 'ignore'
[0.251s] Level 1:colcon.colcon_core.package_identification:_identify(log) ignored
[0.251s] Level 1:colcon.colcon_core.package_identification:_identify(resources) by extensions ['ignore', 'ignore_ament_install']
[0.251s] Level 1:colcon.colcon_core.package_identification:_identify(resources) by extension 'ignore'
[0.251s] Level 1:colcon.colcon_core.package_identification:_identify(resources) by extension 'ignore_ament_install'
[0.252s] Level 1:colcon.colcon_core.package_identification:_identify(resources) by extensions ['colcon_pkg']
[0.252s] Level 1:colcon.colcon_core.package_identification:_identify(resources) by extension 'colcon_pkg'
[0.252s] Level 1:colcon.colcon_core.package_identification:_identify(resources) by extensions ['colcon_meta']
[0.252s] Level 1:colcon.colcon_core.package_identification:_identify(resources) by extension 'colcon_meta'
[0.252s] Level 1:colcon.colcon_core.package_identification:_identify(resources) by extensions ['ros']
[0.252s] Level 1:colcon.colcon_core.package_identification:_identify(resources) by extension 'ros'
[0.252s] Level 1:colcon.colcon_core.package_identification:_identify(resources) by extensions ['cmake', 'python']
[0.252s] Level 1:colcon.colcon_core.package_identification:_identify(resources) by extension 'cmake'
[0.252s] Level 1:colcon.colcon_core.package_identification:_identify(resources) by extension 'python'
[0.252s] Level 1:colcon.colcon_core.package_identification:_identify(resources) by extensions ['python_setup_py']
[0.252s] Level 1:colcon.colcon_core.package_identification:_identify(resources) by extension 'python_setup_py'
[0.252s] Level 1:colcon.colcon_core.package_identification:_identify(scara_bringup) by extensions ['ignore', 'ignore_ament_install']
[0.252s] Level 1:colcon.colcon_core.package_identification:_identify(scara_bringup) by extension 'ignore'
[0.252s] Level 1:colcon.colcon_core.package_identification:_identify(scara_bringup) by extension 'ignore_ament_install'
[0.252s] Level 1:colcon.colcon_core.package_identification:_identify(scara_bringup) by extensions ['colcon_pkg']
[0.252s] Level 1:colcon.colcon_core.package_identification:_identify(scara_bringup) by extension 'colcon_pkg'
[0.252s] Level 1:colcon.colcon_core.package_identification:_identify(scara_bringup) by extensions ['colcon_meta']
[0.252s] Level 1:colcon.colcon_core.package_identification:_identify(scara_bringup) by extension 'colcon_meta'
[0.252s] Level 1:colcon.colcon_core.package_identification:_identify(scara_bringup) by extensions ['ros']
[0.252s] Level 1:colcon.colcon_core.package_identification:_identify(scara_bringup) by extension 'ros'
[0.258s] DEBUG:colcon.colcon_core.package_identification:Package 'scara_bringup' with type 'ros.ament_cmake' and name 'scara_bringup'
[0.258s] Level 1:colcon.colcon_core.package_identification:_identify(scara_controllers) by extensions ['ignore', 'ignore_ament_install']
[0.258s] Level 1:colcon.colcon_core.package_identification:_identify(scara_controllers) by extension 'ignore'
[0.258s] Level 1:colcon.colcon_core.package_identification:_identify(scara_controllers) by extension 'ignore_ament_install'
[0.258s] Level 1:colcon.colcon_core.package_identification:_identify(scara_controllers) by extensions ['colcon_pkg']
[0.258s] Level 1:colcon.colcon_core.package_identification:_identify(scara_controllers) by extension 'colcon_pkg'
[0.258s] Level 1:colcon.colcon_core.package_identification:_identify(scara_controllers) by extensions ['colcon_meta']
[0.258s] Level 1:colcon.colcon_core.package_identification:_identify(scara_controllers) by extension 'colcon_meta'
[0.258s] Level 1:colcon.colcon_core.package_identification:_identify(scara_controllers) by extensions ['ros']
[0.258s] Level 1:colcon.colcon_core.package_identification:_identify(scara_controllers) by extension 'ros'
[0.258s] Level 1:colcon.colcon_core.package_identification:_identify(scara_controllers) by extensions ['cmake', 'python']
[0.258s] Level 1:colcon.colcon_core.package_identification:_identify(scara_controllers) by extension 'cmake'
[0.259s] Level 1:colcon.colcon_core.package_identification:_identify(scara_controllers) by extension 'python'
[0.259s] Level 1:colcon.colcon_core.package_identification:_identify(scara_controllers) by extensions ['python_setup_py']
[0.259s] Level 1:colcon.colcon_core.package_identification:_identify(scara_controllers) by extension 'python_setup_py'
[0.259s] Level 1:colcon.colcon_core.package_identification:_identify(scara_controllers/scara_joint_velocity_controller) by extensions ['ignore', 'ignore_ament_install']
[0.259s] Level 1:colcon.colcon_core.package_identification:_identify(scara_controllers/scara_joint_velocity_controller) by extension 'ignore'
[0.259s] Level 1:colcon.colcon_core.package_identification:_identify(scara_controllers/scara_joint_velocity_controller) by extension 'ignore_ament_install'
[0.259s] Level 1:colcon.colcon_core.package_identification:_identify(scara_controllers/scara_joint_velocity_controller) by extensions ['colcon_pkg']
[0.259s] Level 1:colcon.colcon_core.package_identification:_identify(scara_controllers/scara_joint_velocity_controller) by extension 'colcon_pkg'
[0.259s] Level 1:colcon.colcon_core.package_identification:_identify(scara_controllers/scara_joint_velocity_controller) by extensions ['colcon_meta']
[0.259s] Level 1:colcon.colcon_core.package_identification:_identify(scara_controllers/scara_joint_velocity_controller) by extension 'colcon_meta'
[0.259s] Level 1:colcon.colcon_core.package_identification:_identify(scara_controllers/scara_joint_velocity_controller) by extensions ['ros']
[0.259s] Level 1:colcon.colcon_core.package_identification:_identify(scara_controllers/scara_joint_velocity_controller) by extension 'ros'
[0.260s] DEBUG:colcon.colcon_core.package_identification:Package 'scara_controllers/scara_joint_velocity_controller' with type 'ros.ament_cmake' and name 'scara_joint_velocity_controller'
[0.260s] Level 1:colcon.colcon_core.package_identification:_identify(scara_description) by extensions ['ignore', 'ignore_ament_install']
[0.260s] Level 1:colcon.colcon_core.package_identification:_identify(scara_description) by extension 'ignore'
[0.260s] Level 1:colcon.colcon_core.package_identification:_identify(scara_description) by extension 'ignore_ament_install'
[0.260s] Level 1:colcon.colcon_core.package_identification:_identify(scara_description) by extensions ['colcon_pkg']
[0.261s] Level 1:colcon.colcon_core.package_identification:_identify(scara_description) by extension 'colcon_pkg'
[0.261s] Level 1:colcon.colcon_core.package_identification:_identify(scara_description) by extensions ['colcon_meta']
[0.261s] Level 1:colcon.colcon_core.package_identification:_identify(scara_description) by extension 'colcon_meta'
[0.261s] Level 1:colcon.colcon_core.package_identification:_identify(scara_description) by extensions ['ros']
[0.261s] Level 1:colcon.colcon_core.package_identification:_identify(scara_description) by extension 'ros'
[0.261s] DEBUG:colcon.colcon_core.package_identification:Package 'scara_description' with type 'ros.ament_cmake' and name 'scara_description'
[0.261s] Level 1:colcon.colcon_core.package_identification:_identify(scara_hardware) by extensions ['ignore', 'ignore_ament_install']
[0.261s] Level 1:colcon.colcon_core.package_identification:_identify(scara_hardware) by extension 'ignore'
[0.261s] Level 1:colcon.colcon_core.package_identification:_identify(scara_hardware) by extension 'ignore_ament_install'
[0.262s] Level 1:colcon.colcon_core.package_identification:_identify(scara_hardware) by extensions ['colcon_pkg']
[0.262s] Level 1:colcon.colcon_core.package_identification:_identify(scara_hardware) by extension 'colcon_pkg'
[0.262s] Level 1:colcon.colcon_core.package_identification:_identify(scara_hardware) by extensions ['colcon_meta']
[0.262s] Level 1:colcon.colcon_core.package_identification:_identify(scara_hardware) by extension 'colcon_meta'
[0.262s] Level 1:colcon.colcon_core.package_identification:_identify(scara_hardware) by extensions ['ros']
[0.262s] Level 1:colcon.colcon_core.package_identification:_identify(scara_hardware) by extension 'ros'
[0.263s] DEBUG:colcon.colcon_core.package_identification:Package 'scara_hardware' with type 'ros.ament_cmake' and name 'scara_hardware'
[0.263s] Level 1:colcon.colcon_core.package_identification:_identify(scara_nodes) by extensions ['ignore', 'ignore_ament_install']
[0.263s] Level 1:colcon.colcon_core.package_identification:_identify(scara_nodes) by extension 'ignore'
[0.263s] Level 1:colcon.colcon_core.package_identification:_identify(scara_nodes) by extension 'ignore_ament_install'
[0.263s] Level 1:colcon.colcon_core.package_identification:_identify(scara_nodes) by extensions ['colcon_pkg']
[0.263s] Level 1:colcon.colcon_core.package_identification:_identify(scara_nodes) by extension 'colcon_pkg'
[0.263s] Level 1:colcon.colcon_core.package_identification:_identify(scara_nodes) by extensions ['colcon_meta']
[0.263s] Level 1:colcon.colcon_core.package_identification:_identify(scara_nodes) by extension 'colcon_meta'
[0.263s] Level 1:colcon.colcon_core.package_identification:_identify(scara_nodes) by extensions ['ros']
[0.263s] Level 1:colcon.colcon_core.package_identification:_identify(scara_nodes) by extension 'ros'
[0.264s] DEBUG:colcon.colcon_core.package_identification:Package 'scara_nodes' with type 'ros.ament_cmake' and name 'scara_nodes'
[0.264s] Level 1:colcon.colcon_core.package_discovery:discover_packages(recursive) using defaults
[0.264s] Level 1:colcon.colcon_core.package_discovery:discover_packages(ignore) discover
[0.264s] Level 1:colcon.colcon_core.package_discovery:discover_packages(ignore) using defaults
[0.264s] Level 1:colcon.colcon_core.package_discovery:discover_packages(path) discover
[0.264s] Level 1:colcon.colcon_core.package_discovery:discover_packages(path) using defaults
[0.288s] Level 1:colcon.colcon_core.package_discovery:discover_packages(prefix_path) check parameters
[0.288s] Level 1:colcon.colcon_core.package_discovery:discover_packages(prefix_path) discover
[0.301s] DEBUG:colcon.colcon_installed_package_information.package_discovery:Found 5 installed packages in /home/mpr/info_indus/ros2_ws/src/ecat_ros2_workshop/install
[0.303s] DEBUG:colcon.colcon_installed_package_information.package_discovery:Found 368 installed packages in /opt/ros/jazzy
[0.305s] Level 1:colcon.colcon_core.package_discovery:discover_packages(prefix_path) using defaults
[0.385s] Level 5:colcon.colcon_core.verb:set package 'scara_bringup' build argument 'cmake_args' from command line to '['-DCMAKE_BUILD_TYPE=Release']'
[0.385s] Level 5:colcon.colcon_core.verb:set package 'scara_bringup' build argument 'cmake_target' from command line to 'None'
[0.385s] Level 5:colcon.colcon_core.verb:set package 'scara_bringup' build argument 'cmake_target_skip_unavailable' from command line to 'False'
[0.385s] Level 5:colcon.colcon_core.verb:set package 'scara_bringup' build argument 'cmake_clean_cache' from command line to 'False'
[0.385s] Level 5:colcon.colcon_core.verb:set package 'scara_bringup' build argument 'cmake_clean_first' from command line to 'False'
[0.385s] Level 5:colcon.colcon_core.verb:set package 'scara_bringup' build argument 'cmake_force_configure' from command line to 'False'
[0.385s] Level 5:colcon.colcon_core.verb:set package 'scara_bringup' build argument 'ament_cmake_args' from command line to 'None'
[0.385s] Level 5:colcon.colcon_core.verb:set package 'scara_bringup' build argument 'catkin_cmake_args' from command line to 'None'
[0.385s] Level 5:colcon.colcon_core.verb:set package 'scara_bringup' build argument 'catkin_skip_building_tests' from command line to 'False'
[0.385s] DEBUG:colcon.colcon_core.verb:Building package 'scara_bringup' with the following arguments: {'ament_cmake_args': None, 'build_base': '/home/mpr/info_indus/ros2_ws/src/ecat_ros2_workshop/build/scara_bringup', 'catkin_cmake_args': None, 'catkin_skip_building_tests': False, 'cmake_args': ['-DCMAKE_BUILD_TYPE=Release'], 'cmake_clean_cache': False, 'cmake_clean_first': False, 'cmake_force_configure': False, 'cmake_target': None, 'cmake_target_skip_unavailable': False, 'install_base': '/home/mpr/info_indus/ros2_ws/src/ecat_ros2_workshop/install/scara_bringup', 'merge_install': False, 'path': '/home/mpr/info_indus/ros2_ws/src/ecat_ros2_workshop/scara_bringup', 'symlink_install': True, 'test_result_base': None}
[0.386s] Level 5:colcon.colcon_core.verb:set package 'scara_description' build argument 'cmake_args' from command line to '['-DCMAKE_BUILD_TYPE=Release']'
[0.386s] Level 5:colcon.colcon_core.verb:set package 'scara_description' build argument 'cmake_target' from command line to 'None'
[0.386s] Level 5:colcon.colcon_core.verb:set package 'scara_description' build argument 'cmake_target_skip_unavailable' from command line to 'False'
[0.386s] Level 5:colcon.colcon_core.verb:set package 'scara_description' build argument 'cmake_clean_cache' from command line to 'False'
[0.386s] Level 5:colcon.colcon_core.verb:set package 'scara_description' build argument 'cmake_clean_first' from command line to 'False'
[0.386s] Level 5:colcon.colcon_core.verb:set package 'scara_description' build argument 'cmake_force_configure' from command line to 'False'
[0.386s] Level 5:colcon.colcon_core.verb:set package 'scara_description' build argument 'ament_cmake_args' from command line to 'None'
[0.386s] Level 5:colcon.colcon_core.verb:set package 'scara_description' build argument 'catkin_cmake_args' from command line to 'None'
[0.386s] Level 5:colcon.colcon_core.verb:set package 'scara_description' build argument 'catkin_skip_building_tests' from command line to 'False'
[0.386s] DEBUG:colcon.colcon_core.verb:Building package 'scara_description' with the following arguments: {'ament_cmake_args': None, 'build_base': '/home/mpr/info_indus/ros2_ws/src/ecat_ros2_workshop/build/scara_description', 'catkin_cmake_args': None, 'catkin_skip_building_tests': False, 'cmake_args': ['-DCMAKE_BUILD_TYPE=Release'], 'cmake_clean_cache': False, 'cmake_clean_first': False, 'cmake_force_configure': False, 'cmake_target': None, 'cmake_target_skip_unavailable': False, 'install_base': '/home/mpr/info_indus/ros2_ws/src/ecat_ros2_workshop/install/scara_description', 'merge_install': False, 'path': '/home/mpr/info_indus/ros2_ws/src/ecat_ros2_workshop/scara_description', 'symlink_install': True, 'test_result_base': None}
[0.386s] Level 5:colcon.colcon_core.verb:set package 'scara_joint_velocity_controller' build argument 'cmake_args' from command line to '['-DCMAKE_BUILD_TYPE=Release']'
[0.387s] Level 5:colcon.colcon_core.verb:set package 'scara_joint_velocity_controller' build argument 'cmake_target' from command line to 'None'
[0.387s] Level 5:colcon.colcon_core.verb:set package 'scara_joint_velocity_controller' build argument 'cmake_target_skip_unavailable' from command line to 'False'
[0.387s] Level 5:colcon.colcon_core.verb:set package 'scara_joint_velocity_controller' build argument 'cmake_clean_cache' from command line to 'False'
[0.387s] Level 5:colcon.colcon_core.verb:set package 'scara_joint_velocity_controller' build argument 'cmake_clean_first' from command line to 'False'
[0.387s] Level 5:colcon.colcon_core.verb:set package 'scara_joint_velocity_controller' build argument 'cmake_force_configure' from command line to 'False'
[0.387s] Level 5:colcon.colcon_core.verb:set package 'scara_joint_velocity_controller' build argument 'ament_cmake_args' from command line to 'None'
[0.387s] Level 5:colcon.colcon_core.verb:set package 'scara_joint_velocity_controller' build argument 'catkin_cmake_args' from command line to 'None'
[0.387s] Level 5:colcon.colcon_core.verb:set package 'scara_joint_velocity_controller' build argument 'catkin_skip_building_tests' from command line to 'False'
[0.387s] DEBUG:colcon.colcon_core.verb:Building package 'scara_joint_velocity_controller' with the following arguments: {'ament_cmake_args': None, 'build_base': '/home/mpr/info_indus/ros2_ws/src/ecat_ros2_workshop/build/scara_joint_velocity_controller', 'catkin_cmake_args': None, 'catkin_skip_building_tests': False, 'cmake_args': ['-DCMAKE_BUILD_TYPE=Release'], 'cmake_clean_cache': False, 'cmake_clean_first': False, 'cmake_force_configure': False, 'cmake_target': None, 'cmake_target_skip_unavailable': False, 'install_base': '/home/mpr/info_indus/ros2_ws/src/ecat_ros2_workshop/install/scara_joint_velocity_controller', 'merge_install': False, 'path': '/home/mpr/info_indus/ros2_ws/src/ecat_ros2_workshop/scara_controllers/scara_joint_velocity_controller', 'symlink_install': True, 'test_result_base': None}
[0.387s] Level 5:colcon.colcon_core.verb:set package 'scara_nodes' build argument 'cmake_args' from command line to '['-DCMAKE_BUILD_TYPE=Release']'
[0.387s] Level 5:colcon.colcon_core.verb:set package 'scara_nodes' build argument 'cmake_target' from command line to 'None'
[0.387s] Level 5:colcon.colcon_core.verb:set package 'scara_nodes' build argument 'cmake_target_skip_unavailable' from command line to 'False'
[0.387s] Level 5:colcon.colcon_core.verb:set package 'scara_nodes' build argument 'cmake_clean_cache' from command line to 'False'
[0.387s] Level 5:colcon.colcon_core.verb:set package 'scara_nodes' build argument 'cmake_clean_first' from command line to 'False'
[0.387s] Level 5:colcon.colcon_core.verb:set package 'scara_nodes' build argument 'cmake_force_configure' from command line to 'False'
[0.387s] Level 5:colcon.colcon_core.verb:set package 'scara_nodes' build argument 'ament_cmake_args' from command line to 'None'
[0.387s] Level 5:colcon.colcon_core.verb:set package 'scara_nodes' build argument 'catkin_cmake_args' from command line to 'None'
[0.387s] Level 5:colcon.colcon_core.verb:set package 'scara_nodes' build argument 'catkin_skip_building_tests' from command line to 'False'
[0.387s] DEBUG:colcon.colcon_core.verb:Building package 'scara_nodes' with the following arguments: {'ament_cmake_args': None, 'build_base': '/home/mpr/info_indus/ros2_ws/src/ecat_ros2_workshop/build/scara_nodes', 'catkin_cmake_args': None, 'catkin_skip_building_tests': False, 'cmake_args': ['-DCMAKE_BUILD_TYPE=Release'], 'cmake_clean_cache': False, 'cmake_clean_first': False, 'cmake_force_configure': False, 'cmake_target': None, 'cmake_target_skip_unavailable': False, 'install_base': '/home/mpr/info_indus/ros2_ws/src/ecat_ros2_workshop/install/scara_nodes', 'merge_install': False, 'path': '/home/mpr/info_indus/ros2_ws/src/ecat_ros2_workshop/scara_nodes', 'symlink_install': True, 'test_result_base': None}
[0.388s] Level 5:colcon.colcon_core.verb:set package 'scara_hardware' build argument 'cmake_args' from command line to '['-DCMAKE_BUILD_TYPE=Release']'
[0.388s] Level 5:colcon.colcon_core.verb:set package 'scara_hardware' build argument 'cmake_target' from command line to 'None'
[0.388s] Level 5:colcon.colcon_core.verb:set package 'scara_hardware' build argument 'cmake_target_skip_unavailable' from command line to 'False'
[0.388s] Level 5:colcon.colcon_core.verb:set package 'scara_hardware' build argument 'cmake_clean_cache' from command line to 'False'
[0.388s] Level 5:colcon.colcon_core.verb:set package 'scara_hardware' build argument 'cmake_clean_first' from command line to 'False'
[0.388s] Level 5:colcon.colcon_core.verb:set package 'scara_hardware' build argument 'cmake_force_configure' from command line to 'False'
[0.388s] Level 5:colcon.colcon_core.verb:set package 'scara_hardware' build argument 'ament_cmake_args' from command line to 'None'
[0.388s] Level 5:colcon.colcon_core.verb:set package 'scara_hardware' build argument 'catkin_cmake_args' from command line to 'None'
[0.388s] Level 5:colcon.colcon_core.verb:set package 'scara_hardware' build argument 'catkin_skip_building_tests' from command line to 'False'
[0.388s] DEBUG:colcon.colcon_core.verb:Building package 'scara_hardware' with the following arguments: {'ament_cmake_args': None, 'build_base': '/home/mpr/info_indus/ros2_ws/src/ecat_ros2_workshop/build/scara_hardware', 'catkin_cmake_args': None, 'catkin_skip_building_tests': False, 'cmake_args': ['-DCMAKE_BUILD_TYPE=Release'], 'cmake_clean_cache': False, 'cmake_clean_first': False, 'cmake_force_configure': False, 'cmake_target': None, 'cmake_target_skip_unavailable': False, 'install_base': '/home/mpr/info_indus/ros2_ws/src/ecat_ros2_workshop/install/scara_hardware', 'merge_install': False, 'path': '/home/mpr/info_indus/ros2_ws/src/ecat_ros2_workshop/scara_hardware', 'symlink_install': True, 'test_result_base': None}
[0.388s] INFO:colcon.colcon_core.executor:Executing jobs using 'parallel' executor
[0.389s] DEBUG:colcon.colcon_parallel_executor.executor.parallel:run_until_complete
[0.390s] INFO:colcon.colcon_ros.task.ament_cmake.build:Building ROS package in '/home/mpr/info_indus/ros2_ws/src/ecat_ros2_workshop/scara_description' with build type 'ament_cmake'
[0.390s] INFO:colcon.colcon_cmake.task.cmake.build:Building CMake package in '/home/mpr/info_indus/ros2_ws/src/ecat_ros2_workshop/scara_description'
[0.392s] INFO:colcon.colcon_core.plugin_system:Skipping extension 'colcon_core.shell.bat': Not used on non-Windows systems
[0.393s] INFO:colcon.colcon_core.shell:Skip shell extension 'powershell' for command environment: Not usable outside of PowerShell
[0.393s] DEBUG:colcon.colcon_core.shell:Skip shell extension 'dsv' for command environment
[0.399s] INFO:colcon.colcon_ros.task.ament_cmake.build:Building ROS package in '/home/mpr/info_indus/ros2_ws/src/ecat_ros2_workshop/scara_bringup' with build type 'ament_cmake'
[0.399s] INFO:colcon.colcon_cmake.task.cmake.build:Building CMake package in '/home/mpr/info_indus/ros2_ws/src/ecat_ros2_workshop/scara_bringup'
[0.400s] INFO:colcon.colcon_core.shell:Skip shell extension 'powershell' for command environment: Not usable outside of PowerShell
[0.400s] DEBUG:colcon.colcon_core.shell:Skip shell extension 'dsv' for command environment
[0.408s] INFO:colcon.colcon_ros.task.ament_cmake.build:Building ROS package in '/home/mpr/info_indus/ros2_ws/src/ecat_ros2_workshop/scara_controllers/scara_joint_velocity_controller' with build type 'ament_cmake'
[0.410s] INFO:colcon.colcon_cmake.task.cmake.build:Building CMake package in '/home/mpr/info_indus/ros2_ws/src/ecat_ros2_workshop/scara_controllers/scara_joint_velocity_controller'
[0.410s] INFO:colcon.colcon_core.shell:Skip shell extension 'powershell' for command environment: Not usable outside of PowerShell
[0.410s] DEBUG:colcon.colcon_core.shell:Skip shell extension 'dsv' for command environment
[0.420s] INFO:colcon.colcon_ros.task.ament_cmake.build:Building ROS package in '/home/mpr/info_indus/ros2_ws/src/ecat_ros2_workshop/scara_nodes' with build type 'ament_cmake'
[0.420s] INFO:colcon.colcon_cmake.task.cmake.build:Building CMake package in '/home/mpr/info_indus/ros2_ws/src/ecat_ros2_workshop/scara_nodes'
[0.421s] INFO:colcon.colcon_core.shell:Skip shell extension 'powershell' for command environment: Not usable outside of PowerShell
[0.422s] DEBUG:colcon.colcon_core.shell:Skip shell extension 'dsv' for command environment
[0.445s] DEBUG:colcon.colcon_core.event_handler.log_command:Invoking command in '/home/mpr/info_indus/ros2_ws/src/ecat_ros2_workshop/build/scara_description': CMAKE_PREFIX_PATH=${CMAKE_PREFIX_PATH}:/opt/ros/jazzy DEBUGINFOD_URLS=https://debuginfod.ubuntu.com /usr/bin/cmake --build /home/mpr/info_indus/ros2_ws/src/ecat_ros2_workshop/build/scara_description -- -j4 -l4
[0.465s] DEBUG:colcon.colcon_core.event_handler.log_command:Invoking command in '/home/mpr/info_indus/ros2_ws/src/ecat_ros2_workshop/build/scara_bringup': CMAKE_PREFIX_PATH=${CMAKE_PREFIX_PATH}:/opt/ros/jazzy DEBUGINFOD_URLS=https://debuginfod.ubuntu.com /usr/bin/cmake --build /home/mpr/info_indus/ros2_ws/src/ecat_ros2_workshop/build/scara_bringup -- -j4 -l4
[0.469s] DEBUG:colcon.colcon_core.event_handler.log_command:Invoking command in '/home/mpr/info_indus/ros2_ws/src/ecat_ros2_workshop/build/scara_joint_velocity_controller': CMAKE_PREFIX_PATH=${CMAKE_PREFIX_PATH}:/opt/ros/jazzy DEBUGINFOD_URLS=https://debuginfod.ubuntu.com /usr/bin/cmake --build /home/mpr/info_indus/ros2_ws/src/ecat_ros2_workshop/build/scara_joint_velocity_controller -- -j4 -l4
[0.480s] DEBUG:colcon.colcon_core.event_handler.log_command:Invoking command in '/home/mpr/info_indus/ros2_ws/src/ecat_ros2_workshop/build/scara_nodes': CMAKE_PREFIX_PATH=${CMAKE_PREFIX_PATH}:/opt/ros/jazzy DEBUGINFOD_URLS=https://debuginfod.ubuntu.com /usr/bin/cmake --build /home/mpr/info_indus/ros2_ws/src/ecat_ros2_workshop/build/scara_nodes -- -j4 -l4
[0.625s] DEBUG:colcon.colcon_core.event_handler.log_command:Invoked command in '/home/mpr/info_indus/ros2_ws/src/ecat_ros2_workshop/build/scara_description' returned '0': CMAKE_PREFIX_PATH=${CMAKE_PREFIX_PATH}:/opt/ros/jazzy DEBUGINFOD_URLS=https://debuginfod.ubuntu.com /usr/bin/cmake --build /home/mpr/info_indus/ros2_ws/src/ecat_ros2_workshop/build/scara_description -- -j4 -l4
[0.670s] DEBUG:colcon.colcon_core.event_handler.log_command:Invoking command in '/home/mpr/info_indus/ros2_ws/src/ecat_ros2_workshop/build/scara_description': CMAKE_PREFIX_PATH=${CMAKE_PREFIX_PATH}:/opt/ros/jazzy DEBUGINFOD_URLS=https://debuginfod.ubuntu.com /usr/bin/cmake --install /home/mpr/info_indus/ros2_ws/src/ecat_ros2_workshop/build/scara_description
[0.673s] DEBUG:colcon.colcon_core.event_handler.log_command:Invoked command in '/home/mpr/info_indus/ros2_ws/src/ecat_ros2_workshop/build/scara_nodes' returned '0': CMAKE_PREFIX_PATH=${CMAKE_PREFIX_PATH}:/opt/ros/jazzy DEBUGINFOD_URLS=https://debuginfod.ubuntu.com /usr/bin/cmake --build /home/mpr/info_indus/ros2_ws/src/ecat_ros2_workshop/build/scara_nodes -- -j4 -l4
[0.675s] DEBUG:colcon.colcon_core.event_handler.log_command:Invoking command in '/home/mpr/info_indus/ros2_ws/src/ecat_ros2_workshop/build/scara_nodes': CMAKE_PREFIX_PATH=${CMAKE_PREFIX_PATH}:/opt/ros/jazzy DEBUGINFOD_URLS=https://debuginfod.ubuntu.com /usr/bin/cmake --install /home/mpr/info_indus/ros2_ws/src/ecat_ros2_workshop/build/scara_nodes
[0.679s] DEBUG:colcon.colcon_core.event_handler.log_command:Invoked command in '/home/mpr/info_indus/ros2_ws/src/ecat_ros2_workshop/build/scara_bringup' returned '0': CMAKE_PREFIX_PATH=${CMAKE_PREFIX_PATH}:/opt/ros/jazzy DEBUGINFOD_URLS=https://debuginfod.ubuntu.com /usr/bin/cmake --build /home/mpr/info_indus/ros2_ws/src/ecat_ros2_workshop/build/scara_bringup -- -j4 -l4
[0.682s] DEBUG:colcon.colcon_core.event_handler.log_command:Invoking command in '/home/mpr/info_indus/ros2_ws/src/ecat_ros2_workshop/build/scara_bringup': CMAKE_PREFIX_PATH=${CMAKE_PREFIX_PATH}:/opt/ros/jazzy DEBUGINFOD_URLS=https://debuginfod.ubuntu.com /usr/bin/cmake --install /home/mpr/info_indus/ros2_ws/src/ecat_ros2_workshop/build/scara_bringup
[0.722s] DEBUG:colcon.colcon_core.event_handler.log_command:Invoked command in '/home/mpr/info_indus/ros2_ws/src/ecat_ros2_workshop/build/scara_joint_velocity_controller' returned '0': CMAKE_PREFIX_PATH=${CMAKE_PREFIX_PATH}:/opt/ros/jazzy DEBUGINFOD_URLS=https://debuginfod.ubuntu.com /usr/bin/cmake --build /home/mpr/info_indus/ros2_ws/src/ecat_ros2_workshop/build/scara_joint_velocity_controller -- -j4 -l4
[0.723s] DEBUG:colcon.colcon_core.event_handler.log_command:Invoking command in '/home/mpr/info_indus/ros2_ws/src/ecat_ros2_workshop/build/scara_joint_velocity_controller': CMAKE_PREFIX_PATH=${CMAKE_PREFIX_PATH}:/opt/ros/jazzy DEBUGINFOD_URLS=https://debuginfod.ubuntu.com /usr/bin/cmake --install /home/mpr/info_indus/ros2_ws/src/ecat_ros2_workshop/build/scara_joint_velocity_controller
[0.737s] Level 1:colcon.colcon_core.environment:create_environment_scripts_only(scara_nodes)
[0.743s] DEBUG:colcon.colcon_core.event_handler.log_command:Invoked command in '/home/mpr/info_indus/ros2_ws/src/ecat_ros2_workshop/build/scara_nodes' returned '0': CMAKE_PREFIX_PATH=${CMAKE_PREFIX_PATH}:/opt/ros/jazzy DEBUGINFOD_URLS=https://debuginfod.ubuntu.com /usr/bin/cmake --install /home/mpr/info_indus/ros2_ws/src/ecat_ros2_workshop/build/scara_nodes
[0.757s] Level 1:colcon.colcon_core.environment:checking '/home/mpr/info_indus/ros2_ws/src/ecat_ros2_workshop/install/scara_nodes' for CMake module files
[0.759s] Level 1:colcon.colcon_core.environment:checking '/home/mpr/info_indus/ros2_ws/src/ecat_ros2_workshop/install/scara_nodes' for CMake config files
[0.760s] Level 1:colcon.colcon_core.shell:create_environment_hook('scara_nodes', 'cmake_prefix_path')
[0.760s] INFO:colcon.colcon_core.shell:Creating environment hook '/home/mpr/info_indus/ros2_ws/src/ecat_ros2_workshop/install/scara_nodes/share/scara_nodes/hook/cmake_prefix_path.ps1'
[0.764s] INFO:colcon.colcon_core.shell:Creating environment descriptor '/home/mpr/info_indus/ros2_ws/src/ecat_ros2_workshop/install/scara_nodes/share/scara_nodes/hook/cmake_prefix_path.dsv'
[0.765s] INFO:colcon.colcon_core.shell:Creating environment hook '/home/mpr/info_indus/ros2_ws/src/ecat_ros2_workshop/install/scara_nodes/share/scara_nodes/hook/cmake_prefix_path.sh'
[0.766s] Level 1:colcon.colcon_core.environment:checking '/home/mpr/info_indus/ros2_ws/src/ecat_ros2_workshop/install/scara_nodes/lib'
[0.767s] Level 1:colcon.colcon_core.environment:checking '/home/mpr/info_indus/ros2_ws/src/ecat_ros2_workshop/install/scara_nodes/bin'
[0.767s] Level 1:colcon.colcon_core.environment:checking '/home/mpr/info_indus/ros2_ws/src/ecat_ros2_workshop/install/scara_nodes/lib/pkgconfig/scara_nodes.pc'
[0.767s] Level 1:colcon.colcon_core.environment:checking '/home/mpr/info_indus/ros2_ws/src/ecat_ros2_workshop/install/scara_nodes/lib/python3.12/site-packages'
[0.768s] Level 1:colcon.colcon_core.environment:checking '/home/mpr/info_indus/ros2_ws/src/ecat_ros2_workshop/install/scara_nodes/bin'
[0.768s] INFO:colcon.colcon_core.shell:Creating package script '/home/mpr/info_indus/ros2_ws/src/ecat_ros2_workshop/install/scara_nodes/share/scara_nodes/package.ps1'
[0.770s] INFO:colcon.colcon_core.shell:Creating package descriptor '/home/mpr/info_indus/ros2_ws/src/ecat_ros2_workshop/install/scara_nodes/share/scara_nodes/package.dsv'
[0.772s] INFO:colcon.colcon_core.shell:Creating package script '/home/mpr/info_indus/ros2_ws/src/ecat_ros2_workshop/install/scara_nodes/share/scara_nodes/package.sh'
[0.773s] INFO:colcon.colcon_core.shell:Creating package script '/home/mpr/info_indus/ros2_ws/src/ecat_ros2_workshop/install/scara_nodes/share/scara_nodes/package.bash'
[0.775s] INFO:colcon.colcon_core.shell:Creating package script '/home/mpr/info_indus/ros2_ws/src/ecat_ros2_workshop/install/scara_nodes/share/scara_nodes/package.zsh'
[0.776s] Level 1:colcon.colcon_core.environment:create_file_with_runtime_dependencies(/home/mpr/info_indus/ros2_ws/src/ecat_ros2_workshop/install/scara_nodes/share/colcon-core/packages/scara_nodes)
[0.778s] Level 1:colcon.colcon_core.environment:create_environment_scripts_only(scara_nodes)
[0.778s] Level 1:colcon.colcon_core.environment:checking '/home/mpr/info_indus/ros2_ws/src/ecat_ros2_workshop/install/scara_nodes' for CMake module files
[0.779s] Level 1:colcon.colcon_core.environment:checking '/home/mpr/info_indus/ros2_ws/src/ecat_ros2_workshop/install/scara_nodes' for CMake config files
[0.779s] Level 1:colcon.colcon_core.shell:create_environment_hook('scara_nodes', 'cmake_prefix_path')
[0.780s] INFO:colcon.colcon_core.shell:Creating environment hook '/home/mpr/info_indus/ros2_ws/src/ecat_ros2_workshop/install/scara_nodes/share/scara_nodes/hook/cmake_prefix_path.ps1'
[0.780s] INFO:colcon.colcon_core.shell:Creating environment descriptor '/home/mpr/info_indus/ros2_ws/src/ecat_ros2_workshop/install/scara_nodes/share/scara_nodes/hook/cmake_prefix_path.dsv'
[0.781s] INFO:colcon.colcon_core.shell:Creating environment hook '/home/mpr/info_indus/ros2_ws/src/ecat_ros2_workshop/install/scara_nodes/share/scara_nodes/hook/cmake_prefix_path.sh'
[0.783s] Level 1:colcon.colcon_core.environment:checking '/home/mpr/info_indus/ros2_ws/src/ecat_ros2_workshop/install/scara_nodes/lib'
[0.783s] Level 1:colcon.colcon_core.environment:checking '/home/mpr/info_indus/ros2_ws/src/ecat_ros2_workshop/install/scara_nodes/bin'
[0.784s] Level 1:colcon.colcon_core.environment:checking '/home/mpr/info_indus/ros2_ws/src/ecat_ros2_workshop/install/scara_nodes/lib/pkgconfig/scara_nodes.pc'
[0.784s] Level 1:colcon.colcon_core.environment:checking '/home/mpr/info_indus/ros2_ws/src/ecat_ros2_workshop/install/scara_nodes/lib/python3.12/site-packages'
[0.785s] Level 1:colcon.colcon_core.environment:checking '/home/mpr/info_indus/ros2_ws/src/ecat_ros2_workshop/install/scara_nodes/bin'
[0.785s] INFO:colcon.colcon_core.shell:Creating package script '/home/mpr/info_indus/ros2_ws/src/ecat_ros2_workshop/install/scara_nodes/share/scara_nodes/package.ps1'
[0.786s] INFO:colcon.colcon_core.shell:Creating package descriptor '/home/mpr/info_indus/ros2_ws/src/ecat_ros2_workshop/install/scara_nodes/share/scara_nodes/package.dsv'
[0.787s] INFO:colcon.colcon_core.shell:Creating package script '/home/mpr/info_indus/ros2_ws/src/ecat_ros2_workshop/install/scara_nodes/share/scara_nodes/package.sh'
[0.787s] INFO:colcon.colcon_core.shell:Creating package script '/home/mpr/info_indus/ros2_ws/src/ecat_ros2_workshop/install/scara_nodes/share/scara_nodes/package.bash'
[0.788s] INFO:colcon.colcon_core.shell:Creating package script '/home/mpr/info_indus/ros2_ws/src/ecat_ros2_workshop/install/scara_nodes/share/scara_nodes/package.zsh'
[0.789s] Level 1:colcon.colcon_core.environment:create_file_with_runtime_dependencies(/home/mpr/info_indus/ros2_ws/src/ecat_ros2_workshop/install/scara_nodes/share/colcon-core/packages/scara_nodes)
[0.792s] Level 1:colcon.colcon_core.environment:create_environment_scripts_only(scara_description)
[0.792s] Level 1:colcon.colcon_core.environment:checking '/home/mpr/info_indus/ros2_ws/src/ecat_ros2_workshop/install/scara_description' for CMake module files
[0.793s] DEBUG:colcon.colcon_core.event_handler.log_command:Invoked command in '/home/mpr/info_indus/ros2_ws/src/ecat_ros2_workshop/build/scara_description' returned '0': CMAKE_PREFIX_PATH=${CMAKE_PREFIX_PATH}:/opt/ros/jazzy DEBUGINFOD_URLS=https://debuginfod.ubuntu.com /usr/bin/cmake --install /home/mpr/info_indus/ros2_ws/src/ecat_ros2_workshop/build/scara_description
[0.793s] Level 1:colcon.colcon_core.environment:checking '/home/mpr/info_indus/ros2_ws/src/ecat_ros2_workshop/install/scara_description' for CMake config files
[0.793s] Level 1:colcon.colcon_core.shell:create_environment_hook('scara_description', 'cmake_prefix_path')
[0.794s] INFO:colcon.colcon_core.shell:Creating environment hook '/home/mpr/info_indus/ros2_ws/src/ecat_ros2_workshop/install/scara_description/share/scara_description/hook/cmake_prefix_path.ps1'
[0.794s] INFO:colcon.colcon_core.shell:Creating environment descriptor '/home/mpr/info_indus/ros2_ws/src/ecat_ros2_workshop/install/scara_description/share/scara_description/hook/cmake_prefix_path.dsv'
[0.795s] INFO:colcon.colcon_core.shell:Creating environment hook '/home/mpr/info_indus/ros2_ws/src/ecat_ros2_workshop/install/scara_description/share/scara_description/hook/cmake_prefix_path.sh'
[0.795s] Level 1:colcon.colcon_core.environment:checking '/home/mpr/info_indus/ros2_ws/src/ecat_ros2_workshop/install/scara_description/bin'
[0.795s] Level 1:colcon.colcon_core.environment:checking '/home/mpr/info_indus/ros2_ws/src/ecat_ros2_workshop/install/scara_description/lib/pkgconfig/scara_description.pc'
[0.796s] Level 1:colcon.colcon_core.environment:checking '/home/mpr/info_indus/ros2_ws/src/ecat_ros2_workshop/install/scara_description/lib/python3.12/site-packages'
[0.796s] Level 1:colcon.colcon_core.environment:checking '/home/mpr/info_indus/ros2_ws/src/ecat_ros2_workshop/install/scara_description/bin'
[0.797s] INFO:colcon.colcon_core.shell:Creating package script '/home/mpr/info_indus/ros2_ws/src/ecat_ros2_workshop/install/scara_description/share/scara_description/package.ps1'
[0.798s] INFO:colcon.colcon_core.shell:Creating package descriptor '/home/mpr/info_indus/ros2_ws/src/ecat_ros2_workshop/install/scara_description/share/scara_description/package.dsv'
[0.799s] INFO:colcon.colcon_core.shell:Creating package script '/home/mpr/info_indus/ros2_ws/src/ecat_ros2_workshop/install/scara_description/share/scara_description/package.sh'
[0.800s] INFO:colcon.colcon_core.shell:Creating package script '/home/mpr/info_indus/ros2_ws/src/ecat_ros2_workshop/install/scara_description/share/scara_description/package.bash'
[0.801s] INFO:colcon.colcon_core.shell:Creating package script '/home/mpr/info_indus/ros2_ws/src/ecat_ros2_workshop/install/scara_description/share/scara_description/package.zsh'
[0.801s] Level 1:colcon.colcon_core.environment:create_file_with_runtime_dependencies(/home/mpr/info_indus/ros2_ws/src/ecat_ros2_workshop/install/scara_description/share/colcon-core/packages/scara_description)
[0.802s] Level 1:colcon.colcon_core.environment:create_environment_scripts_only(scara_description)
[0.802s] Level 1:colcon.colcon_core.environment:checking '/home/mpr/info_indus/ros2_ws/src/ecat_ros2_workshop/install/scara_description' for CMake module files
[0.803s] Level 1:colcon.colcon_core.environment:checking '/home/mpr/info_indus/ros2_ws/src/ecat_ros2_workshop/install/scara_description' for CMake config files
[0.804s] Level 1:colcon.colcon_core.shell:create_environment_hook('scara_description', 'cmake_prefix_path')
[0.804s] INFO:colcon.colcon_core.shell:Creating environment hook '/home/mpr/info_indus/ros2_ws/src/ecat_ros2_workshop/install/scara_description/share/scara_description/hook/cmake_prefix_path.ps1'
[0.805s] INFO:colcon.colcon_core.shell:Creating environment descriptor '/home/mpr/info_indus/ros2_ws/src/ecat_ros2_workshop/install/scara_description/share/scara_description/hook/cmake_prefix_path.dsv'
[0.805s] INFO:colcon.colcon_core.shell:Creating environment hook '/home/mpr/info_indus/ros2_ws/src/ecat_ros2_workshop/install/scara_description/share/scara_description/hook/cmake_prefix_path.sh'
[0.806s] Level 1:colcon.colcon_core.environment:checking '/home/mpr/info_indus/ros2_ws/src/ecat_ros2_workshop/install/scara_description/bin'
[0.806s] Level 1:colcon.colcon_core.environment:checking '/home/mpr/info_indus/ros2_ws/src/ecat_ros2_workshop/install/scara_description/lib/pkgconfig/scara_description.pc'
[0.807s] Level 1:colcon.colcon_core.environment:checking '/home/mpr/info_indus/ros2_ws/src/ecat_ros2_workshop/install/scara_description/lib/python3.12/site-packages'
[0.807s] Level 1:colcon.colcon_core.environment:checking '/home/mpr/info_indus/ros2_ws/src/ecat_ros2_workshop/install/scara_description/bin'
[0.808s] INFO:colcon.colcon_core.shell:Creating package script '/home/mpr/info_indus/ros2_ws/src/ecat_ros2_workshop/install/scara_description/share/scara_description/package.ps1'
[0.808s] INFO:colcon.colcon_core.shell:Creating package descriptor '/home/mpr/info_indus/ros2_ws/src/ecat_ros2_workshop/install/scara_description/share/scara_description/package.dsv'
[0.810s] INFO:colcon.colcon_core.shell:Creating package script '/home/mpr/info_indus/ros2_ws/src/ecat_ros2_workshop/install/scara_description/share/scara_description/package.sh'
[0.811s] INFO:colcon.colcon_core.shell:Creating package script '/home/mpr/info_indus/ros2_ws/src/ecat_ros2_workshop/install/scara_description/share/scara_description/package.bash'
[0.812s] INFO:colcon.colcon_core.shell:Creating package script '/home/mpr/info_indus/ros2_ws/src/ecat_ros2_workshop/install/scara_description/share/scara_description/package.zsh'
[0.813s] Level 1:colcon.colcon_core.environment:create_file_with_runtime_dependencies(/home/mpr/info_indus/ros2_ws/src/ecat_ros2_workshop/install/scara_description/share/colcon-core/packages/scara_description)
[0.814s] Level 1:colcon.colcon_core.environment:create_environment_scripts_only(scara_bringup)
[0.816s] Level 1:colcon.colcon_core.environment:checking '/home/mpr/info_indus/ros2_ws/src/ecat_ros2_workshop/install/scara_bringup' for CMake module files
[0.819s] DEBUG:colcon.colcon_core.event_handler.log_command:Invoked command in '/home/mpr/info_indus/ros2_ws/src/ecat_ros2_workshop/build/scara_bringup' returned '0': CMAKE_PREFIX_PATH=${CMAKE_PREFIX_PATH}:/opt/ros/jazzy DEBUGINFOD_URLS=https://debuginfod.ubuntu.com /usr/bin/cmake --install /home/mpr/info_indus/ros2_ws/src/ecat_ros2_workshop/build/scara_bringup
[0.820s] Level 1:colcon.colcon_core.environment:checking '/home/mpr/info_indus/ros2_ws/src/ecat_ros2_workshop/install/scara_bringup' for CMake config files
[0.821s] Level 1:colcon.colcon_core.shell:create_environment_hook('scara_bringup', 'cmake_prefix_path')
[0.822s] INFO:colcon.colcon_core.shell:Creating environment hook '/home/mpr/info_indus/ros2_ws/src/ecat_ros2_workshop/install/scara_bringup/share/scara_bringup/hook/cmake_prefix_path.ps1'
[0.824s] INFO:colcon.colcon_core.shell:Creating environment descriptor '/home/mpr/info_indus/ros2_ws/src/ecat_ros2_workshop/install/scara_bringup/share/scara_bringup/hook/cmake_prefix_path.dsv'
[0.825s] INFO:colcon.colcon_core.shell:Creating environment hook '/home/mpr/info_indus/ros2_ws/src/ecat_ros2_workshop/install/scara_bringup/share/scara_bringup/hook/cmake_prefix_path.sh'
[0.827s] Level 1:colcon.colcon_core.environment:checking '/home/mpr/info_indus/ros2_ws/src/ecat_ros2_workshop/install/scara_bringup/bin'
[0.827s] Level 1:colcon.colcon_core.environment:checking '/home/mpr/info_indus/ros2_ws/src/ecat_ros2_workshop/install/scara_bringup/lib/pkgconfig/scara_bringup.pc'
[0.828s] Level 1:colcon.colcon_core.environment:checking '/home/mpr/info_indus/ros2_ws/src/ecat_ros2_workshop/install/scara_bringup/lib/python3.12/site-packages'
[0.829s] Level 1:colcon.colcon_core.environment:checking '/home/mpr/info_indus/ros2_ws/src/ecat_ros2_workshop/install/scara_bringup/bin'
[0.829s] INFO:colcon.colcon_core.shell:Creating package script '/home/mpr/info_indus/ros2_ws/src/ecat_ros2_workshop/install/scara_bringup/share/scara_bringup/package.ps1'
[0.830s] INFO:colcon.colcon_core.shell:Creating package descriptor '/home/mpr/info_indus/ros2_ws/src/ecat_ros2_workshop/install/scara_bringup/share/scara_bringup/package.dsv'
[0.831s] INFO:colcon.colcon_core.shell:Creating package script '/home/mpr/info_indus/ros2_ws/src/ecat_ros2_workshop/install/scara_bringup/share/scara_bringup/package.sh'
[0.832s] INFO:colcon.colcon_core.shell:Creating package script '/home/mpr/info_indus/ros2_ws/src/ecat_ros2_workshop/install/scara_bringup/share/scara_bringup/package.bash'
[0.832s] INFO:colcon.colcon_core.shell:Creating package script '/home/mpr/info_indus/ros2_ws/src/ecat_ros2_workshop/install/scara_bringup/share/scara_bringup/package.zsh'
[0.833s] Level 1:colcon.colcon_core.environment:create_file_with_runtime_dependencies(/home/mpr/info_indus/ros2_ws/src/ecat_ros2_workshop/install/scara_bringup/share/colcon-core/packages/scara_bringup)
[0.834s] Level 1:colcon.colcon_core.environment:create_environment_scripts_only(scara_bringup)
[0.834s] Level 1:colcon.colcon_core.environment:checking '/home/mpr/info_indus/ros2_ws/src/ecat_ros2_workshop/install/scara_bringup' for CMake module files
[0.835s] Level 1:colcon.colcon_core.environment:checking '/home/mpr/info_indus/ros2_ws/src/ecat_ros2_workshop/install/scara_bringup' for CMake config files
[0.836s] Level 1:colcon.colcon_core.shell:create_environment_hook('scara_bringup', 'cmake_prefix_path')
[0.836s] INFO:colcon.colcon_core.shell:Creating environment hook '/home/mpr/info_indus/ros2_ws/src/ecat_ros2_workshop/install/scara_bringup/share/scara_bringup/hook/cmake_prefix_path.ps1'
[0.837s] INFO:colcon.colcon_core.shell:Creating environment descriptor '/home/mpr/info_indus/ros2_ws/src/ecat_ros2_workshop/install/scara_bringup/share/scara_bringup/hook/cmake_prefix_path.dsv'
[0.838s] INFO:colcon.colcon_core.shell:Creating environment hook '/home/mpr/info_indus/ros2_ws/src/ecat_ros2_workshop/install/scara_bringup/share/scara_bringup/hook/cmake_prefix_path.sh'
[0.839s] Level 1:colcon.colcon_core.environment:checking '/home/mpr/info_indus/ros2_ws/src/ecat_ros2_workshop/install/scara_bringup/bin'
[0.839s] Level 1:colcon.colcon_core.environment:checking '/home/mpr/info_indus/ros2_ws/src/ecat_ros2_workshop/install/scara_bringup/lib/pkgconfig/scara_bringup.pc'
[0.839s] Level 1:colcon.colcon_core.environment:checking '/home/mpr/info_indus/ros2_ws/src/ecat_ros2_workshop/install/scara_bringup/lib/python3.12/site-packages'
[0.840s] Level 1:colcon.colcon_core.environment:checking '/home/mpr/info_indus/ros2_ws/src/ecat_ros2_workshop/install/scara_bringup/bin'
[0.841s] INFO:colcon.colcon_core.shell:Creating package script '/home/mpr/info_indus/ros2_ws/src/ecat_ros2_workshop/install/scara_bringup/share/scara_bringup/package.ps1'
[0.842s] INFO:colcon.colcon_core.shell:Creating package descriptor '/home/mpr/info_indus/ros2_ws/src/ecat_ros2_workshop/install/scara_bringup/share/scara_bringup/package.dsv'
[0.844s] INFO:colcon.colcon_core.shell:Creating package script '/home/mpr/info_indus/ros2_ws/src/ecat_ros2_workshop/install/scara_bringup/share/scara_bringup/package.sh'
[0.844s] INFO:colcon.colcon_core.shell:Creating package script '/home/mpr/info_indus/ros2_ws/src/ecat_ros2_workshop/install/scara_bringup/share/scara_bringup/package.bash'
[0.845s] INFO:colcon.colcon_core.shell:Creating package script '/home/mpr/info_indus/ros2_ws/src/ecat_ros2_workshop/install/scara_bringup/share/scara_bringup/package.zsh'
[0.846s] Level 1:colcon.colcon_core.environment:create_file_with_runtime_dependencies(/home/mpr/info_indus/ros2_ws/src/ecat_ros2_workshop/install/scara_bringup/share/colcon-core/packages/scara_bringup)
[0.847s] Level 1:colcon.colcon_core.environment:create_environment_scripts_only(scara_joint_velocity_controller)
[0.848s] Level 1:colcon.colcon_core.environment:checking '/home/mpr/info_indus/ros2_ws/src/ecat_ros2_workshop/install/scara_joint_velocity_controller' for CMake module files
[0.850s] Level 1:colcon.colcon_core.environment:checking '/home/mpr/info_indus/ros2_ws/src/ecat_ros2_workshop/install/scara_joint_velocity_controller' for CMake config files
[0.852s] DEBUG:colcon.colcon_core.event_handler.log_command:Invoked command in '/home/mpr/info_indus/ros2_ws/src/ecat_ros2_workshop/build/scara_joint_velocity_controller' returned '0': CMAKE_PREFIX_PATH=${CMAKE_PREFIX_PATH}:/opt/ros/jazzy DEBUGINFOD_URLS=https://debuginfod.ubuntu.com /usr/bin/cmake --install /home/mpr/info_indus/ros2_ws/src/ecat_ros2_workshop/build/scara_joint_velocity_controller
[0.852s] Level 1:colcon.colcon_core.shell:create_environment_hook('scara_joint_velocity_controller', 'cmake_prefix_path')
[0.853s] INFO:colcon.colcon_core.shell:Creating environment hook '/home/mpr/info_indus/ros2_ws/src/ecat_ros2_workshop/install/scara_joint_velocity_controller/share/scara_joint_velocity_controller/hook/cmake_prefix_path.ps1'
[0.854s] INFO:colcon.colcon_core.shell:Creating environment descriptor '/home/mpr/info_indus/ros2_ws/src/ecat_ros2_workshop/install/scara_joint_velocity_controller/share/scara_joint_velocity_controller/hook/cmake_prefix_path.dsv'
[0.855s] INFO:colcon.colcon_core.shell:Creating environment hook '/home/mpr/info_indus/ros2_ws/src/ecat_ros2_workshop/install/scara_joint_velocity_controller/share/scara_joint_velocity_controller/hook/cmake_prefix_path.sh'
[0.858s] Level 1:colcon.colcon_core.environment:checking '/home/mpr/info_indus/ros2_ws/src/ecat_ros2_workshop/install/scara_joint_velocity_controller/lib'
[0.858s] Level 1:colcon.colcon_core.shell:create_environment_hook('scara_joint_velocity_controller', 'ld_library_path_lib')
[0.859s] INFO:colcon.colcon_core.shell:Creating environment hook '/home/mpr/info_indus/ros2_ws/src/ecat_ros2_workshop/install/scara_joint_velocity_controller/share/scara_joint_velocity_controller/hook/ld_library_path_lib.ps1'
[0.860s] INFO:colcon.colcon_core.shell:Creating environment descriptor '/home/mpr/info_indus/ros2_ws/src/ecat_ros2_workshop/install/scara_joint_velocity_controller/share/scara_joint_velocity_controller/hook/ld_library_path_lib.dsv'
[0.861s] INFO:colcon.colcon_core.shell:Creating environment hook '/home/mpr/info_indus/ros2_ws/src/ecat_ros2_workshop/install/scara_joint_velocity_controller/share/scara_joint_velocity_controller/hook/ld_library_path_lib.sh'
[0.862s] Level 1:colcon.colcon_core.environment:checking '/home/mpr/info_indus/ros2_ws/src/ecat_ros2_workshop/install/scara_joint_velocity_controller/bin'
[0.862s] Level 1:colcon.colcon_core.environment:checking '/home/mpr/info_indus/ros2_ws/src/ecat_ros2_workshop/install/scara_joint_velocity_controller/lib/pkgconfig/scara_joint_velocity_controller.pc'
[0.863s] Level 1:colcon.colcon_core.environment:checking '/home/mpr/info_indus/ros2_ws/src/ecat_ros2_workshop/install/scara_joint_velocity_controller/lib/python3.12/site-packages'
[0.863s] Level 1:colcon.colcon_core.environment:checking '/home/mpr/info_indus/ros2_ws/src/ecat_ros2_workshop/install/scara_joint_velocity_controller/bin'
[0.864s] INFO:colcon.colcon_core.shell:Creating package script '/home/mpr/info_indus/ros2_ws/src/ecat_ros2_workshop/install/scara_joint_velocity_controller/share/scara_joint_velocity_controller/package.ps1'
[0.866s] INFO:colcon.colcon_core.shell:Creating package descriptor '/home/mpr/info_indus/ros2_ws/src/ecat_ros2_workshop/install/scara_joint_velocity_controller/share/scara_joint_velocity_controller/package.dsv'
[0.867s] INFO:colcon.colcon_core.shell:Creating package script '/home/mpr/info_indus/ros2_ws/src/ecat_ros2_workshop/install/scara_joint_velocity_controller/share/scara_joint_velocity_controller/package.sh'
[0.868s] INFO:colcon.colcon_core.shell:Creating package script '/home/mpr/info_indus/ros2_ws/src/ecat_ros2_workshop/install/scara_joint_velocity_controller/share/scara_joint_velocity_controller/package.bash'
[0.869s] INFO:colcon.colcon_core.shell:Creating package script '/home/mpr/info_indus/ros2_ws/src/ecat_ros2_workshop/install/scara_joint_velocity_controller/share/scara_joint_velocity_controller/package.zsh'
[0.870s] Level 1:colcon.colcon_core.environment:create_file_with_runtime_dependencies(/home/mpr/info_indus/ros2_ws/src/ecat_ros2_workshop/install/scara_joint_velocity_controller/share/colcon-core/packages/scara_joint_velocity_controller)
[0.871s] Level 1:colcon.colcon_core.environment:create_environment_scripts_only(scara_joint_velocity_controller)
[0.872s] Level 1:colcon.colcon_core.environment:checking '/home/mpr/info_indus/ros2_ws/src/ecat_ros2_workshop/install/scara_joint_velocity_controller' for CMake module files
[0.873s] Level 1:colcon.colcon_core.environment:checking '/home/mpr/info_indus/ros2_ws/src/ecat_ros2_workshop/install/scara_joint_velocity_controller' for CMake config files
[0.873s] Level 1:colcon.colcon_core.shell:create_environment_hook('scara_joint_velocity_controller', 'cmake_prefix_path')
[0.874s] INFO:colcon.colcon_core.shell:Creating environment hook '/home/mpr/info_indus/ros2_ws/src/ecat_ros2_workshop/install/scara_joint_velocity_controller/share/scara_joint_velocity_controller/hook/cmake_prefix_path.ps1'
[0.875s] INFO:colcon.colcon_core.shell:Creating environment descriptor '/home/mpr/info_indus/ros2_ws/src/ecat_ros2_workshop/install/scara_joint_velocity_controller/share/scara_joint_velocity_controller/hook/cmake_prefix_path.dsv'
[0.876s] INFO:colcon.colcon_core.shell:Creating environment hook '/home/mpr/info_indus/ros2_ws/src/ecat_ros2_workshop/install/scara_joint_velocity_controller/share/scara_joint_velocity_controller/hook/cmake_prefix_path.sh'
[0.877s] Level 1:colcon.colcon_core.environment:checking '/home/mpr/info_indus/ros2_ws/src/ecat_ros2_workshop/install/scara_joint_velocity_controller/lib'
[0.877s] Level 1:colcon.colcon_core.shell:create_environment_hook('scara_joint_velocity_controller', 'ld_library_path_lib')
[0.877s] INFO:colcon.colcon_core.shell:Creating environment hook '/home/mpr/info_indus/ros2_ws/src/ecat_ros2_workshop/install/scara_joint_velocity_controller/share/scara_joint_velocity_controller/hook/ld_library_path_lib.ps1'
[0.878s] INFO:colcon.colcon_core.shell:Creating environment descriptor '/home/mpr/info_indus/ros2_ws/src/ecat_ros2_workshop/install/scara_joint_velocity_controller/share/scara_joint_velocity_controller/hook/ld_library_path_lib.dsv'
[0.879s] INFO:colcon.colcon_core.shell:Creating environment hook '/home/mpr/info_indus/ros2_ws/src/ecat_ros2_workshop/install/scara_joint_velocity_controller/share/scara_joint_velocity_controller/hook/ld_library_path_lib.sh'
[0.880s] Level 1:colcon.colcon_core.environment:checking '/home/mpr/info_indus/ros2_ws/src/ecat_ros2_workshop/install/scara_joint_velocity_controller/bin'
[0.880s] Level 1:colcon.colcon_core.environment:checking '/home/mpr/info_indus/ros2_ws/src/ecat_ros2_workshop/install/scara_joint_velocity_controller/lib/pkgconfig/scara_joint_velocity_controller.pc'
[0.881s] Level 1:colcon.colcon_core.environment:checking '/home/mpr/info_indus/ros2_ws/src/ecat_ros2_workshop/install/scara_joint_velocity_controller/lib/python3.12/site-packages'
[0.881s] Level 1:colcon.colcon_core.environment:checking '/home/mpr/info_indus/ros2_ws/src/ecat_ros2_workshop/install/scara_joint_velocity_controller/bin'
[0.882s] INFO:colcon.colcon_core.shell:Creating package script '/home/mpr/info_indus/ros2_ws/src/ecat_ros2_workshop/install/scara_joint_velocity_controller/share/scara_joint_velocity_controller/package.ps1'
[0.884s] INFO:colcon.colcon_core.shell:Creating package descriptor '/home/mpr/info_indus/ros2_ws/src/ecat_ros2_workshop/install/scara_joint_velocity_controller/share/scara_joint_velocity_controller/package.dsv'
[0.885s] INFO:colcon.colcon_core.shell:Creating package script '/home/mpr/info_indus/ros2_ws/src/ecat_ros2_workshop/install/scara_joint_velocity_controller/share/scara_joint_velocity_controller/package.sh'
[0.886s] INFO:colcon.colcon_core.shell:Creating package script '/home/mpr/info_indus/ros2_ws/src/ecat_ros2_workshop/install/scara_joint_velocity_controller/share/scara_joint_velocity_controller/package.bash'
[0.887s] INFO:colcon.colcon_core.shell:Creating package script '/home/mpr/info_indus/ros2_ws/src/ecat_ros2_workshop/install/scara_joint_velocity_controller/share/scara_joint_velocity_controller/package.zsh'
[0.888s] Level 1:colcon.colcon_core.environment:create_file_with_runtime_dependencies(/home/mpr/info_indus/ros2_ws/src/ecat_ros2_workshop/install/scara_joint_velocity_controller/share/colcon-core/packages/scara_joint_velocity_controller)
[0.889s] INFO:colcon.colcon_ros.task.ament_cmake.build:Building ROS package in '/home/mpr/info_indus/ros2_ws/src/ecat_ros2_workshop/scara_hardware' with build type 'ament_cmake'
[0.889s] INFO:colcon.colcon_cmake.task.cmake.build:Building CMake package in '/home/mpr/info_indus/ros2_ws/src/ecat_ros2_workshop/scara_hardware'
[0.890s] INFO:colcon.colcon_core.shell:Skip shell extension 'powershell' for command environment: Not usable outside of PowerShell
[0.890s] DEBUG:colcon.colcon_core.shell:Skip shell extension 'dsv' for command environment
[0.912s] DEBUG:colcon.colcon_core.event_handler.log_command:Invoking command in '/home/mpr/info_indus/ros2_ws/src/ecat_ros2_workshop/build/scara_hardware': CMAKE_PREFIX_PATH=/home/mpr/info_indus/ros2_ws/src/ecat_ros2_workshop/install/scara_description:/home/mpr/info_indus/ros2_ws/src/ecat_ros2_workshop/install/scara_nodes:/home/mpr/info_indus/ros2_ws/src/ecat_ros2_workshop/install/scara_joint_velocity_controller:/home/mpr/info_indus/ros2_ws/src/ecat_ros2_workshop/install/scara_hardware:/home/mpr/info_indus/ros2_ws/src/ecat_ros2_workshop/install/scara_bringup:/opt/ros/jazzy/opt/gz_sim_vendor:/opt/ros/jazzy/opt/gz_sensors_vendor:/opt/ros/jazzy/opt/gz_physics_vendor:/opt/ros/jazzy/opt/sdformat_vendor:/opt/ros/jazzy/opt/gz_gui_vendor:/opt/ros/jazzy/opt/gz_transport_vendor:/opt/ros/jazzy/opt/gz_rendering_vendor:/opt/ros/jazzy/opt/gz_plugin_vendor:/opt/ros/jazzy/opt/gz_fuel_tools_vendor:/opt/ros/jazzy/opt/gz_msgs_vendor:/opt/ros/jazzy/opt/gz_common_vendor:/opt/ros/jazzy/opt/gz_math_vendor:/opt/ros/jazzy/opt/gz_utils_vendor:/opt/ros/jazzy/opt/gz_tools_vendor:/opt/ros/jazzy/opt/gz_ogre_next_vendor:/opt/ros/jazzy/opt/gz_dartsim_vendor:/opt/ros/jazzy/opt/gz_cmake_vendor:/opt/ros/jazzy DEBUGINFOD_URLS=https://debuginfod.ubuntu.com /usr/bin/cmake --build /home/mpr/info_indus/ros2_ws/src/ecat_ros2_workshop/build/scara_hardware -- -j4 -l4
[1.073s] DEBUG:colcon.colcon_core.event_handler.log_command:Invoked command in '/home/mpr/info_indus/ros2_ws/src/ecat_ros2_workshop/build/scara_hardware' returned '0': CMAKE_PREFIX_PATH=/home/mpr/info_indus/ros2_ws/src/ecat_ros2_workshop/install/scara_description:/home/mpr/info_indus/ros2_ws/src/ecat_ros2_workshop/install/scara_nodes:/home/mpr/info_indus/ros2_ws/src/ecat_ros2_workshop/install/scara_joint_velocity_controller:/home/mpr/info_indus/ros2_ws/src/ecat_ros2_workshop/install/scara_hardware:/home/mpr/info_indus/ros2_ws/src/ecat_ros2_workshop/install/scara_bringup:/opt/ros/jazzy/opt/gz_sim_vendor:/opt/ros/jazzy/opt/gz_sensors_vendor:/opt/ros/jazzy/opt/gz_physics_vendor:/opt/ros/jazzy/opt/sdformat_vendor:/opt/ros/jazzy/opt/gz_gui_vendor:/opt/ros/jazzy/opt/gz_transport_vendor:/opt/ros/jazzy/opt/gz_rendering_vendor:/opt/ros/jazzy/opt/gz_plugin_vendor:/opt/ros/jazzy/opt/gz_fuel_tools_vendor:/opt/ros/jazzy/opt/gz_msgs_vendor:/opt/ros/jazzy/opt/gz_common_vendor:/opt/ros/jazzy/opt/gz_math_vendor:/opt/ros/jazzy/opt/gz_utils_vendor:/opt/ros/jazzy/opt/gz_tools_vendor:/opt/ros/jazzy/opt/gz_ogre_next_vendor:/opt/ros/jazzy/opt/gz_dartsim_vendor:/opt/ros/jazzy/opt/gz_cmake_vendor:/opt/ros/jazzy DEBUGINFOD_URLS=https://debuginfod.ubuntu.com /usr/bin/cmake --build /home/mpr/info_indus/ros2_ws/src/ecat_ros2_workshop/build/scara_hardware -- -j4 -l4
[1.076s] DEBUG:colcon.colcon_core.event_handler.log_command:Invoking command in '/home/mpr/info_indus/ros2_ws/src/ecat_ros2_workshop/build/scara_hardware': CMAKE_PREFIX_PATH=/home/mpr/info_indus/ros2_ws/src/ecat_ros2_workshop/install/scara_description:/home/mpr/info_indus/ros2_ws/src/ecat_ros2_workshop/install/scara_nodes:/home/mpr/info_indus/ros2_ws/src/ecat_ros2_workshop/install/scara_joint_velocity_controller:/home/mpr/info_indus/ros2_ws/src/ecat_ros2_workshop/install/scara_hardware:/home/mpr/info_indus/ros2_ws/src/ecat_ros2_workshop/install/scara_bringup:/opt/ros/jazzy/opt/gz_sim_vendor:/opt/ros/jazzy/opt/gz_sensors_vendor:/opt/ros/jazzy/opt/gz_physics_vendor:/opt/ros/jazzy/opt/sdformat_vendor:/opt/ros/jazzy/opt/gz_gui_vendor:/opt/ros/jazzy/opt/gz_transport_vendor:/opt/ros/jazzy/opt/gz_rendering_vendor:/opt/ros/jazzy/opt/gz_plugin_vendor:/opt/ros/jazzy/opt/gz_fuel_tools_vendor:/opt/ros/jazzy/opt/gz_msgs_vendor:/opt/ros/jazzy/opt/gz_common_vendor:/opt/ros/jazzy/opt/gz_math_vendor:/opt/ros/jazzy/opt/gz_utils_vendor:/opt/ros/jazzy/opt/gz_tools_vendor:/opt/ros/jazzy/opt/gz_ogre_next_vendor:/opt/ros/jazzy/opt/gz_dartsim_vendor:/opt/ros/jazzy/opt/gz_cmake_vendor:/opt/ros/jazzy DEBUGINFOD_URLS=https://debuginfod.ubuntu.com /usr/bin/cmake --install /home/mpr/info_indus/ros2_ws/src/ecat_ros2_workshop/build/scara_hardware
[1.132s] Level 1:colcon.colcon_core.environment:create_environment_scripts_only(scara_hardware)
[1.133s] Level 1:colcon.colcon_core.environment:checking '/home/mpr/info_indus/ros2_ws/src/ecat_ros2_workshop/install/scara_hardware' for CMake module files
[1.133s] DEBUG:colcon.colcon_core.event_handler.log_command:Invoked command in '/home/mpr/info_indus/ros2_ws/src/ecat_ros2_workshop/build/scara_hardware' returned '0': CMAKE_PREFIX_PATH=/home/mpr/info_indus/ros2_ws/src/ecat_ros2_workshop/install/scara_description:/home/mpr/info_indus/ros2_ws/src/ecat_ros2_workshop/install/scara_nodes:/home/mpr/info_indus/ros2_ws/src/ecat_ros2_workshop/install/scara_joint_velocity_controller:/home/mpr/info_indus/ros2_ws/src/ecat_ros2_workshop/install/scara_hardware:/home/mpr/info_indus/ros2_ws/src/ecat_ros2_workshop/install/scara_bringup:/opt/ros/jazzy/opt/gz_sim_vendor:/opt/ros/jazzy/opt/gz_sensors_vendor:/opt/ros/jazzy/opt/gz_physics_vendor:/opt/ros/jazzy/opt/sdformat_vendor:/opt/ros/jazzy/opt/gz_gui_vendor:/opt/ros/jazzy/opt/gz_transport_vendor:/opt/ros/jazzy/opt/gz_rendering_vendor:/opt/ros/jazzy/opt/gz_plugin_vendor:/opt/ros/jazzy/opt/gz_fuel_tools_vendor:/opt/ros/jazzy/opt/gz_msgs_vendor:/opt/ros/jazzy/opt/gz_common_vendor:/opt/ros/jazzy/opt/gz_math_vendor:/opt/ros/jazzy/opt/gz_utils_vendor:/opt/ros/jazzy/opt/gz_tools_vendor:/opt/ros/jazzy/opt/gz_ogre_next_vendor:/opt/ros/jazzy/opt/gz_dartsim_vendor:/opt/ros/jazzy/opt/gz_cmake_vendor:/opt/ros/jazzy DEBUGINFOD_URLS=https://debuginfod.ubuntu.com /usr/bin/cmake --install /home/mpr/info_indus/ros2_ws/src/ecat_ros2_workshop/build/scara_hardware
[1.134s] Level 1:colcon.colcon_core.environment:checking '/home/mpr/info_indus/ros2_ws/src/ecat_ros2_workshop/install/scara_hardware' for CMake config files
[1.135s] Level 1:colcon.colcon_core.shell:create_environment_hook('scara_hardware', 'cmake_prefix_path')
[1.135s] INFO:colcon.colcon_core.shell:Creating environment hook '/home/mpr/info_indus/ros2_ws/src/ecat_ros2_workshop/install/scara_hardware/share/scara_hardware/hook/cmake_prefix_path.ps1'
[1.136s] INFO:colcon.colcon_core.shell:Creating environment descriptor '/home/mpr/info_indus/ros2_ws/src/ecat_ros2_workshop/install/scara_hardware/share/scara_hardware/hook/cmake_prefix_path.dsv'
[1.136s] INFO:colcon.colcon_core.shell:Creating environment hook '/home/mpr/info_indus/ros2_ws/src/ecat_ros2_workshop/install/scara_hardware/share/scara_hardware/hook/cmake_prefix_path.sh'
[1.137s] Level 1:colcon.colcon_core.environment:checking '/home/mpr/info_indus/ros2_ws/src/ecat_ros2_workshop/install/scara_hardware/lib'
[1.137s] Level 1:colcon.colcon_core.shell:create_environment_hook('scara_hardware', 'ld_library_path_lib')
[1.138s] INFO:colcon.colcon_core.shell:Creating environment hook '/home/mpr/info_indus/ros2_ws/src/ecat_ros2_workshop/install/scara_hardware/share/scara_hardware/hook/ld_library_path_lib.ps1'
[1.138s] INFO:colcon.colcon_core.shell:Creating environment descriptor '/home/mpr/info_indus/ros2_ws/src/ecat_ros2_workshop/install/scara_hardware/share/scara_hardware/hook/ld_library_path_lib.dsv'
[1.139s] INFO:colcon.colcon_core.shell:Creating environment hook '/home/mpr/info_indus/ros2_ws/src/ecat_ros2_workshop/install/scara_hardware/share/scara_hardware/hook/ld_library_path_lib.sh'
[1.139s] Level 1:colcon.colcon_core.environment:checking '/home/mpr/info_indus/ros2_ws/src/ecat_ros2_workshop/install/scara_hardware/bin'
[1.139s] Level 1:colcon.colcon_core.environment:checking '/home/mpr/info_indus/ros2_ws/src/ecat_ros2_workshop/install/scara_hardware/lib/pkgconfig/scara_hardware.pc'
[1.140s] Level 1:colcon.colcon_core.environment:checking '/home/mpr/info_indus/ros2_ws/src/ecat_ros2_workshop/install/scara_hardware/lib/python3.12/site-packages'
[1.140s] Level 1:colcon.colcon_core.environment:checking '/home/mpr/info_indus/ros2_ws/src/ecat_ros2_workshop/install/scara_hardware/bin'
[1.141s] INFO:colcon.colcon_core.shell:Creating package script '/home/mpr/info_indus/ros2_ws/src/ecat_ros2_workshop/install/scara_hardware/share/scara_hardware/package.ps1'
[1.141s] INFO:colcon.colcon_core.shell:Creating package descriptor '/home/mpr/info_indus/ros2_ws/src/ecat_ros2_workshop/install/scara_hardware/share/scara_hardware/package.dsv'
[1.142s] INFO:colcon.colcon_core.shell:Creating package script '/home/mpr/info_indus/ros2_ws/src/ecat_ros2_workshop/install/scara_hardware/share/scara_hardware/package.sh'
[1.143s] INFO:colcon.colcon_core.shell:Creating package script '/home/mpr/info_indus/ros2_ws/src/ecat_ros2_workshop/install/scara_hardware/share/scara_hardware/package.bash'
[1.143s] INFO:colcon.colcon_core.shell:Creating package script '/home/mpr/info_indus/ros2_ws/src/ecat_ros2_workshop/install/scara_hardware/share/scara_hardware/package.zsh'
[1.144s] Level 1:colcon.colcon_core.environment:create_file_with_runtime_dependencies(/home/mpr/info_indus/ros2_ws/src/ecat_ros2_workshop/install/scara_hardware/share/colcon-core/packages/scara_hardware)
[1.144s] Level 1:colcon.colcon_core.environment:create_environment_scripts_only(scara_hardware)
[1.145s] Level 1:colcon.colcon_core.environment:checking '/home/mpr/info_indus/ros2_ws/src/ecat_ros2_workshop/install/scara_hardware' for CMake module files
[1.146s] Level 1:colcon.colcon_core.environment:checking '/home/mpr/info_indus/ros2_ws/src/ecat_ros2_workshop/install/scara_hardware' for CMake config files
[1.146s] Level 1:colcon.colcon_core.shell:create_environment_hook('scara_hardware', 'cmake_prefix_path')
[1.147s] INFO:colcon.colcon_core.shell:Creating environment hook '/home/mpr/info_indus/ros2_ws/src/ecat_ros2_workshop/install/scara_hardware/share/scara_hardware/hook/cmake_prefix_path.ps1'
[1.147s] INFO:colcon.colcon_core.shell:Creating environment descriptor '/home/mpr/info_indus/ros2_ws/src/ecat_ros2_workshop/install/scara_hardware/share/scara_hardware/hook/cmake_prefix_path.dsv'
[1.148s] INFO:colcon.colcon_core.shell:Creating environment hook '/home/mpr/info_indus/ros2_ws/src/ecat_ros2_workshop/install/scara_hardware/share/scara_hardware/hook/cmake_prefix_path.sh'
[1.149s] Level 1:colcon.colcon_core.environment:checking '/home/mpr/info_indus/ros2_ws/src/ecat_ros2_workshop/install/scara_hardware/lib'
[1.149s] Level 1:colcon.colcon_core.shell:create_environment_hook('scara_hardware', 'ld_library_path_lib')
[1.149s] INFO:colcon.colcon_core.shell:Creating environment hook '/home/mpr/info_indus/ros2_ws/src/ecat_ros2_workshop/install/scara_hardware/share/scara_hardware/hook/ld_library_path_lib.ps1'
[1.149s] INFO:colcon.colcon_core.shell:Creating environment descriptor '/home/mpr/info_indus/ros2_ws/src/ecat_ros2_workshop/install/scara_hardware/share/scara_hardware/hook/ld_library_path_lib.dsv'
[1.150s] INFO:colcon.colcon_core.shell:Creating environment hook '/home/mpr/info_indus/ros2_ws/src/ecat_ros2_workshop/install/scara_hardware/share/scara_hardware/hook/ld_library_path_lib.sh'
[1.151s] Level 1:colcon.colcon_core.environment:checking '/home/mpr/info_indus/ros2_ws/src/ecat_ros2_workshop/install/scara_hardware/bin'
[1.151s] Level 1:colcon.colcon_core.environment:checking '/home/mpr/info_indus/ros2_ws/src/ecat_ros2_workshop/install/scara_hardware/lib/pkgconfig/scara_hardware.pc'
[1.151s] Level 1:colcon.colcon_core.environment:checking '/home/mpr/info_indus/ros2_ws/src/ecat_ros2_workshop/install/scara_hardware/lib/python3.12/site-packages'
[1.152s] Level 1:colcon.colcon_core.environment:checking '/home/mpr/info_indus/ros2_ws/src/ecat_ros2_workshop/install/scara_hardware/bin'
[1.152s] INFO:colcon.colcon_core.shell:Creating package script '/home/mpr/info_indus/ros2_ws/src/ecat_ros2_workshop/install/scara_hardware/share/scara_hardware/package.ps1'
[1.153s] INFO:colcon.colcon_core.shell:Creating package descriptor '/home/mpr/info_indus/ros2_ws/src/ecat_ros2_workshop/install/scara_hardware/share/scara_hardware/package.dsv'
[1.154s] INFO:colcon.colcon_core.shell:Creating package script '/home/mpr/info_indus/ros2_ws/src/ecat_ros2_workshop/install/scara_hardware/share/scara_hardware/package.sh'
[1.154s] INFO:colcon.colcon_core.shell:Creating package script '/home/mpr/info_indus/ros2_ws/src/ecat_ros2_workshop/install/scara_hardware/share/scara_hardware/package.bash'
[1.154s] INFO:colcon.colcon_core.shell:Creating package script '/home/mpr/info_indus/ros2_ws/src/ecat_ros2_workshop/install/scara_hardware/share/scara_hardware/package.zsh'
[1.155s] Level 1:colcon.colcon_core.environment:create_file_with_runtime_dependencies(/home/mpr/info_indus/ros2_ws/src/ecat_ros2_workshop/install/scara_hardware/share/colcon-core/packages/scara_hardware)
[1.155s] DEBUG:colcon.colcon_parallel_executor.executor.parallel:closing loop
[1.156s] DEBUG:colcon.colcon_parallel_executor.executor.parallel:loop closed
[1.156s] DEBUG:colcon.colcon_parallel_executor.executor.parallel:run_until_complete finished with '0'
[1.156s] DEBUG:colcon.colcon_core.event_reactor:joining thread
[1.157s] DEBUG:colcon.colcon_core.event_reactor:joined thread
[1.157s] INFO:colcon.colcon_core.shell:Creating prefix script '/home/mpr/info_indus/ros2_ws/src/ecat_ros2_workshop/install/local_setup.ps1'
[1.158s] INFO:colcon.colcon_core.shell:Creating prefix util module '/home/mpr/info_indus/ros2_ws/src/ecat_ros2_workshop/install/_local_setup_util_ps1.py'
[1.160s] INFO:colcon.colcon_core.shell:Creating prefix chain script '/home/mpr/info_indus/ros2_ws/src/ecat_ros2_workshop/install/setup.ps1'
[1.161s] INFO:colcon.colcon_core.shell:Creating prefix script '/home/mpr/info_indus/ros2_ws/src/ecat_ros2_workshop/install/local_setup.sh'
[1.163s] INFO:colcon.colcon_core.shell:Creating prefix util module '/home/mpr/info_indus/ros2_ws/src/ecat_ros2_workshop/install/_local_setup_util_sh.py'
[1.164s] INFO:colcon.colcon_core.shell:Creating prefix chain script '/home/mpr/info_indus/ros2_ws/src/ecat_ros2_workshop/install/setup.sh'
[1.167s] INFO:colcon.colcon_core.shell:Creating prefix script '/home/mpr/info_indus/ros2_ws/src/ecat_ros2_workshop/install/local_setup.bash'
[1.168s] INFO:colcon.colcon_core.shell:Creating prefix chain script '/home/mpr/info_indus/ros2_ws/src/ecat_ros2_workshop/install/setup.bash'
[1.170s] INFO:colcon.colcon_core.shell:Creating prefix script '/home/mpr/info_indus/ros2_ws/src/ecat_ros2_workshop/install/local_setup.zsh'
[1.170s] INFO:colcon.colcon_core.shell:Creating prefix chain script '/home/mpr/info_indus/ros2_ws/src/ecat_ros2_workshop/install/setup.zsh'
