[0.067s] Invoking command in '/home/mpr/info_indus/ros2_ws/src/ecat_ros2_workshop/build/scara_joint_velocity_controller': CMAKE_PREFIX_PATH=${CMAKE_PREFIX_PATH}:/opt/ros/jazzy DEBUGINFOD_URLS=https://debuginfod.ubuntu.com /usr/bin/cmake --build /home/mpr/info_indus/ros2_ws/src/ecat_ros2_workshop/build/scara_joint_velocity_controller -- -j4 -l4
[0.448s] [100%] Built target scara_joint_velocity_controller
[0.554s] Invoked command in '/home/mpr/info_indus/ros2_ws/src/ecat_ros2_workshop/build/scara_joint_velocity_controller' returned '0': CMAKE_PREFIX_PATH=${CMAKE_PREFIX_PATH}:/opt/ros/jazzy DEBUGINFOD_URLS=https://debuginfod.ubuntu.com /usr/bin/cmake --build /home/mpr/info_indus/ros2_ws/src/ecat_ros2_workshop/build/scara_joint_velocity_controller -- -j4 -l4
[0.559s] Invoking command in '/home/mpr/info_indus/ros2_ws/src/ecat_ros2_workshop/build/scara_joint_velocity_controller': CMAKE_PREFIX_PATH=${CMAKE_PREFIX_PATH}:/opt/ros/jazzy DEBUGINFOD_URLS=https://debuginfod.ubuntu.com /usr/bin/cmake --install /home/mpr/info_indus/ros2_ws/src/ecat_ros2_workshop/build/scara_joint_velocity_controller
[0.609s] -- Install configuration: "Release"
[0.609s] -- Execute custom install script
[0.610s] -- Up-to-date symlink: /home/mpr/info_indus/ros2_ws/src/ecat_ros2_workshop/install/scara_joint_velocity_controller/share/scara_joint_velocity_controller//controller_plugin.xml
[0.610s] -- Up-to-date symlink: /home/mpr/info_indus/ros2_ws/src/ecat_ros2_workshop/install/scara_joint_velocity_controller/include/scara_joint_velocity_controller/scara_joint_velocity_controller.hpp
[0.612s] -- Up-to-date symlink: /home/mpr/info_indus/ros2_ws/src/ecat_ros2_workshop/install/scara_joint_velocity_controller/include/scara_joint_velocity_controller/visibility_control.h
[0.612s] -- Up-to-date symlink: /home/mpr/info_indus/ros2_ws/src/ecat_ros2_workshop/install/scara_joint_velocity_controller/lib/libscara_joint_velocity_controller.so
[0.613s] -- Up-to-date symlink: /home/mpr/info_indus/ros2_ws/src/ecat_ros2_workshop/install/scara_joint_velocity_controller/share/scara_joint_velocity_controller/environment/library_path.sh
[0.613s] -- Up-to-date symlink: /home/mpr/info_indus/ros2_ws/src/ecat_ros2_workshop/install/scara_joint_velocity_controller/share/scara_joint_velocity_controller/environment/library_path.dsv
[0.613s] -- Up-to-date symlink: /home/mpr/info_indus/ros2_ws/src/ecat_ros2_workshop/install/scara_joint_velocity_controller/share/ament_index/resource_index/package_run_dependencies/scara_joint_velocity_controller
[0.613s] -- Up-to-date symlink: /home/mpr/info_indus/ros2_ws/src/ecat_ros2_workshop/install/scara_joint_velocity_controller/share/ament_index/resource_index/parent_prefix_path/scara_joint_velocity_controller
[0.613s] -- Up-to-date symlink: /home/mpr/info_indus/ros2_ws/src/ecat_ros2_workshop/install/scara_joint_velocity_controller/share/scara_joint_velocity_controller/environment/ament_prefix_path.sh
[0.613s] -- Up-to-date symlink: /home/mpr/info_indus/ros2_ws/src/ecat_ros2_workshop/install/scara_joint_velocity_controller/share/scara_joint_velocity_controller/environment/ament_prefix_path.dsv
[0.614s] -- Up-to-date symlink: /home/mpr/info_indus/ros2_ws/src/ecat_ros2_workshop/install/scara_joint_velocity_controller/share/scara_joint_velocity_controller/environment/path.sh
[0.614s] -- Up-to-date symlink: /home/mpr/info_indus/ros2_ws/src/ecat_ros2_workshop/install/scara_joint_velocity_controller/share/scara_joint_velocity_controller/environment/path.dsv
[0.614s] -- Up-to-date symlink: /home/mpr/info_indus/ros2_ws/src/ecat_ros2_workshop/install/scara_joint_velocity_controller/share/scara_joint_velocity_controller/local_setup.bash
[0.617s] -- Up-to-date symlink: /home/mpr/info_indus/ros2_ws/src/ecat_ros2_workshop/install/scara_joint_velocity_controller/share/scara_joint_velocity_controller/local_setup.sh
[0.618s] -- Up-to-date symlink: /home/mpr/info_indus/ros2_ws/src/ecat_ros2_workshop/install/scara_joint_velocity_controller/share/scara_joint_velocity_controller/local_setup.zsh
[0.618s] -- Up-to-date symlink: /home/mpr/info_indus/ros2_ws/src/ecat_ros2_workshop/install/scara_joint_velocity_controller/share/scara_joint_velocity_controller/local_setup.dsv
[0.619s] -- Symlinking: /home/mpr/info_indus/ros2_ws/src/ecat_ros2_workshop/install/scara_joint_velocity_controller/share/scara_joint_velocity_controller/package.dsv
[0.624s] -- Up-to-date symlink: /home/mpr/info_indus/ros2_ws/src/ecat_ros2_workshop/install/scara_joint_velocity_controller/share/ament_index/resource_index/packages/scara_joint_velocity_controller
[0.625s] -- Up-to-date symlink: /home/mpr/info_indus/ros2_ws/src/ecat_ros2_workshop/install/scara_joint_velocity_controller/share/ament_index/resource_index/controller_interface__pluginlib__plugin/scara_joint_velocity_controller
[0.626s] -- Up-to-date symlink: /home/mpr/info_indus/ros2_ws/src/ecat_ros2_workshop/install/scara_joint_velocity_controller/share/scara_joint_velocity_controller/cmake/ament_cmake_export_dependencies-extras.cmake
[0.627s] -- Up-to-date symlink: /home/mpr/info_indus/ros2_ws/src/ecat_ros2_workshop/install/scara_joint_velocity_controller/share/scara_joint_velocity_controller/cmake/ament_cmake_export_include_directories-extras.cmake
[0.627s] -- Up-to-date symlink: /home/mpr/info_indus/ros2_ws/src/ecat_ros2_workshop/install/scara_joint_velocity_controller/share/scara_joint_velocity_controller/cmake/ament_cmake_export_libraries-extras.cmake
[0.629s] -- Up-to-date symlink: /home/mpr/info_indus/ros2_ws/src/ecat_ros2_workshop/install/scara_joint_velocity_controller/share/scara_joint_velocity_controller/cmake/scara_joint_velocity_controllerConfig.cmake
[0.630s] -- Up-to-date symlink: /home/mpr/info_indus/ros2_ws/src/ecat_ros2_workshop/install/scara_joint_velocity_controller/share/scara_joint_velocity_controller/cmake/scara_joint_velocity_controllerConfig-version.cmake
[0.634s] -- Up-to-date symlink: /home/mpr/info_indus/ros2_ws/src/ecat_ros2_workshop/install/scara_joint_velocity_controller/share/scara_joint_velocity_controller/package.xml
[0.644s] Invoked command in '/home/mpr/info_indus/ros2_ws/src/ecat_ros2_workshop/build/scara_joint_velocity_controller' returned '0': CMAKE_PREFIX_PATH=${CMAKE_PREFIX_PATH}:/opt/ros/jazzy DEBUGINFOD_URLS=https://debuginfod.ubuntu.com /usr/bin/cmake --install /home/mpr/info_indus/ros2_ws/src/ecat_ros2_workshop/build/scara_joint_velocity_controller
